[2022-10-02T13:24:49.432-0400][0.007s] CardTable entry size: 512
[2022-10-02T13:24:49.432-0400][0.008s] Using G1
[2022-10-02T13:24:49.660-0400][0.235s] Version: 18+36-2087 (release)
[2022-10-02T13:24:49.660-0400][0.235s] CPUs: 8 total, 8 available
[2022-10-02T13:24:49.660-0400][0.235s] Memory: 16384M
[2022-10-02T13:24:49.660-0400][0.236s] Large Page Support: Disabled
[2022-10-02T13:24:49.660-0400][0.236s] NUMA Support: Disabled
[2022-10-02T13:24:49.660-0400][0.236s] Compressed Oops: Enabled (Zero based)
[2022-10-02T13:24:49.660-0400][0.236s] Heap Region Size: 1M
[2022-10-02T13:24:49.660-0400][0.236s] Heap Min Capacity: 512M
[2022-10-02T13:24:49.660-0400][0.236s] Heap Initial Capacity: 512M
[2022-10-02T13:24:49.660-0400][0.236s] Heap Max Capacity: 512M
[2022-10-02T13:24:49.660-0400][0.236s] Pre-touch: Enabled
[2022-10-02T13:24:49.660-0400][0.236s] Parallel Workers: 8
[2022-10-02T13:24:49.660-0400][0.236s] Concurrent Workers: 2
[2022-10-02T13:24:49.660-0400][0.236s] Concurrent Refinement Workers: 8
[2022-10-02T13:24:49.660-0400][0.236s] Periodic GC: Disabled
[2022-10-02T13:24:49.661-0400][0.236s] CDS archive(s) mapped at: [0x0000000800000000-0x0000000800ba8000-0x0000000800ba8000), size 12222464, SharedBaseAddress: 0x0000000800000000, ArchiveRelocationMode: 0.
[2022-10-02T13:24:49.661-0400][0.236s] Compressed class space mapped at: 0x0000000800c00000-0x0000000840c00000, reserved size: 1073741824
[2022-10-02T13:24:49.661-0400][0.236s] Narrow klass base: 0x0000000800000000, Narrow klass shift: 0, Narrow klass range: 0x100000000
[2022-10-02T13:24:50.498-0400][1.074s] GC(0) Pause Young (Normal) (G1 Evacuation Pause)
[2022-10-02T13:24:50.499-0400][1.074s] GC(0) Using 8 workers of 8 for evacuation
[2022-10-02T13:24:50.502-0400][1.077s] GC(0)   Pre Evacuate Collection Set: 0.1ms
[2022-10-02T13:24:50.502-0400][1.077s] GC(0)   Merge Heap Roots: 0.1ms
[2022-10-02T13:24:50.502-0400][1.077s] GC(0)   Evacuate Collection Set: 2.2ms
[2022-10-02T13:24:50.502-0400][1.077s] GC(0)   Post Evacuate Collection Set: 0.5ms
[2022-10-02T13:24:50.502-0400][1.077s] GC(0)   Other: 0.5ms
[2022-10-02T13:24:50.502-0400][1.077s] GC(0) Eden regions: 29->0(70)
[2022-10-02T13:24:50.502-0400][1.077s] GC(0) Survivor regions: 0->4(4)
[2022-10-02T13:24:50.502-0400][1.077s] GC(0) Old regions: 0->1
[2022-10-02T13:24:50.502-0400][1.077s] GC(0) Archive regions: 2->2
[2022-10-02T13:24:50.502-0400][1.077s] GC(0) Humongous regions: 0->0
[2022-10-02T13:24:50.502-0400][1.077s] GC(0) Metaspace: 9763K(10048K)->9763K(10048K) NonClass: 8628K(8768K)->8628K(8768K) Class: 1135K(1280K)->1135K(1280K)
[2022-10-02T13:24:50.502-0400][1.077s] GC(0) Pause Young (Normal) (G1 Evacuation Pause) 29M->5M(512M) 3.776ms
[2022-10-02T13:24:50.502-0400][1.077s] GC(0) User=0.02s Sys=0.00s Real=0.01s
[2022-10-02T13:24:51.243-0400][1.818s] GC(1) Pause Young (Normal) (G1 Evacuation Pause)
[2022-10-02T13:24:51.243-0400][1.818s] GC(1) Using 8 workers of 8 for evacuation
[2022-10-02T13:24:51.250-0400][1.825s] GC(1)   Pre Evacuate Collection Set: 0.1ms
[2022-10-02T13:24:51.250-0400][1.826s] GC(1)   Merge Heap Roots: 0.1ms
[2022-10-02T13:24:51.250-0400][1.826s] GC(1)   Evacuate Collection Set: 5.6ms
[2022-10-02T13:24:51.250-0400][1.826s] GC(1)   Post Evacuate Collection Set: 1.1ms
[2022-10-02T13:24:51.250-0400][1.826s] GC(1)   Other: 0.1ms
[2022-10-02T13:24:51.250-0400][1.826s] GC(1) Eden regions: 67->0(89)
[2022-10-02T13:24:51.250-0400][1.826s] GC(1) Survivor regions: 4->9(9)
[2022-10-02T13:24:51.250-0400][1.826s] GC(1) Old regions: 1->11
[2022-10-02T13:24:51.250-0400][1.826s] GC(1) Archive regions: 2->2
[2022-10-02T13:24:51.250-0400][1.826s] GC(1) Humongous regions: 4->4
[2022-10-02T13:24:51.250-0400][1.826s] GC(1) Metaspace: 18601K(18944K)->18601K(18944K) NonClass: 16453K(16640K)->16453K(16640K) Class: 2148K(2304K)->2148K(2304K)
[2022-10-02T13:24:51.250-0400][1.826s] GC(1) Pause Young (Normal) (G1 Evacuation Pause) 76M->24M(512M) 7.365ms
[2022-10-02T13:24:51.250-0400][1.826s] GC(1) User=0.03s Sys=0.00s Real=0.01s
[2022-10-02T13:24:51.399-0400][1.974s] GC(2) Pause Young (Concurrent Start) (Metadata GC Threshold)
[2022-10-02T13:24:51.399-0400][1.974s] GC(2) Using 8 workers of 8 for evacuation
[2022-10-02T13:24:51.403-0400][1.978s] GC(2)   Pre Evacuate Collection Set: 0.3ms
[2022-10-02T13:24:51.403-0400][1.979s] GC(2)   Merge Heap Roots: 0.1ms
[2022-10-02T13:24:51.403-0400][1.979s] GC(2)   Evacuate Collection Set: 2.9ms
[2022-10-02T13:24:51.403-0400][1.979s] GC(2)   Post Evacuate Collection Set: 0.6ms
[2022-10-02T13:24:51.403-0400][1.979s] GC(2)   Other: 0.1ms
[2022-10-02T13:24:51.403-0400][1.979s] GC(2) Eden regions: 10->0(182)
[2022-10-02T13:24:51.403-0400][1.979s] GC(2) Survivor regions: 9->1(13)
[2022-10-02T13:24:51.403-0400][1.979s] GC(2) Old regions: 11->20
[2022-10-02T13:24:51.403-0400][1.979s] GC(2) Archive regions: 2->2
[2022-10-02T13:24:51.403-0400][1.979s] GC(2) Humongous regions: 4->4
[2022-10-02T13:24:51.403-0400][1.979s] GC(2) Metaspace: 21197K(21504K)->21197K(21504K) NonClass: 18830K(19008K)->18830K(19008K) Class: 2366K(2496K)->2366K(2496K)
[2022-10-02T13:24:51.403-0400][1.979s] GC(2) Pause Young (Concurrent Start) (Metadata GC Threshold) 34M->25M(512M) 4.331ms
[2022-10-02T13:24:51.403-0400][1.979s] GC(2) User=0.01s Sys=0.01s Real=0.01s
[2022-10-02T13:24:51.403-0400][1.979s] GC(3) Concurrent Mark Cycle
[2022-10-02T13:24:51.403-0400][1.979s] GC(3) Concurrent Clear Claimed Marks
[2022-10-02T13:24:51.403-0400][1.979s] GC(3) Concurrent Clear Claimed Marks 0.014ms
[2022-10-02T13:24:51.403-0400][1.979s] GC(3) Concurrent Scan Root Regions
[2022-10-02T13:24:51.405-0400][1.980s] GC(3) Concurrent Scan Root Regions 1.364ms
[2022-10-02T13:24:51.405-0400][1.980s] GC(3) Concurrent Mark
[2022-10-02T13:24:51.405-0400][1.980s] GC(3) Concurrent Mark From Roots
[2022-10-02T13:24:51.405-0400][1.980s] GC(3) Using 2 workers of 2 for marking
[2022-10-02T13:24:51.412-0400][1.987s] GC(3) Concurrent Mark From Roots 6.849ms
[2022-10-02T13:24:51.412-0400][1.987s] GC(3) Concurrent Preclean
[2022-10-02T13:24:51.412-0400][1.987s] GC(3) Concurrent Preclean 0.019ms
[2022-10-02T13:24:51.412-0400][1.987s] GC(3) Pause Remark
[2022-10-02T13:24:51.413-0400][1.989s] GC(3) Pause Remark 26M->26M(512M) 1.323ms
[2022-10-02T13:24:51.413-0400][1.989s] GC(3) User=0.01s Sys=0.00s Real=0.00s
[2022-10-02T13:24:51.413-0400][1.989s] GC(3) Concurrent Mark 8.497ms
[2022-10-02T13:24:51.413-0400][1.989s] GC(3) Concurrent Rebuild Remembered Sets
[2022-10-02T13:24:51.419-0400][1.994s] GC(3) Concurrent Rebuild Remembered Sets 5.386ms
[2022-10-02T13:24:51.419-0400][1.995s] GC(3) Pause Cleanup
[2022-10-02T13:24:51.419-0400][1.995s] GC(3) Pause Cleanup 26M->26M(512M) 0.089ms
[2022-10-02T13:24:51.419-0400][1.995s] GC(3) User=0.01s Sys=0.00s Real=0.00s
[2022-10-02T13:24:51.419-0400][1.995s] GC(3) Concurrent Cleanup for Next Mark
[2022-10-02T13:24:51.420-0400][1.996s] GC(3) Concurrent Cleanup for Next Mark 0.757ms
[2022-10-02T13:24:51.420-0400][1.996s] GC(3) Concurrent Mark Cycle 16.833ms
[2022-10-02T13:24:53.007-0400][3.582s] GC(4) Pause Young (Prepare Mixed) (Metadata GC Threshold)
[2022-10-02T13:24:53.007-0400][3.583s] GC(4) Using 8 workers of 8 for evacuation
[2022-10-02T13:24:53.011-0400][3.587s] GC(4)   Pre Evacuate Collection Set: 0.1ms
[2022-10-02T13:24:53.011-0400][3.587s] GC(4)   Merge Heap Roots: 0.1ms
[2022-10-02T13:24:53.011-0400][3.587s] GC(4)   Evacuate Collection Set: 3.0ms
[2022-10-02T13:24:53.011-0400][3.587s] GC(4)   Post Evacuate Collection Set: 0.8ms
[2022-10-02T13:24:53.011-0400][3.587s] GC(4)   Other: 0.1ms
[2022-10-02T13:24:53.011-0400][3.587s] GC(4) Eden regions: 103->0(15)
[2022-10-02T13:24:53.011-0400][3.587s] GC(4) Survivor regions: 1->10(23)
[2022-10-02T13:24:53.011-0400][3.587s] GC(4) Old regions: 20->20
[2022-10-02T13:24:53.011-0400][3.587s] GC(4) Archive regions: 2->2
[2022-10-02T13:24:53.011-0400][3.587s] GC(4) Humongous regions: 7->5
[2022-10-02T13:24:53.011-0400][3.587s] GC(4) Metaspace: 35877K(36288K)->35877K(36288K) NonClass: 31720K(31936K)->31720K(31936K) Class: 4157K(4352K)->4157K(4352K)
[2022-10-02T13:24:53.011-0400][3.587s] GC(4) Pause Young (Prepare Mixed) (Metadata GC Threshold) 130M->35M(512M) 4.361ms
[2022-10-02T13:24:53.012-0400][3.587s] GC(4) User=0.03s Sys=0.00s Real=0.01s
[2022-10-02T13:24:53.048-0400][3.624s] GC(5) Pause Young (Mixed) (Metadata GC Threshold)
[2022-10-02T13:24:53.048-0400][3.624s] GC(5) Using 8 workers of 8 for evacuation
[2022-10-02T13:24:53.053-0400][3.629s] GC(5)   Pre Evacuate Collection Set: 0.1ms
[2022-10-02T13:24:53.053-0400][3.629s] GC(5)   Merge Heap Roots: 0.1ms
[2022-10-02T13:24:53.053-0400][3.629s] GC(5)   Evacuate Collection Set: 3.9ms
[2022-10-02T13:24:53.053-0400][3.629s] GC(5)   Post Evacuate Collection Set: 0.6ms
[2022-10-02T13:24:53.053-0400][3.629s] GC(5)   Other: 0.1ms
[2022-10-02T13:24:53.053-0400][3.629s] GC(5) Eden regions: 2->0(306)
[2022-10-02T13:24:53.053-0400][3.629s] GC(5) Survivor regions: 10->1(4)
[2022-10-02T13:24:53.053-0400][3.629s] GC(5) Old regions: 20->29
[2022-10-02T13:24:53.053-0400][3.629s] GC(5) Archive regions: 2->2
[2022-10-02T13:24:53.053-0400][3.629s] GC(5) Humongous regions: 5->5
[2022-10-02T13:24:53.053-0400][3.629s] GC(5) Metaspace: 36256K(36608K)->36256K(36608K) NonClass: 32050K(32192K)->32050K(32192K) Class: 4205K(4416K)->4205K(4416K)
[2022-10-02T13:24:53.053-0400][3.629s] GC(5) Pause Young (Mixed) (Metadata GC Threshold) 37M->35M(512M) 5.084ms
[2022-10-02T13:24:53.053-0400][3.629s] GC(5) User=0.02s Sys=0.00s Real=0.01s
[2022-10-02T13:24:53.088-0400][3.664s] GC(6) Pause Young (Concurrent Start) (Metadata GC Threshold)
[2022-10-02T13:24:53.088-0400][3.664s] GC(6) Using 8 workers of 8 for evacuation
[2022-10-02T13:24:53.090-0400][3.665s] GC(6)   Pre Evacuate Collection Set: 0.2ms
[2022-10-02T13:24:53.090-0400][3.665s] GC(6)   Merge Heap Roots: 0.0ms
[2022-10-02T13:24:53.090-0400][3.665s] GC(6)   Evacuate Collection Set: 0.5ms
[2022-10-02T13:24:53.090-0400][3.665s] GC(6)   Post Evacuate Collection Set: 0.3ms
[2022-10-02T13:24:53.090-0400][3.665s] GC(6)   Other: 0.1ms
[2022-10-02T13:24:53.090-0400][3.665s] GC(6) Eden regions: 2->0(306)
[2022-10-02T13:24:53.090-0400][3.665s] GC(6) Survivor regions: 1->1(39)
[2022-10-02T13:24:53.090-0400][3.665s] GC(6) Old regions: 29->29
[2022-10-02T13:24:53.090-0400][3.665s] GC(6) Archive regions: 2->2
[2022-10-02T13:24:53.090-0400][3.665s] GC(6) Humongous regions: 5->5
[2022-10-02T13:24:53.090-0400][3.665s] GC(6) Metaspace: 36537K(36928K)->36537K(36928K) NonClass: 32297K(32512K)->32297K(32512K) Class: 4239K(4416K)->4239K(4416K)
[2022-10-02T13:24:53.090-0400][3.665s] GC(6) Pause Young (Concurrent Start) (Metadata GC Threshold) 37M->35M(512M) 1.356ms
[2022-10-02T13:24:53.090-0400][3.665s] GC(6) User=0.00s Sys=0.00s Real=0.01s
[2022-10-02T13:24:53.090-0400][3.665s] GC(7) Concurrent Mark Cycle
[2022-10-02T13:24:53.090-0400][3.665s] GC(7) Concurrent Clear Claimed Marks
[2022-10-02T13:24:53.090-0400][3.665s] GC(7) Concurrent Clear Claimed Marks 0.014ms
[2022-10-02T13:24:53.090-0400][3.665s] GC(7) Concurrent Scan Root Regions
[2022-10-02T13:24:53.090-0400][3.666s] GC(7) Concurrent Scan Root Regions 0.513ms
[2022-10-02T13:24:53.090-0400][3.666s] GC(7) Concurrent Mark
[2022-10-02T13:24:53.090-0400][3.666s] GC(7) Concurrent Mark From Roots
[2022-10-02T13:24:53.090-0400][3.666s] GC(7) Using 2 workers of 2 for marking
[2022-10-02T13:24:53.104-0400][3.679s] GC(7) Concurrent Mark From Roots 13.605ms
[2022-10-02T13:24:53.104-0400][3.679s] GC(7) Concurrent Preclean
[2022-10-02T13:24:53.104-0400][3.679s] GC(7) Concurrent Preclean 0.050ms
[2022-10-02T13:24:53.104-0400][3.680s] GC(7) Pause Remark
[2022-10-02T13:24:53.106-0400][3.682s] GC(7) Pause Remark 36M->36M(512M) 2.053ms
[2022-10-02T13:24:53.106-0400][3.682s] GC(7) User=0.01s Sys=0.00s Real=0.00s
[2022-10-02T13:24:53.106-0400][3.682s] GC(7) Concurrent Mark 16.071ms
[2022-10-02T13:24:53.106-0400][3.682s] GC(7) Concurrent Rebuild Remembered Sets
[2022-10-02T13:24:53.115-0400][3.690s] GC(7) Concurrent Rebuild Remembered Sets 8.038ms
[2022-10-02T13:24:53.115-0400][3.690s] GC(7) Pause Cleanup
[2022-10-02T13:24:53.115-0400][3.690s] GC(7) Pause Cleanup 36M->36M(512M) 0.091ms
[2022-10-02T13:24:53.115-0400][3.690s] GC(7) User=0.00s Sys=0.00s Real=0.00s
[2022-10-02T13:24:53.115-0400][3.690s] GC(7) Concurrent Cleanup for Next Mark
[2022-10-02T13:24:53.116-0400][3.691s] GC(7) Concurrent Cleanup for Next Mark 0.760ms
[2022-10-02T13:24:53.116-0400][3.691s] GC(7) Concurrent Mark Cycle 25.976ms
