[2022-10-02T13:39:11.324-0400][0.008s] CardTable entry size: 512
[2022-10-02T13:39:11.324-0400][0.008s] Using G1
[2022-10-02T13:39:11.540-0400][0.224s] Version: 18+36-2087 (release)
[2022-10-02T13:39:11.540-0400][0.224s] CPUs: 8 total, 8 available
[2022-10-02T13:39:11.540-0400][0.224s] Memory: 16384M
[2022-10-02T13:39:11.540-0400][0.224s] Large Page Support: Disabled
[2022-10-02T13:39:11.540-0400][0.224s] NUMA Support: Disabled
[2022-10-02T13:39:11.540-0400][0.224s] Compressed Oops: Enabled (Zero based)
[2022-10-02T13:39:11.540-0400][0.224s] Heap Region Size: 1M
[2022-10-02T13:39:11.540-0400][0.224s] Heap Min Capacity: 512M
[2022-10-02T13:39:11.540-0400][0.224s] Heap Initial Capacity: 512M
[2022-10-02T13:39:11.540-0400][0.224s] Heap Max Capacity: 512M
[2022-10-02T13:39:11.540-0400][0.224s] Pre-touch: Enabled
[2022-10-02T13:39:11.540-0400][0.224s] Parallel Workers: 8
[2022-10-02T13:39:11.540-0400][0.224s] Concurrent Workers: 2
[2022-10-02T13:39:11.540-0400][0.224s] Concurrent Refinement Workers: 8
[2022-10-02T13:39:11.540-0400][0.224s] Periodic GC: Disabled
[2022-10-02T13:39:11.541-0400][0.225s] CDS archive(s) mapped at: [0x0000000800000000-0x0000000800ba8000-0x0000000800ba8000), size 12222464, SharedBaseAddress: 0x0000000800000000, ArchiveRelocationMode: 0.
[2022-10-02T13:39:11.541-0400][0.225s] Compressed class space mapped at: 0x0000000800c00000-0x0000000840c00000, reserved size: 1073741824
[2022-10-02T13:39:11.541-0400][0.225s] Narrow klass base: 0x0000000800000000, Narrow klass shift: 0, Narrow klass range: 0x100000000
[2022-10-02T13:39:12.328-0400][1.012s] GC(0) Pause Young (Normal) (G1 Evacuation Pause)
[2022-10-02T13:39:12.329-0400][1.012s] GC(0) Using 8 workers of 8 for evacuation
[2022-10-02T13:39:12.332-0400][1.016s] GC(0)   Pre Evacuate Collection Set: 0.1ms
[2022-10-02T13:39:12.332-0400][1.016s] GC(0)   Merge Heap Roots: 0.1ms
[2022-10-02T13:39:12.332-0400][1.016s] GC(0)   Evacuate Collection Set: 2.5ms
[2022-10-02T13:39:12.332-0400][1.016s] GC(0)   Post Evacuate Collection Set: 0.6ms
[2022-10-02T13:39:12.332-0400][1.016s] GC(0)   Other: 0.9ms
[2022-10-02T13:39:12.332-0400][1.016s] GC(0) Eden regions: 29->0(70)
[2022-10-02T13:39:12.332-0400][1.016s] GC(0) Survivor regions: 0->4(4)
[2022-10-02T13:39:12.332-0400][1.016s] GC(0) Old regions: 0->1
[2022-10-02T13:39:12.332-0400][1.016s] GC(0) Archive regions: 2->2
[2022-10-02T13:39:12.332-0400][1.016s] GC(0) Humongous regions: 0->0
[2022-10-02T13:39:12.332-0400][1.016s] GC(0) Metaspace: 9755K(10048K)->9755K(10048K) NonClass: 8620K(8768K)->8620K(8768K) Class: 1135K(1280K)->1135K(1280K)
[2022-10-02T13:39:12.332-0400][1.016s] GC(0) Pause Young (Normal) (G1 Evacuation Pause) 29M->5M(512M) 4.514ms
[2022-10-02T13:39:12.332-0400][1.016s] GC(0) User=0.02s Sys=0.00s Real=0.01s
[2022-10-02T13:39:12.970-0400][1.654s] GC(1) Pause Young (Normal) (G1 Evacuation Pause)
[2022-10-02T13:39:12.971-0400][1.654s] GC(1) Using 8 workers of 8 for evacuation
[2022-10-02T13:39:12.977-0400][1.661s] GC(1)   Pre Evacuate Collection Set: 0.1ms
[2022-10-02T13:39:12.977-0400][1.661s] GC(1)   Merge Heap Roots: 0.0ms
[2022-10-02T13:39:12.977-0400][1.661s] GC(1)   Evacuate Collection Set: 5.3ms
[2022-10-02T13:39:12.977-0400][1.661s] GC(1)   Post Evacuate Collection Set: 1.1ms
[2022-10-02T13:39:12.977-0400][1.661s] GC(1)   Other: 0.1ms
[2022-10-02T13:39:12.977-0400][1.661s] GC(1) Eden regions: 67->0(74)
[2022-10-02T13:39:12.977-0400][1.661s] GC(1) Survivor regions: 4->9(9)
[2022-10-02T13:39:12.977-0400][1.661s] GC(1) Old regions: 1->11
[2022-10-02T13:39:12.977-0400][1.661s] GC(1) Archive regions: 2->2
[2022-10-02T13:39:12.977-0400][1.661s] GC(1) Humongous regions: 4->4
[2022-10-02T13:39:12.977-0400][1.661s] GC(1) Metaspace: 18591K(18944K)->18591K(18944K) NonClass: 16443K(16640K)->16443K(16640K) Class: 2148K(2304K)->2148K(2304K)
[2022-10-02T13:39:12.977-0400][1.661s] GC(1) Pause Young (Normal) (G1 Evacuation Pause) 76M->23M(512M) 7.001ms
[2022-10-02T13:39:12.977-0400][1.661s] GC(1) User=0.04s Sys=0.00s Real=0.00s
[2022-10-02T13:39:13.081-0400][1.765s] GC(2) Pause Young (Concurrent Start) (Metadata GC Threshold)
[2022-10-02T13:39:13.081-0400][1.765s] GC(2) Using 8 workers of 8 for evacuation
[2022-10-02T13:39:13.085-0400][1.769s] GC(2)   Pre Evacuate Collection Set: 0.2ms
[2022-10-02T13:39:13.085-0400][1.769s] GC(2)   Merge Heap Roots: 0.1ms
[2022-10-02T13:39:13.085-0400][1.769s] GC(2)   Evacuate Collection Set: 2.8ms
[2022-10-02T13:39:13.085-0400][1.769s] GC(2)   Post Evacuate Collection Set: 0.5ms
[2022-10-02T13:39:13.085-0400][1.769s] GC(2)   Other: 0.2ms
[2022-10-02T13:39:13.085-0400][1.769s] GC(2) Eden regions: 11->0(106)
[2022-10-02T13:39:13.085-0400][1.769s] GC(2) Survivor regions: 9->1(11)
[2022-10-02T13:39:13.085-0400][1.769s] GC(2) Old regions: 11->21
[2022-10-02T13:39:13.085-0400][1.769s] GC(2) Archive regions: 2->2
[2022-10-02T13:39:13.085-0400][1.769s] GC(2) Humongous regions: 4->4
[2022-10-02T13:39:13.085-0400][1.769s] GC(2) Metaspace: 21191K(21504K)->21191K(21504K) NonClass: 18825K(19008K)->18825K(19008K) Class: 2366K(2496K)->2366K(2496K)
[2022-10-02T13:39:13.085-0400][1.769s] GC(2) Pause Young (Concurrent Start) (Metadata GC Threshold) 34M->25M(512M) 4.038ms
[2022-10-02T13:39:13.085-0400][1.769s] GC(2) User=0.01s Sys=0.00s Real=0.00s
[2022-10-02T13:39:13.085-0400][1.769s] GC(3) Concurrent Mark Cycle
[2022-10-02T13:39:13.085-0400][1.769s] GC(3) Concurrent Clear Claimed Marks
[2022-10-02T13:39:13.085-0400][1.769s] GC(3) Concurrent Clear Claimed Marks 0.046ms
[2022-10-02T13:39:13.085-0400][1.769s] GC(3) Concurrent Scan Root Regions
[2022-10-02T13:39:13.087-0400][1.771s] GC(3) Concurrent Scan Root Regions 1.485ms
[2022-10-02T13:39:13.087-0400][1.771s] GC(3) Concurrent Mark
[2022-10-02T13:39:13.087-0400][1.771s] GC(3) Concurrent Mark From Roots
[2022-10-02T13:39:13.087-0400][1.771s] GC(3) Using 2 workers of 2 for marking
[2022-10-02T13:39:13.094-0400][1.778s] GC(3) Concurrent Mark From Roots 7.115ms
[2022-10-02T13:39:13.094-0400][1.778s] GC(3) Concurrent Preclean
[2022-10-02T13:39:13.094-0400][1.778s] GC(3) Concurrent Preclean 0.018ms
[2022-10-02T13:39:13.094-0400][1.778s] GC(3) Pause Remark
[2022-10-02T13:39:13.096-0400][1.780s] GC(3) Pause Remark 26M->26M(512M) 1.304ms
[2022-10-02T13:39:13.096-0400][1.780s] GC(3) User=0.00s Sys=0.00s Real=0.00s
[2022-10-02T13:39:13.096-0400][1.780s] GC(3) Concurrent Mark 8.862ms
[2022-10-02T13:39:13.096-0400][1.780s] GC(3) Concurrent Rebuild Remembered Sets
[2022-10-02T13:39:13.101-0400][1.785s] GC(3) Concurrent Rebuild Remembered Sets 4.919ms
[2022-10-02T13:39:13.101-0400][1.785s] GC(3) Pause Cleanup
[2022-10-02T13:39:13.101-0400][1.785s] GC(3) Pause Cleanup 27M->27M(512M) 0.138ms
[2022-10-02T13:39:13.101-0400][1.785s] GC(3) User=0.00s Sys=0.00s Real=0.00s
[2022-10-02T13:39:13.101-0400][1.785s] GC(3) Concurrent Cleanup for Next Mark
[2022-10-02T13:39:13.102-0400][1.786s] GC(3) Concurrent Cleanup for Next Mark 0.733ms
[2022-10-02T13:39:13.102-0400][1.786s] GC(3) Concurrent Mark Cycle 16.640ms
[2022-10-02T13:39:14.534-0400][3.218s] GC(4) Pause Young (Prepare Mixed) (Metadata GC Threshold)
[2022-10-02T13:39:14.534-0400][3.218s] GC(4) Using 8 workers of 8 for evacuation
[2022-10-02T13:39:14.538-0400][3.222s] GC(4)   Pre Evacuate Collection Set: 0.1ms
[2022-10-02T13:39:14.538-0400][3.222s] GC(4)   Merge Heap Roots: 0.1ms
[2022-10-02T13:39:14.538-0400][3.222s] GC(4)   Evacuate Collection Set: 2.8ms
[2022-10-02T13:39:14.538-0400][3.222s] GC(4)   Post Evacuate Collection Set: 0.7ms
[2022-10-02T13:39:14.538-0400][3.222s] GC(4)   Other: 0.1ms
[2022-10-02T13:39:14.538-0400][3.222s] GC(4) Eden regions: 92->0(14)
[2022-10-02T13:39:14.538-0400][3.222s] GC(4) Survivor regions: 1->11(14)
[2022-10-02T13:39:14.538-0400][3.222s] GC(4) Old regions: 21->21
[2022-10-02T13:39:14.538-0400][3.222s] GC(4) Archive regions: 2->2
[2022-10-02T13:39:14.538-0400][3.222s] GC(4) Humongous regions: 7->5
[2022-10-02T13:39:14.538-0400][3.222s] GC(4) Metaspace: 35889K(36288K)->35889K(36288K) NonClass: 31726K(31936K)->31726K(31936K) Class: 4162K(4352K)->4162K(4352K)
[2022-10-02T13:39:14.538-0400][3.222s] GC(4) Pause Young (Prepare Mixed) (Metadata GC Threshold) 120M->36M(512M) 4.039ms
[2022-10-02T13:39:14.538-0400][3.222s] GC(4) User=0.03s Sys=0.01s Real=0.00s
[2022-10-02T13:39:14.562-0400][3.246s] GC(5) Pause Young (Mixed) (Metadata GC Threshold)
[2022-10-02T13:39:14.562-0400][3.246s] GC(5) Using 8 workers of 8 for evacuation
[2022-10-02T13:39:14.566-0400][3.249s] GC(5)   Pre Evacuate Collection Set: 0.1ms
[2022-10-02T13:39:14.566-0400][3.249s] GC(5)   Merge Heap Roots: 0.1ms
[2022-10-02T13:39:14.566-0400][3.250s] GC(5)   Evacuate Collection Set: 2.7ms
[2022-10-02T13:39:14.566-0400][3.250s] GC(5)   Post Evacuate Collection Set: 0.4ms
[2022-10-02T13:39:14.566-0400][3.250s] GC(5)   Other: 0.1ms
[2022-10-02T13:39:14.566-0400][3.250s] GC(5) Eden regions: 2->0(306)
[2022-10-02T13:39:14.566-0400][3.250s] GC(5) Survivor regions: 11->1(4)
[2022-10-02T13:39:14.566-0400][3.250s] GC(5) Old regions: 21->31
[2022-10-02T13:39:14.566-0400][3.250s] GC(5) Archive regions: 2->2
[2022-10-02T13:39:14.566-0400][3.250s] GC(5) Humongous regions: 5->5
[2022-10-02T13:39:14.566-0400][3.250s] GC(5) Metaspace: 36230K(36608K)->36230K(36608K) NonClass: 32023K(32192K)->32023K(32192K) Class: 4207K(4416K)->4207K(4416K)
[2022-10-02T13:39:14.566-0400][3.250s] GC(5) Pause Young (Mixed) (Metadata GC Threshold) 38M->36M(512M) 3.619ms
[2022-10-02T13:39:14.566-0400][3.250s] GC(5) User=0.02s Sys=0.00s Real=0.00s
[2022-10-02T13:39:14.608-0400][3.292s] GC(6) Pause Young (Concurrent Start) (Metadata GC Threshold)
[2022-10-02T13:39:14.608-0400][3.292s] GC(6) Using 8 workers of 8 for evacuation
[2022-10-02T13:39:14.609-0400][3.293s] GC(6)   Pre Evacuate Collection Set: 0.1ms
[2022-10-02T13:39:14.609-0400][3.293s] GC(6)   Merge Heap Roots: 0.0ms
[2022-10-02T13:39:14.609-0400][3.293s] GC(6)   Evacuate Collection Set: 0.6ms
[2022-10-02T13:39:14.609-0400][3.293s] GC(6)   Post Evacuate Collection Set: 0.3ms
[2022-10-02T13:39:14.609-0400][3.293s] GC(6)   Other: 0.1ms
[2022-10-02T13:39:14.609-0400][3.293s] GC(6) Eden regions: 3->0(306)
[2022-10-02T13:39:14.609-0400][3.293s] GC(6) Survivor regions: 1->1(39)
[2022-10-02T13:39:14.609-0400][3.293s] GC(6) Old regions: 31->31
[2022-10-02T13:39:14.609-0400][3.293s] GC(6) Archive regions: 2->2
[2022-10-02T13:39:14.609-0400][3.293s] GC(6) Humongous regions: 5->5
[2022-10-02T13:39:14.610-0400][3.293s] GC(6) Metaspace: 36614K(36928K)->36614K(36928K) NonClass: 32359K(32512K)->32359K(32512K) Class: 4254K(4416K)->4254K(4416K)
[2022-10-02T13:39:14.610-0400][3.293s] GC(6) Pause Young (Concurrent Start) (Metadata GC Threshold) 39M->36M(512M) 1.423ms
[2022-10-02T13:39:14.610-0400][3.293s] GC(6) User=0.00s Sys=0.01s Real=0.01s
[2022-10-02T13:39:14.610-0400][3.293s] GC(7) Concurrent Mark Cycle
[2022-10-02T13:39:14.610-0400][3.293s] GC(7) Concurrent Clear Claimed Marks
[2022-10-02T13:39:14.610-0400][3.294s] GC(7) Concurrent Clear Claimed Marks 0.014ms
[2022-10-02T13:39:14.610-0400][3.294s] GC(7) Concurrent Scan Root Regions
[2022-10-02T13:39:14.610-0400][3.294s] GC(7) Concurrent Scan Root Regions 0.514ms
[2022-10-02T13:39:14.610-0400][3.294s] GC(7) Concurrent Mark
[2022-10-02T13:39:14.610-0400][3.294s] GC(7) Concurrent Mark From Roots
[2022-10-02T13:39:14.610-0400][3.294s] GC(7) Using 2 workers of 2 for marking
[2022-10-02T13:39:14.624-0400][3.308s] GC(7) Concurrent Mark From Roots 13.874ms
[2022-10-02T13:39:14.624-0400][3.308s] GC(7) Concurrent Preclean
[2022-10-02T13:39:14.624-0400][3.308s] GC(7) Concurrent Preclean 0.052ms
[2022-10-02T13:39:14.624-0400][3.308s] GC(7) Pause Remark
[2022-10-02T13:39:14.626-0400][3.310s] GC(7) Pause Remark 37M->37M(512M) 1.416ms
[2022-10-02T13:39:14.626-0400][3.310s] GC(7) User=0.01s Sys=0.00s Real=0.00s
[2022-10-02T13:39:14.626-0400][3.310s] GC(7) Concurrent Mark 15.631ms
[2022-10-02T13:39:14.626-0400][3.310s] GC(7) Concurrent Rebuild Remembered Sets
[2022-10-02T13:39:14.635-0400][3.319s] GC(7) Concurrent Rebuild Remembered Sets 9.568ms
[2022-10-02T13:39:14.636-0400][3.319s] GC(7) Pause Cleanup
[2022-10-02T13:39:14.636-0400][3.320s] GC(7) Pause Cleanup 38M->38M(512M) 0.157ms
[2022-10-02T13:39:14.636-0400][3.320s] GC(7) User=0.00s Sys=0.00s Real=0.00s
[2022-10-02T13:39:14.636-0400][3.320s] GC(7) Concurrent Cleanup for Next Mark
[2022-10-02T13:39:14.637-0400][3.320s] GC(7) Concurrent Cleanup for Next Mark 0.749ms
[2022-10-02T13:39:14.637-0400][3.320s] GC(7) Concurrent Mark Cycle 27.029ms
[2022-10-02T13:47:30.354-0400][499.039s] GC(8) Pause Young (Normal) (G1 Evacuation Pause)
[2022-10-02T13:47:30.355-0400][499.040s] GC(8) Using 8 workers of 8 for evacuation
[2022-10-02T13:47:30.362-0400][499.047s] GC(8)   Pre Evacuate Collection Set: 0.2ms
[2022-10-02T13:47:30.362-0400][499.047s] GC(8)   Merge Heap Roots: 0.1ms
[2022-10-02T13:47:30.362-0400][499.047s] GC(8)   Evacuate Collection Set: 5.6ms
[2022-10-02T13:47:30.362-0400][499.047s] GC(8)   Post Evacuate Collection Set: 1.2ms
[2022-10-02T13:47:30.362-0400][499.047s] GC(8)   Other: 0.2ms
[2022-10-02T13:47:30.362-0400][499.047s] GC(8) Eden regions: 306->0(293)
[2022-10-02T13:47:30.362-0400][499.047s] GC(8) Survivor regions: 1->14(39)
[2022-10-02T13:47:30.362-0400][499.047s] GC(8) Old regions: 31->31
[2022-10-02T13:47:30.362-0400][499.047s] GC(8) Archive regions: 2->2
[2022-10-02T13:47:30.362-0400][499.047s] GC(8) Humongous regions: 8->8
[2022-10-02T13:47:30.362-0400][499.047s] GC(8) Metaspace: 54150K(54656K)->54150K(54656K) NonClass: 47837K(48064K)->47837K(48064K) Class: 6313K(6592K)->6313K(6592K)
[2022-10-02T13:47:30.362-0400][499.047s] GC(8) Pause Young (Normal) (G1 Evacuation Pause) 345M->52M(512M) 8.029ms
[2022-10-02T13:47:30.362-0400][499.047s] GC(8) User=0.04s Sys=0.01s Real=0.01s
[2022-10-02T13:52:37.280-0400][805.966s] GC(9) Pause Young (Normal) (G1 Evacuation Pause)
[2022-10-02T13:52:37.281-0400][805.967s] GC(9) Using 8 workers of 8 for evacuation
[2022-10-02T13:52:37.297-0400][805.983s] GC(9)   Pre Evacuate Collection Set: 0.1ms
[2022-10-02T13:52:37.297-0400][805.983s] GC(9)   Merge Heap Roots: 0.1ms
[2022-10-02T13:52:37.297-0400][805.983s] GC(9)   Evacuate Collection Set: 14.4ms
[2022-10-02T13:52:37.297-0400][805.983s] GC(9)   Post Evacuate Collection Set: 1.1ms
[2022-10-02T13:52:37.297-0400][805.983s] GC(9)   Other: 0.1ms
[2022-10-02T13:52:37.297-0400][805.983s] GC(9) Eden regions: 293->0(270)
[2022-10-02T13:52:37.297-0400][805.983s] GC(9) Survivor regions: 14->37(39)
[2022-10-02T13:52:37.297-0400][805.983s] GC(9) Old regions: 31->31
[2022-10-02T13:52:37.297-0400][805.983s] GC(9) Archive regions: 2->2
[2022-10-02T13:52:37.297-0400][805.983s] GC(9) Humongous regions: 8->8
[2022-10-02T13:52:37.297-0400][805.983s] GC(9) Metaspace: 54561K(55104K)->54561K(55104K) NonClass: 48247K(48512K)->48247K(48512K) Class: 6313K(6592K)->6313K(6592K)
[2022-10-02T13:52:37.297-0400][805.983s] GC(9) Pause Young (Normal) (G1 Evacuation Pause) 345M->75M(512M) 17.090ms
[2022-10-02T13:52:37.297-0400][805.983s] GC(9) User=0.06s Sys=0.03s Real=0.01s
[2022-10-02T13:52:37.605-0400][806.291s] GC(10) Pause Young (Normal) (G1 Evacuation Pause)
[2022-10-02T13:52:37.605-0400][806.291s] GC(10) Using 8 workers of 8 for evacuation
[2022-10-02T13:52:37.661-0400][806.348s] GC(10)   Pre Evacuate Collection Set: 0.1ms
[2022-10-02T13:52:37.662-0400][806.348s] GC(10)   Merge Heap Roots: 0.1ms
[2022-10-02T13:52:37.662-0400][806.348s] GC(10)   Evacuate Collection Set: 55.2ms
[2022-10-02T13:52:37.662-0400][806.348s] GC(10)   Post Evacuate Collection Set: 0.7ms
[2022-10-02T13:52:37.662-0400][806.348s] GC(10)   Other: 0.1ms
[2022-10-02T13:52:37.662-0400][806.348s] GC(10) Eden regions: 270->0(240)
[2022-10-02T13:52:37.662-0400][806.348s] GC(10) Survivor regions: 37->39(39)
[2022-10-02T13:52:37.662-0400][806.348s] GC(10) Old regions: 31->84
[2022-10-02T13:52:37.662-0400][806.348s] GC(10) Archive regions: 2->2
[2022-10-02T13:52:37.662-0400][806.348s] GC(10) Humongous regions: 8->8
[2022-10-02T13:52:37.662-0400][806.348s] GC(10) Metaspace: 54598K(55168K)->54598K(55168K) NonClass: 48285K(48576K)->48285K(48576K) Class: 6313K(6592K)->6313K(6592K)
[2022-10-02T13:52:37.662-0400][806.348s] GC(10) Pause Young (Normal) (G1 Evacuation Pause) 345M->130M(512M) 56.488ms
[2022-10-02T13:52:37.662-0400][806.348s] GC(10) User=0.18s Sys=0.14s Real=0.06s
[2022-10-02T13:52:37.995-0400][806.681s] GC(11) Pause Young (Normal) (G1 Evacuation Pause)
[2022-10-02T13:52:37.995-0400][806.681s] GC(11) Using 8 workers of 8 for evacuation
[2022-10-02T13:52:38.033-0400][806.719s] GC(11)   Pre Evacuate Collection Set: 0.1ms
[2022-10-02T13:52:38.033-0400][806.719s] GC(11)   Merge Heap Roots: 0.2ms
[2022-10-02T13:52:38.033-0400][806.719s] GC(11)   Evacuate Collection Set: 37.5ms
[2022-10-02T13:52:38.033-0400][806.719s] GC(11)   Post Evacuate Collection Set: 0.3ms
[2022-10-02T13:52:38.033-0400][806.719s] GC(11)   Other: 0.1ms
[2022-10-02T13:52:38.033-0400][806.720s] GC(11) Eden regions: 240->0(197)
[2022-10-02T13:52:38.033-0400][806.720s] GC(11) Survivor regions: 39->35(35)
[2022-10-02T13:52:38.033-0400][806.720s] GC(11) Old regions: 84->134
[2022-10-02T13:52:38.033-0400][806.720s] GC(11) Archive regions: 2->2
[2022-10-02T13:52:38.033-0400][806.720s] GC(11) Humongous regions: 8->8
[2022-10-02T13:52:38.033-0400][806.720s] GC(11) Metaspace: 54624K(55168K)->54624K(55168K) NonClass: 48310K(48576K)->48310K(48576K) Class: 6313K(6592K)->6313K(6592K)
[2022-10-02T13:52:38.033-0400][806.720s] GC(11) Pause Young (Normal) (G1 Evacuation Pause) 370M->177M(512M) 38.492ms
[2022-10-02T13:52:38.033-0400][806.720s] GC(11) User=0.15s Sys=0.06s Real=0.04s
[2022-10-02T13:52:38.655-0400][807.341s] GC(12) Pause Young (Normal) (G1 Evacuation Pause)
[2022-10-02T13:52:38.655-0400][807.341s] GC(12) Using 8 workers of 8 for evacuation
[2022-10-02T13:52:38.672-0400][807.358s] GC(12)   Pre Evacuate Collection Set: 0.1ms
[2022-10-02T13:52:38.672-0400][807.358s] GC(12)   Merge Heap Roots: 0.1ms
[2022-10-02T13:52:38.672-0400][807.358s] GC(12)   Evacuate Collection Set: 15.8ms
[2022-10-02T13:52:38.672-0400][807.358s] GC(12)   Post Evacuate Collection Set: 0.4ms
[2022-10-02T13:52:38.672-0400][807.358s] GC(12)   Other: 0.3ms
[2022-10-02T13:52:38.672-0400][807.358s] GC(12) Eden regions: 197->0(205)
[2022-10-02T13:52:38.672-0400][807.358s] GC(12) Survivor regions: 35->5(29)
[2022-10-02T13:52:38.672-0400][807.358s] GC(12) Old regions: 134->171
[2022-10-02T13:52:38.672-0400][807.358s] GC(12) Archive regions: 2->2
[2022-10-02T13:52:38.672-0400][807.358s] GC(12) Humongous regions: 8->8
[2022-10-02T13:52:38.672-0400][807.358s] GC(12) Metaspace: 54624K(55168K)->54624K(55168K) NonClass: 48310K(48576K)->48310K(48576K) Class: 6313K(6592K)->6313K(6592K)
[2022-10-02T13:52:38.672-0400][807.358s] GC(12) Pause Young (Normal) (G1 Evacuation Pause) 374M->184M(512M) 16.885ms
[2022-10-02T13:52:38.672-0400][807.358s] GC(12) User=0.07s Sys=0.04s Real=0.02s
[2022-10-02T13:52:39.386-0400][808.072s] GC(13) Pause Young (Normal) (G1 Evacuation Pause)
[2022-10-02T13:52:39.386-0400][808.072s] GC(13) Using 8 workers of 8 for evacuation
[2022-10-02T13:52:39.390-0400][808.076s] GC(13)   Pre Evacuate Collection Set: 0.1ms
[2022-10-02T13:52:39.390-0400][808.076s] GC(13)   Merge Heap Roots: 0.2ms
[2022-10-02T13:52:39.390-0400][808.076s] GC(13)   Evacuate Collection Set: 2.8ms
[2022-10-02T13:52:39.390-0400][808.076s] GC(13)   Post Evacuate Collection Set: 0.5ms
[2022-10-02T13:52:39.390-0400][808.076s] GC(13)   Other: 0.1ms
[2022-10-02T13:52:39.390-0400][808.076s] GC(13) Eden regions: 205->0(215)
[2022-10-02T13:52:39.390-0400][808.076s] GC(13) Survivor regions: 5->6(27)
[2022-10-02T13:52:39.390-0400][808.076s] GC(13) Old regions: 171->171
[2022-10-02T13:52:39.390-0400][808.076s] GC(13) Archive regions: 2->2
[2022-10-02T13:52:39.390-0400][808.076s] GC(13) Humongous regions: 8->8
[2022-10-02T13:52:39.390-0400][808.076s] GC(13) Metaspace: 54624K(55168K)->54624K(55168K) NonClass: 48310K(48576K)->48310K(48576K) Class: 6313K(6592K)->6313K(6592K)
[2022-10-02T13:52:39.390-0400][808.076s] GC(13) Pause Young (Normal) (G1 Evacuation Pause) 389M->185M(512M) 3.924ms
[2022-10-02T13:52:39.390-0400][808.076s] GC(13) User=0.02s Sys=0.00s Real=0.01s
[2022-10-02T13:52:40.077-0400][808.764s] GC(14) Pause Young (Normal) (G1 Evacuation Pause)
[2022-10-02T13:52:40.077-0400][808.764s] GC(14) Using 8 workers of 8 for evacuation
[2022-10-02T13:52:40.082-0400][808.769s] GC(14)   Pre Evacuate Collection Set: 0.1ms
[2022-10-02T13:52:40.082-0400][808.769s] GC(14)   Merge Heap Roots: 0.1ms
[2022-10-02T13:52:40.082-0400][808.769s] GC(14)   Evacuate Collection Set: 4.2ms
[2022-10-02T13:52:40.082-0400][808.769s] GC(14)   Post Evacuate Collection Set: 0.4ms
[2022-10-02T13:52:40.082-0400][808.769s] GC(14)   Other: 0.1ms
[2022-10-02T13:52:40.082-0400][808.769s] GC(14) Eden regions: 215->0(221)
[2022-10-02T13:52:40.082-0400][808.769s] GC(14) Survivor regions: 6->9(28)
[2022-10-02T13:52:40.082-0400][808.769s] GC(14) Old regions: 171->171
[2022-10-02T13:52:40.082-0400][808.769s] GC(14) Archive regions: 2->2
[2022-10-02T13:52:40.082-0400][808.769s] GC(14) Humongous regions: 8->8
[2022-10-02T13:52:40.082-0400][808.769s] GC(14) Metaspace: 54624K(55168K)->54624K(55168K) NonClass: 48310K(48576K)->48310K(48576K) Class: 6313K(6592K)->6313K(6592K)
[2022-10-02T13:52:40.083-0400][808.769s] GC(14) Pause Young (Normal) (G1 Evacuation Pause) 400M->188M(512M) 5.169ms
[2022-10-02T13:52:40.083-0400][808.769s] GC(14) User=0.03s Sys=0.00s Real=0.01s
[2022-10-02T13:52:40.806-0400][809.492s] GC(15) Pause Young (Normal) (G1 Evacuation Pause)
[2022-10-02T13:52:40.806-0400][809.492s] GC(15) Using 8 workers of 8 for evacuation
[2022-10-02T13:52:40.811-0400][809.497s] GC(15)   Pre Evacuate Collection Set: 0.1ms
[2022-10-02T13:52:40.811-0400][809.497s] GC(15)   Merge Heap Roots: 0.1ms
[2022-10-02T13:52:40.811-0400][809.497s] GC(15)   Evacuate Collection Set: 4.6ms
[2022-10-02T13:52:40.811-0400][809.497s] GC(15)   Post Evacuate Collection Set: 0.5ms
[2022-10-02T13:52:40.811-0400][809.497s] GC(15)   Other: 0.1ms
[2022-10-02T13:52:40.811-0400][809.497s] GC(15) Eden regions: 221->0(226)
[2022-10-02T13:52:40.811-0400][809.497s] GC(15) Survivor regions: 9->12(29)
[2022-10-02T13:52:40.811-0400][809.497s] GC(15) Old regions: 171->171
[2022-10-02T13:52:40.811-0400][809.497s] GC(15) Archive regions: 2->2
[2022-10-02T13:52:40.811-0400][809.497s] GC(15) Humongous regions: 8->8
[2022-10-02T13:52:40.811-0400][809.497s] GC(15) Metaspace: 54624K(55168K)->54624K(55168K) NonClass: 48310K(48576K)->48310K(48576K) Class: 6313K(6592K)->6313K(6592K)
[2022-10-02T13:52:40.811-0400][809.497s] GC(15) Pause Young (Normal) (G1 Evacuation Pause) 409M->191M(512M) 5.645ms
[2022-10-02T13:52:40.811-0400][809.497s] GC(15) User=0.04s Sys=0.01s Real=0.01s
[2022-10-02T13:52:41.445-0400][810.131s] GC(16) Pause Young (Normal) (G1 Evacuation Pause)
[2022-10-02T13:52:41.445-0400][810.131s] GC(16) Using 8 workers of 8 for evacuation
[2022-10-02T13:52:41.452-0400][810.138s] GC(16)   Pre Evacuate Collection Set: 0.2ms
[2022-10-02T13:52:41.452-0400][810.138s] GC(16)   Merge Heap Roots: 0.2ms
[2022-10-02T13:52:41.452-0400][810.138s] GC(16)   Evacuate Collection Set: 5.9ms
[2022-10-02T13:52:41.452-0400][810.138s] GC(16)   Post Evacuate Collection Set: 0.6ms
[2022-10-02T13:52:41.452-0400][810.138s] GC(16)   Other: 0.1ms
[2022-10-02T13:52:41.452-0400][810.138s] GC(16) Eden regions: 226->0(230)
[2022-10-02T13:52:41.452-0400][810.138s] GC(16) Survivor regions: 12->15(30)
[2022-10-02T13:52:41.452-0400][810.138s] GC(16) Old regions: 171->171
[2022-10-02T13:52:41.452-0400][810.138s] GC(16) Archive regions: 2->2
[2022-10-02T13:52:41.452-0400][810.138s] GC(16) Humongous regions: 8->8
[2022-10-02T13:52:41.452-0400][810.138s] GC(16) Metaspace: 54624K(55168K)->54624K(55168K) NonClass: 48310K(48576K)->48310K(48576K) Class: 6313K(6592K)->6313K(6592K)
[2022-10-02T13:52:41.452-0400][810.138s] GC(16) Pause Young (Normal) (G1 Evacuation Pause) 417M->194M(512M) 7.145ms
[2022-10-02T13:52:41.452-0400][810.138s] GC(16) User=0.04s Sys=0.00s Real=0.01s
[2022-10-02T13:52:42.103-0400][810.789s] GC(17) Pause Young (Normal) (G1 Evacuation Pause)
[2022-10-02T13:52:42.103-0400][810.789s] GC(17) Using 8 workers of 8 for evacuation
[2022-10-02T13:52:42.111-0400][810.797s] GC(17)   Pre Evacuate Collection Set: 0.1ms
[2022-10-02T13:52:42.111-0400][810.797s] GC(17)   Merge Heap Roots: 0.1ms
[2022-10-02T13:52:42.111-0400][810.797s] GC(17)   Evacuate Collection Set: 7.0ms
[2022-10-02T13:52:42.111-0400][810.797s] GC(17)   Post Evacuate Collection Set: 0.5ms
[2022-10-02T13:52:42.111-0400][810.797s] GC(17)   Other: 0.1ms
[2022-10-02T13:52:42.111-0400][810.797s] GC(17) Eden regions: 230->0(232)
[2022-10-02T13:52:42.111-0400][810.797s] GC(17) Survivor regions: 15->18(31)
[2022-10-02T13:52:42.111-0400][810.797s] GC(17) Old regions: 171->171
[2022-10-02T13:52:42.111-0400][810.797s] GC(17) Archive regions: 2->2
[2022-10-02T13:52:42.111-0400][810.797s] GC(17) Humongous regions: 8->8
[2022-10-02T13:52:42.111-0400][810.797s] GC(17) Metaspace: 54624K(55168K)->54624K(55168K) NonClass: 48310K(48576K)->48310K(48576K) Class: 6313K(6592K)->6313K(6592K)
[2022-10-02T13:52:42.111-0400][810.797s] GC(17) Pause Young (Normal) (G1 Evacuation Pause) 424M->197M(512M) 7.990ms
[2022-10-02T13:52:42.111-0400][810.797s] GC(17) User=0.06s Sys=0.00s Real=0.01s
[2022-10-02T13:52:42.841-0400][811.527s] GC(18) Pause Young (Normal) (G1 Evacuation Pause)
[2022-10-02T13:52:42.841-0400][811.527s] GC(18) Using 8 workers of 8 for evacuation
[2022-10-02T13:52:42.850-0400][811.536s] GC(18)   Pre Evacuate Collection Set: 0.1ms
[2022-10-02T13:52:42.850-0400][811.536s] GC(18)   Merge Heap Roots: 0.2ms
[2022-10-02T13:52:42.850-0400][811.536s] GC(18)   Evacuate Collection Set: 8.2ms
[2022-10-02T13:52:42.850-0400][811.536s] GC(18)   Post Evacuate Collection Set: 0.6ms
[2022-10-02T13:52:42.850-0400][811.536s] GC(18)   Other: 0.1ms
[2022-10-02T13:52:42.850-0400][811.536s] GC(18) Eden regions: 232->0(233)
[2022-10-02T13:52:42.850-0400][811.536s] GC(18) Survivor regions: 18->19(32)
[2022-10-02T13:52:42.850-0400][811.536s] GC(18) Old regions: 171->174
[2022-10-02T13:52:42.850-0400][811.536s] GC(18) Archive regions: 2->2
[2022-10-02T13:52:42.850-0400][811.536s] GC(18) Humongous regions: 8->8
[2022-10-02T13:52:42.850-0400][811.536s] GC(18) Metaspace: 54624K(55168K)->54624K(55168K) NonClass: 48310K(48576K)->48310K(48576K) Class: 6313K(6592K)->6313K(6592K)
[2022-10-02T13:52:42.850-0400][811.536s] GC(18) Pause Young (Normal) (G1 Evacuation Pause) 429M->201M(512M) 9.429ms
[2022-10-02T13:52:42.850-0400][811.536s] GC(18) User=0.06s Sys=0.00s Real=0.01s
[2022-10-02T13:52:43.562-0400][812.248s] GC(19) Pause Young (Normal) (G1 Evacuation Pause)
[2022-10-02T13:52:43.563-0400][812.249s] GC(19) Using 8 workers of 8 for evacuation
[2022-10-02T13:52:43.573-0400][812.259s] GC(19)   Pre Evacuate Collection Set: 0.1ms
[2022-10-02T13:52:43.573-0400][812.259s] GC(19)   Merge Heap Roots: 0.1ms
[2022-10-02T13:52:43.573-0400][812.259s] GC(19)   Evacuate Collection Set: 8.7ms
[2022-10-02T13:52:43.573-0400][812.259s] GC(19)   Post Evacuate Collection Set: 0.7ms
[2022-10-02T13:52:43.573-0400][812.259s] GC(19)   Other: 0.3ms
[2022-10-02T13:52:43.573-0400][812.259s] GC(19) Eden regions: 233->0(232)
[2022-10-02T13:52:43.573-0400][812.259s] GC(19) Survivor regions: 19->20(32)
[2022-10-02T13:52:43.573-0400][812.259s] GC(19) Old regions: 174->177
[2022-10-02T13:52:43.573-0400][812.259s] GC(19) Archive regions: 2->2
[2022-10-02T13:52:43.573-0400][812.260s] GC(19) Humongous regions: 8->8
[2022-10-02T13:52:43.573-0400][812.260s] GC(19) Metaspace: 54624K(55168K)->54624K(55168K) NonClass: 48310K(48576K)->48310K(48576K) Class: 6313K(6592K)->6313K(6592K)
[2022-10-02T13:52:43.573-0400][812.260s] GC(19) Pause Young (Normal) (G1 Evacuation Pause) 434M->205M(512M) 11.074ms
[2022-10-02T13:52:43.573-0400][812.260s] GC(19) User=0.07s Sys=0.00s Real=0.01s
[2022-10-02T13:52:44.307-0400][812.993s] GC(20) Pause Young (Normal) (G1 Evacuation Pause)
[2022-10-02T13:52:44.307-0400][812.993s] GC(20) Using 8 workers of 8 for evacuation
[2022-10-02T13:52:44.316-0400][813.002s] GC(20)   Pre Evacuate Collection Set: 0.1ms
[2022-10-02T13:52:44.316-0400][813.002s] GC(20)   Merge Heap Roots: 0.2ms
[2022-10-02T13:52:44.316-0400][813.002s] GC(20)   Evacuate Collection Set: 8.3ms
[2022-10-02T13:52:44.316-0400][813.002s] GC(20)   Post Evacuate Collection Set: 0.4ms
[2022-10-02T13:52:44.316-0400][813.002s] GC(20)   Other: 0.1ms
[2022-10-02T13:52:44.316-0400][813.003s] GC(20) Eden regions: 232->0(230)
[2022-10-02T13:52:44.316-0400][813.003s] GC(20) Survivor regions: 20->20(32)
[2022-10-02T13:52:44.316-0400][813.003s] GC(20) Old regions: 177->180
[2022-10-02T13:52:44.316-0400][813.003s] GC(20) Archive regions: 2->2
[2022-10-02T13:52:44.316-0400][813.003s] GC(20) Humongous regions: 8->8
[2022-10-02T13:52:44.316-0400][813.003s] GC(20) Metaspace: 54624K(55168K)->54624K(55168K) NonClass: 48310K(48576K)->48310K(48576K) Class: 6313K(6592K)->6313K(6592K)
[2022-10-02T13:52:44.316-0400][813.003s] GC(20) Pause Young (Normal) (G1 Evacuation Pause) 437M->208M(512M) 9.360ms
[2022-10-02T13:52:44.316-0400][813.003s] GC(20) User=0.06s Sys=0.00s Real=0.01s
[2022-10-02T13:52:45.029-0400][813.715s] GC(21) Pause Young (Normal) (G1 Evacuation Pause)
[2022-10-02T13:52:45.029-0400][813.715s] GC(21) Using 8 workers of 8 for evacuation
[2022-10-02T13:52:45.039-0400][813.725s] GC(21)   Pre Evacuate Collection Set: 0.1ms
[2022-10-02T13:52:45.039-0400][813.725s] GC(21)   Merge Heap Roots: 0.1ms
[2022-10-02T13:52:45.039-0400][813.725s] GC(21)   Evacuate Collection Set: 9.3ms
[2022-10-02T13:52:45.039-0400][813.725s] GC(21)   Post Evacuate Collection Set: 0.5ms
[2022-10-02T13:52:45.039-0400][813.725s] GC(21)   Other: 0.1ms
[2022-10-02T13:52:45.039-0400][813.725s] GC(21) Eden regions: 230->0(224)
[2022-10-02T13:52:45.039-0400][813.725s] GC(21) Survivor regions: 20->21(32)
[2022-10-02T13:52:45.039-0400][813.725s] GC(21) Old regions: 180->184
[2022-10-02T13:52:45.039-0400][813.725s] GC(21) Archive regions: 2->2
[2022-10-02T13:52:45.039-0400][813.725s] GC(21) Humongous regions: 8->8
[2022-10-02T13:52:45.039-0400][813.725s] GC(21) Metaspace: 54624K(55168K)->54624K(55168K) NonClass: 48310K(48576K)->48310K(48576K) Class: 6313K(6592K)->6313K(6592K)
[2022-10-02T13:52:45.039-0400][813.725s] GC(21) Pause Young (Normal) (G1 Evacuation Pause) 438M->212M(512M) 10.339ms
[2022-10-02T13:52:45.039-0400][813.725s] GC(21) User=0.07s Sys=0.00s Real=0.01s
[2022-10-02T13:52:45.736-0400][814.423s] GC(22) Pause Young (Normal) (G1 Evacuation Pause)
[2022-10-02T13:52:45.736-0400][814.423s] GC(22) Using 8 workers of 8 for evacuation
[2022-10-02T13:52:45.746-0400][814.432s] GC(22)   Pre Evacuate Collection Set: 0.1ms
[2022-10-02T13:52:45.746-0400][814.432s] GC(22)   Merge Heap Roots: 0.1ms
[2022-10-02T13:52:45.746-0400][814.432s] GC(22)   Evacuate Collection Set: 8.6ms
[2022-10-02T13:52:45.746-0400][814.432s] GC(22)   Post Evacuate Collection Set: 0.5ms
[2022-10-02T13:52:45.746-0400][814.432s] GC(22)   Other: 0.1ms
[2022-10-02T13:52:45.746-0400][814.432s] GC(22) Eden regions: 224->0(226)
[2022-10-02T13:52:45.746-0400][814.432s] GC(22) Survivor regions: 21->17(31)
[2022-10-02T13:52:45.746-0400][814.432s] GC(22) Old regions: 184->190
[2022-10-02T13:52:45.746-0400][814.432s] GC(22) Archive regions: 2->2
[2022-10-02T13:52:45.746-0400][814.432s] GC(22) Humongous regions: 8->8
[2022-10-02T13:52:45.746-0400][814.432s] GC(22) Metaspace: 54624K(55168K)->54624K(55168K) NonClass: 48310K(48576K)->48310K(48576K) Class: 6313K(6592K)->6313K(6592K)
[2022-10-02T13:52:45.746-0400][814.432s] GC(22) Pause Young (Normal) (G1 Evacuation Pause) 436M->215M(512M) 9.783ms
[2022-10-02T13:52:45.746-0400][814.433s] GC(22) User=0.06s Sys=0.00s Real=0.01s
[2022-10-02T13:52:46.415-0400][815.101s] GC(23) Pause Young (Normal) (G1 Evacuation Pause)
[2022-10-02T13:52:46.415-0400][815.101s] GC(23) Using 8 workers of 8 for evacuation
[2022-10-02T13:52:46.423-0400][815.110s] GC(23)   Pre Evacuate Collection Set: 0.1ms
[2022-10-02T13:52:46.424-0400][815.110s] GC(23)   Merge Heap Roots: 0.1ms
[2022-10-02T13:52:46.424-0400][815.110s] GC(23)   Evacuate Collection Set: 7.9ms
[2022-10-02T13:52:46.424-0400][815.110s] GC(23)   Post Evacuate Collection Set: 0.6ms
[2022-10-02T13:52:46.424-0400][815.110s] GC(23)   Other: 0.1ms
[2022-10-02T13:52:46.424-0400][815.110s] GC(23) Eden regions: 226->0(220)
[2022-10-02T13:52:46.424-0400][815.110s] GC(23) Survivor regions: 17->20(31)
[2022-10-02T13:52:46.424-0400][815.110s] GC(23) Old regions: 190->190
[2022-10-02T13:52:46.424-0400][815.110s] GC(23) Archive regions: 2->2
[2022-10-02T13:52:46.424-0400][815.110s] GC(23) Humongous regions: 8->8
[2022-10-02T13:52:46.424-0400][815.110s] GC(23) Metaspace: 54624K(55168K)->54624K(55168K) NonClass: 48310K(48576K)->48310K(48576K) Class: 6313K(6592K)->6313K(6592K)
[2022-10-02T13:52:46.424-0400][815.110s] GC(23) Pause Young (Normal) (G1 Evacuation Pause) 441M->218M(512M) 8.958ms
[2022-10-02T13:52:46.424-0400][815.110s] GC(23) User=0.05s Sys=0.00s Real=0.01s
[2022-10-02T13:52:47.092-0400][815.778s] GC(24) Pause Young (Normal) (G1 Evacuation Pause)
[2022-10-02T13:52:47.092-0400][815.778s] GC(24) Using 8 workers of 8 for evacuation
[2022-10-02T13:52:47.101-0400][815.787s] GC(24)   Pre Evacuate Collection Set: 0.1ms
[2022-10-02T13:52:47.101-0400][815.787s] GC(24)   Merge Heap Roots: 0.1ms
[2022-10-02T13:52:47.101-0400][815.787s] GC(24)   Evacuate Collection Set: 8.1ms
[2022-10-02T13:52:47.101-0400][815.787s] GC(24)   Post Evacuate Collection Set: 0.4ms
[2022-10-02T13:52:47.101-0400][815.787s] GC(24)   Other: 0.1ms
[2022-10-02T13:52:47.101-0400][815.787s] GC(24) Eden regions: 220->0(220)
[2022-10-02T13:52:47.101-0400][815.787s] GC(24) Survivor regions: 20->17(30)
[2022-10-02T13:52:47.101-0400][815.787s] GC(24) Old regions: 190->196
[2022-10-02T13:52:47.101-0400][815.787s] GC(24) Archive regions: 2->2
[2022-10-02T13:52:47.101-0400][815.787s] GC(24) Humongous regions: 8->8
[2022-10-02T13:52:47.101-0400][815.787s] GC(24) Metaspace: 54624K(55168K)->54624K(55168K) NonClass: 48310K(48576K)->48310K(48576K) Class: 6313K(6592K)->6313K(6592K)
[2022-10-02T13:52:47.101-0400][815.787s] GC(24) Pause Young (Normal) (G1 Evacuation Pause) 438M->221M(512M) 9.057ms
[2022-10-02T13:52:47.101-0400][815.787s] GC(24) User=0.06s Sys=0.00s Real=0.01s
[2022-10-02T13:52:47.752-0400][816.438s] GC(25) Pause Young (Normal) (G1 Evacuation Pause)
[2022-10-02T13:52:47.752-0400][816.438s] GC(25) Using 8 workers of 8 for evacuation
[2022-10-02T13:52:47.759-0400][816.446s] GC(25)   Pre Evacuate Collection Set: 0.1ms
[2022-10-02T13:52:47.759-0400][816.446s] GC(25)   Merge Heap Roots: 0.1ms
[2022-10-02T13:52:47.759-0400][816.446s] GC(25)   Evacuate Collection Set: 6.9ms
[2022-10-02T13:52:47.759-0400][816.446s] GC(25)   Post Evacuate Collection Set: 0.5ms
[2022-10-02T13:52:47.759-0400][816.446s] GC(25)   Other: 0.1ms
[2022-10-02T13:52:47.759-0400][816.446s] GC(25) Eden regions: 220->0(216)
[2022-10-02T13:52:47.759-0400][816.446s] GC(25) Survivor regions: 17->17(30)
[2022-10-02T13:52:47.759-0400][816.446s] GC(25) Old regions: 196->200
[2022-10-02T13:52:47.759-0400][816.446s] GC(25) Archive regions: 2->2
[2022-10-02T13:52:47.759-0400][816.446s] GC(25) Humongous regions: 8->8
[2022-10-02T13:52:47.759-0400][816.446s] GC(25) Metaspace: 54624K(55168K)->54624K(55168K) NonClass: 48310K(48576K)->48310K(48576K) Class: 6313K(6592K)->6313K(6592K)
[2022-10-02T13:52:47.760-0400][816.446s] GC(25) Pause Young (Normal) (G1 Evacuation Pause) 441M->224M(512M) 7.982ms
[2022-10-02T13:52:47.760-0400][816.446s] GC(25) User=0.05s Sys=0.00s Real=0.01s
[2022-10-02T13:52:48.407-0400][817.093s] GC(26) Pause Young (Normal) (G1 Evacuation Pause)
[2022-10-02T13:52:48.407-0400][817.093s] GC(26) Using 8 workers of 8 for evacuation
[2022-10-02T13:52:48.415-0400][817.101s] GC(26)   Pre Evacuate Collection Set: 0.1ms
[2022-10-02T13:52:48.415-0400][817.101s] GC(26)   Merge Heap Roots: 0.2ms
[2022-10-02T13:52:48.415-0400][817.101s] GC(26)   Evacuate Collection Set: 7.2ms
[2022-10-02T13:52:48.415-0400][817.101s] GC(26)   Post Evacuate Collection Set: 0.4ms
[2022-10-02T13:52:48.415-0400][817.101s] GC(26)   Other: 0.1ms
[2022-10-02T13:52:48.415-0400][817.101s] GC(26) Eden regions: 216->0(215)
[2022-10-02T13:52:48.415-0400][817.101s] GC(26) Survivor regions: 17->16(30)
[2022-10-02T13:52:48.415-0400][817.101s] GC(26) Old regions: 200->203
[2022-10-02T13:52:48.415-0400][817.101s] GC(26) Archive regions: 2->2
[2022-10-02T13:52:48.415-0400][817.101s] GC(26) Humongous regions: 8->8
[2022-10-02T13:52:48.415-0400][817.101s] GC(26) Metaspace: 54624K(55168K)->54624K(55168K) NonClass: 48310K(48576K)->48310K(48576K) Class: 6313K(6592K)->6313K(6592K)
[2022-10-02T13:52:48.415-0400][817.101s] GC(26) Pause Young (Normal) (G1 Evacuation Pause) 440M->227M(512M) 8.243ms
[2022-10-02T13:52:48.415-0400][817.101s] GC(26) User=0.05s Sys=0.00s Real=0.01s
[2022-10-02T13:52:49.105-0400][817.791s] GC(27) Pause Young (Normal) (G1 Evacuation Pause)
[2022-10-02T13:52:49.105-0400][817.791s] GC(27) Using 8 workers of 8 for evacuation
[2022-10-02T13:52:49.113-0400][817.799s] GC(27)   Pre Evacuate Collection Set: 0.1ms
[2022-10-02T13:52:49.113-0400][817.799s] GC(27)   Merge Heap Roots: 0.1ms
[2022-10-02T13:52:49.113-0400][817.799s] GC(27)   Evacuate Collection Set: 7.3ms
[2022-10-02T13:52:49.113-0400][817.799s] GC(27)   Post Evacuate Collection Set: 0.5ms
[2022-10-02T13:52:49.113-0400][817.799s] GC(27)   Other: 0.1ms
[2022-10-02T13:52:49.113-0400][817.799s] GC(27) Eden regions: 215->0(211)
[2022-10-02T13:52:49.113-0400][817.799s] GC(27) Survivor regions: 16->16(29)
[2022-10-02T13:52:49.113-0400][817.799s] GC(27) Old regions: 203->207
[2022-10-02T13:52:49.113-0400][817.799s] GC(27) Archive regions: 2->2
[2022-10-02T13:52:49.113-0400][817.799s] GC(27) Humongous regions: 8->8
[2022-10-02T13:52:49.113-0400][817.799s] GC(27) Metaspace: 54625K(55168K)->54625K(55168K) NonClass: 48311K(48576K)->48311K(48576K) Class: 6313K(6592K)->6313K(6592K)
[2022-10-02T13:52:49.113-0400][817.799s] GC(27) Pause Young (Normal) (G1 Evacuation Pause) 442M->230M(512M) 8.368ms
[2022-10-02T13:52:49.113-0400][817.799s] GC(27) User=0.06s Sys=0.00s Real=0.01s
[2022-10-02T13:52:49.716-0400][818.402s] GC(28) Pause Young (Normal) (G1 Evacuation Pause)
[2022-10-02T13:52:49.716-0400][818.402s] GC(28) Using 8 workers of 8 for evacuation
[2022-10-02T13:52:49.724-0400][818.410s] GC(28)   Pre Evacuate Collection Set: 0.1ms
[2022-10-02T13:52:49.724-0400][818.410s] GC(28)   Merge Heap Roots: 0.2ms
[2022-10-02T13:52:49.724-0400][818.410s] GC(28)   Evacuate Collection Set: 6.8ms
[2022-10-02T13:52:49.724-0400][818.410s] GC(28)   Post Evacuate Collection Set: 0.7ms
[2022-10-02T13:52:49.724-0400][818.410s] GC(28)   Other: 0.1ms
[2022-10-02T13:52:49.724-0400][818.410s] GC(28) Eden regions: 211->0(208)
[2022-10-02T13:52:49.724-0400][818.410s] GC(28) Survivor regions: 16->16(29)
[2022-10-02T13:52:49.724-0400][818.410s] GC(28) Old regions: 207->210
[2022-10-02T13:52:49.724-0400][818.410s] GC(28) Archive regions: 2->2
[2022-10-02T13:52:49.724-0400][818.410s] GC(28) Humongous regions: 8->8
[2022-10-02T13:52:49.724-0400][818.410s] GC(28) Metaspace: 54625K(55168K)->54625K(55168K) NonClass: 48311K(48576K)->48311K(48576K) Class: 6313K(6592K)->6313K(6592K)
[2022-10-02T13:52:49.724-0400][818.410s] GC(28) Pause Young (Normal) (G1 Evacuation Pause) 441M->234M(512M) 8.186ms
[2022-10-02T13:52:49.724-0400][818.410s] GC(28) User=0.05s Sys=0.00s Real=0.01s
[2022-10-02T13:52:50.327-0400][819.013s] GC(29) Pause Young (Normal) (G1 Evacuation Pause)
[2022-10-02T13:52:50.327-0400][819.013s] GC(29) Using 8 workers of 8 for evacuation
[2022-10-02T13:52:50.334-0400][819.020s] GC(29)   Pre Evacuate Collection Set: 0.1ms
[2022-10-02T13:52:50.334-0400][819.020s] GC(29)   Merge Heap Roots: 0.1ms
[2022-10-02T13:52:50.334-0400][819.020s] GC(29)   Evacuate Collection Set: 6.7ms
[2022-10-02T13:52:50.334-0400][819.020s] GC(29)   Post Evacuate Collection Set: 0.4ms
[2022-10-02T13:52:50.334-0400][819.020s] GC(29)   Other: 0.1ms
[2022-10-02T13:52:50.334-0400][819.020s] GC(29) Eden regions: 208->0(205)
[2022-10-02T13:52:50.334-0400][819.020s] GC(29) Survivor regions: 16->16(28)
[2022-10-02T13:52:50.334-0400][819.020s] GC(29) Old regions: 210->213
[2022-10-02T13:52:50.334-0400][819.020s] GC(29) Archive regions: 2->2
[2022-10-02T13:52:50.334-0400][819.020s] GC(29) Humongous regions: 8->8
[2022-10-02T13:52:50.334-0400][819.021s] GC(29) Metaspace: 54625K(55168K)->54625K(55168K) NonClass: 48311K(48576K)->48311K(48576K) Class: 6313K(6592K)->6313K(6592K)
[2022-10-02T13:52:50.334-0400][819.021s] GC(29) Pause Young (Normal) (G1 Evacuation Pause) 442M->237M(512M) 7.752ms
[2022-10-02T13:52:50.334-0400][819.021s] GC(29) User=0.05s Sys=0.00s Real=0.01s
[2022-10-02T13:52:50.924-0400][819.611s] GC(30) Pause Young (Normal) (G1 Evacuation Pause)
[2022-10-02T13:52:50.924-0400][819.611s] GC(30) Using 8 workers of 8 for evacuation
[2022-10-02T13:52:50.932-0400][819.618s] GC(30)   Pre Evacuate Collection Set: 0.1ms
[2022-10-02T13:52:50.932-0400][819.618s] GC(30)   Merge Heap Roots: 0.2ms
[2022-10-02T13:52:50.932-0400][819.618s] GC(30)   Evacuate Collection Set: 6.5ms
[2022-10-02T13:52:50.932-0400][819.618s] GC(30)   Post Evacuate Collection Set: 0.5ms
[2022-10-02T13:52:50.932-0400][819.618s] GC(30)   Other: 0.1ms
[2022-10-02T13:52:50.932-0400][819.618s] GC(30) Eden regions: 205->0(201)
[2022-10-02T13:52:50.932-0400][819.618s] GC(30) Survivor regions: 16->16(28)
[2022-10-02T13:52:50.932-0400][819.618s] GC(30) Old regions: 213->217
[2022-10-02T13:52:50.932-0400][819.618s] GC(30) Archive regions: 2->2
[2022-10-02T13:52:50.932-0400][819.618s] GC(30) Humongous regions: 8->8
[2022-10-02T13:52:50.932-0400][819.618s] GC(30) Metaspace: 54625K(55168K)->54625K(55168K) NonClass: 48311K(48576K)->48311K(48576K) Class: 6313K(6592K)->6313K(6592K)
[2022-10-02T13:52:50.932-0400][819.618s] GC(30) Pause Young (Normal) (G1 Evacuation Pause) 442M->240M(512M) 7.595ms
[2022-10-02T13:52:50.932-0400][819.618s] GC(30) User=0.05s Sys=0.00s Real=0.01s
[2022-10-02T13:52:51.479-0400][820.166s] GC(31) Pause Young (Normal) (G1 Evacuation Pause)
[2022-10-02T13:52:51.479-0400][820.166s] GC(31) Using 8 workers of 8 for evacuation
[2022-10-02T13:52:51.487-0400][820.173s] GC(31)   Pre Evacuate Collection Set: 0.1ms
[2022-10-02T13:52:51.487-0400][820.173s] GC(31)   Merge Heap Roots: 0.1ms
[2022-10-02T13:52:51.487-0400][820.173s] GC(31)   Evacuate Collection Set: 6.8ms
[2022-10-02T13:52:51.487-0400][820.173s] GC(31)   Post Evacuate Collection Set: 0.5ms
[2022-10-02T13:52:51.487-0400][820.173s] GC(31)   Other: 0.1ms
[2022-10-02T13:52:51.487-0400][820.173s] GC(31) Eden regions: 201->0(198)
[2022-10-02T13:52:51.487-0400][820.173s] GC(31) Survivor regions: 16->16(28)
[2022-10-02T13:52:51.487-0400][820.173s] GC(31) Old regions: 217->220
[2022-10-02T13:52:51.487-0400][820.173s] GC(31) Archive regions: 2->2
[2022-10-02T13:52:51.487-0400][820.173s] GC(31) Humongous regions: 8->8
[2022-10-02T13:52:51.487-0400][820.173s] GC(31) Metaspace: 54625K(55168K)->54625K(55168K) NonClass: 48311K(48576K)->48311K(48576K) Class: 6313K(6592K)->6313K(6592K)
[2022-10-02T13:52:51.487-0400][820.173s] GC(31) Pause Young (Normal) (G1 Evacuation Pause) 441M->243M(512M) 7.930ms
[2022-10-02T13:52:51.487-0400][820.173s] GC(31) User=0.05s Sys=0.00s Real=0.01s
[2022-10-02T13:52:52.035-0400][820.721s] GC(32) Pause Young (Normal) (G1 Evacuation Pause)
[2022-10-02T13:52:52.035-0400][820.721s] GC(32) Using 8 workers of 8 for evacuation
[2022-10-02T13:52:52.042-0400][820.728s] GC(32)   Pre Evacuate Collection Set: 0.1ms
[2022-10-02T13:52:52.042-0400][820.728s] GC(32)   Merge Heap Roots: 0.2ms
[2022-10-02T13:52:52.042-0400][820.728s] GC(32)   Evacuate Collection Set: 6.3ms
[2022-10-02T13:52:52.042-0400][820.728s] GC(32)   Post Evacuate Collection Set: 0.6ms
[2022-10-02T13:52:52.042-0400][820.728s] GC(32)   Other: 0.1ms
[2022-10-02T13:52:52.042-0400][820.728s] GC(32) Eden regions: 198->0(197)
[2022-10-02T13:52:52.042-0400][820.728s] GC(32) Survivor regions: 16->15(27)
[2022-10-02T13:52:52.042-0400][820.728s] GC(32) Old regions: 220->223
[2022-10-02T13:52:52.042-0400][820.728s] GC(32) Archive regions: 2->2
[2022-10-02T13:52:52.042-0400][820.728s] GC(32) Humongous regions: 8->8
[2022-10-02T13:52:52.042-0400][820.728s] GC(32) Metaspace: 54625K(55168K)->54625K(55168K) NonClass: 48311K(48576K)->48311K(48576K) Class: 6313K(6592K)->6313K(6592K)
[2022-10-02T13:52:52.042-0400][820.729s] GC(32) Pause Young (Normal) (G1 Evacuation Pause) 441M->246M(512M) 7.544ms
[2022-10-02T13:52:52.042-0400][820.729s] GC(32) User=0.05s Sys=0.00s Real=0.01s
[2022-10-02T13:52:52.634-0400][821.320s] GC(33) Pause Young (Concurrent Start) (G1 Evacuation Pause)
[2022-10-02T13:52:52.634-0400][821.320s] GC(33) Using 8 workers of 8 for evacuation
[2022-10-02T13:52:52.641-0400][821.327s] GC(33)   Pre Evacuate Collection Set: 0.2ms
[2022-10-02T13:52:52.641-0400][821.327s] GC(33)   Merge Heap Roots: 0.1ms
[2022-10-02T13:52:52.641-0400][821.327s] GC(33)   Evacuate Collection Set: 6.3ms
[2022-10-02T13:52:52.641-0400][821.327s] GC(33)   Post Evacuate Collection Set: 0.3ms
[2022-10-02T13:52:52.641-0400][821.327s] GC(33)   Other: 0.1ms
[2022-10-02T13:52:52.641-0400][821.327s] GC(33) Eden regions: 197->0(194)
[2022-10-02T13:52:52.641-0400][821.327s] GC(33) Survivor regions: 15->15(27)
[2022-10-02T13:52:52.641-0400][821.327s] GC(33) Old regions: 223->226
[2022-10-02T13:52:52.641-0400][821.327s] GC(33) Archive regions: 2->2
[2022-10-02T13:52:52.641-0400][821.327s] GC(33) Humongous regions: 8->8
[2022-10-02T13:52:52.641-0400][821.327s] GC(33) Metaspace: 54625K(55168K)->54625K(55168K) NonClass: 48311K(48576K)->48311K(48576K) Class: 6313K(6592K)->6313K(6592K)
[2022-10-02T13:52:52.641-0400][821.327s] GC(33) Pause Young (Concurrent Start) (G1 Evacuation Pause) 443M->249M(512M) 7.243ms
[2022-10-02T13:52:52.641-0400][821.327s] GC(33) User=0.05s Sys=0.00s Real=0.01s
[2022-10-02T13:52:52.641-0400][821.328s] GC(34) Concurrent Mark Cycle
[2022-10-02T13:52:52.641-0400][821.328s] GC(34) Concurrent Clear Claimed Marks
[2022-10-02T13:52:52.641-0400][821.328s] GC(34) Concurrent Clear Claimed Marks 0.020ms
[2022-10-02T13:52:52.641-0400][821.328s] GC(34) Concurrent Scan Root Regions
[2022-10-02T13:52:52.647-0400][821.334s] GC(34) Concurrent Scan Root Regions 6.164ms
[2022-10-02T13:52:52.648-0400][821.334s] GC(34) Concurrent Mark
[2022-10-02T13:52:52.648-0400][821.334s] GC(34) Concurrent Mark From Roots
[2022-10-02T13:52:52.648-0400][821.334s] GC(34) Using 2 workers of 2 for marking
[2022-10-02T13:52:52.687-0400][821.373s] GC(34) Concurrent Mark From Roots 38.957ms
[2022-10-02T13:52:52.687-0400][821.373s] GC(34) Concurrent Preclean
[2022-10-02T13:52:52.687-0400][821.373s] GC(34) Concurrent Preclean 0.195ms
[2022-10-02T13:52:52.687-0400][821.373s] GC(34) Pause Remark
[2022-10-02T13:52:52.707-0400][821.393s] GC(34) Pause Remark 264M->192M(512M) 20.044ms
[2022-10-02T13:52:52.707-0400][821.394s] GC(34) User=0.02s Sys=0.08s Real=0.02s
[2022-10-02T13:52:52.707-0400][821.394s] GC(34) Concurrent Mark 59.765ms
[2022-10-02T13:52:52.707-0400][821.394s] GC(34) Concurrent Rebuild Remembered Sets
[2022-10-02T13:52:52.736-0400][821.422s] GC(34) Concurrent Rebuild Remembered Sets 28.742ms
[2022-10-02T13:52:52.736-0400][821.423s] GC(34) Pause Cleanup
[2022-10-02T13:52:52.737-0400][821.423s] GC(34) Pause Cleanup 201M->201M(512M) 0.193ms
[2022-10-02T13:52:52.737-0400][821.423s] GC(34) User=0.00s Sys=0.00s Real=0.00s
[2022-10-02T13:52:52.737-0400][821.423s] GC(34) Concurrent Cleanup for Next Mark
[2022-10-02T13:52:52.737-0400][821.423s] GC(34) Concurrent Cleanup for Next Mark 0.492ms
[2022-10-02T13:52:52.737-0400][821.423s] GC(34) Concurrent Mark Cycle 95.891ms
[2022-10-02T13:52:53.208-0400][821.894s] GC(35) Pause Young (Prepare Mixed) (G1 Evacuation Pause)
[2022-10-02T13:52:53.208-0400][821.894s] GC(35) Using 8 workers of 8 for evacuation
[2022-10-02T13:52:53.213-0400][821.899s] GC(35)   Pre Evacuate Collection Set: 0.2ms
[2022-10-02T13:52:53.213-0400][821.899s] GC(35)   Merge Heap Roots: 0.2ms
[2022-10-02T13:52:53.213-0400][821.899s] GC(35)   Evacuate Collection Set: 3.9ms
[2022-10-02T13:52:53.213-0400][821.899s] GC(35)   Post Evacuate Collection Set: 0.6ms
[2022-10-02T13:52:53.213-0400][821.899s] GC(35)   Other: 0.1ms
[2022-10-02T13:52:53.213-0400][821.899s] GC(35) Eden regions: 194->0(15)
[2022-10-02T13:52:53.213-0400][821.899s] GC(35) Survivor regions: 15->10(27)
[2022-10-02T13:52:53.213-0400][821.899s] GC(35) Old regions: 154->156
[2022-10-02T13:52:53.213-0400][821.899s] GC(35) Archive regions: 2->2
[2022-10-02T13:52:53.213-0400][821.899s] GC(35) Humongous regions: 8->8
[2022-10-02T13:52:53.213-0400][821.899s] GC(35) Metaspace: 54378K(55168K)->54378K(55168K) NonClass: 48126K(48576K)->48126K(48576K) Class: 6251K(6592K)->6251K(6592K)
[2022-10-02T13:52:53.213-0400][821.899s] GC(35) Pause Young (Prepare Mixed) (G1 Evacuation Pause) 371M->174M(512M) 5.273ms
[2022-10-02T13:52:53.213-0400][821.899s] GC(35) User=0.03s Sys=0.00s Real=0.01s
[2022-10-02T13:52:53.255-0400][821.941s] GC(36) Pause Young (Mixed) (G1 Evacuation Pause)
[2022-10-02T13:52:53.255-0400][821.941s] GC(36) Using 8 workers of 8 for evacuation
[2022-10-02T13:52:53.260-0400][821.946s] GC(36)   Pre Evacuate Collection Set: 0.1ms
[2022-10-02T13:52:53.260-0400][821.946s] GC(36)   Merge Heap Roots: 0.2ms
[2022-10-02T13:52:53.260-0400][821.946s] GC(36)   Evacuate Collection Set: 4.4ms
[2022-10-02T13:52:53.260-0400][821.946s] GC(36)   Post Evacuate Collection Set: 0.3ms
[2022-10-02T13:52:53.260-0400][821.946s] GC(36)   Other: 0.2ms
[2022-10-02T13:52:53.260-0400][821.946s] GC(36) Eden regions: 15->0(23)
[2022-10-02T13:52:53.260-0400][821.946s] GC(36) Survivor regions: 10->2(4)
[2022-10-02T13:52:53.260-0400][821.947s] GC(36) Old regions: 156->115
[2022-10-02T13:52:53.260-0400][821.947s] GC(36) Archive regions: 2->2
[2022-10-02T13:52:53.260-0400][821.947s] GC(36) Humongous regions: 8->8
[2022-10-02T13:52:53.260-0400][821.947s] GC(36) Metaspace: 54378K(55168K)->54378K(55168K) NonClass: 48126K(48576K)->48126K(48576K) Class: 6251K(6592K)->6251K(6592K)
[2022-10-02T13:52:53.260-0400][821.947s] GC(36) Pause Young (Mixed) (G1 Evacuation Pause) 189M->124M(512M) 5.416ms
[2022-10-02T13:52:53.260-0400][821.947s] GC(36) User=0.03s Sys=0.01s Real=0.01s
[2022-10-02T13:52:53.325-0400][822.011s] GC(37) Pause Young (Mixed) (G1 Evacuation Pause)
[2022-10-02T13:52:53.325-0400][822.011s] GC(37) Using 8 workers of 8 for evacuation
[2022-10-02T13:52:53.329-0400][822.015s] GC(37)   Pre Evacuate Collection Set: 0.1ms
[2022-10-02T13:52:53.329-0400][822.015s] GC(37)   Merge Heap Roots: 0.1ms
[2022-10-02T13:52:53.329-0400][822.015s] GC(37)   Evacuate Collection Set: 2.9ms
[2022-10-02T13:52:53.329-0400][822.015s] GC(37)   Post Evacuate Collection Set: 0.4ms
[2022-10-02T13:52:53.329-0400][822.015s] GC(37)   Other: 0.1ms
[2022-10-02T13:52:53.329-0400][822.015s] GC(37) Eden regions: 23->0(306)
[2022-10-02T13:52:53.329-0400][822.015s] GC(37) Survivor regions: 2->1(4)
[2022-10-02T13:52:53.329-0400][822.015s] GC(37) Old regions: 115->114
[2022-10-02T13:52:53.329-0400][822.015s] GC(37) Archive regions: 2->2
[2022-10-02T13:52:53.329-0400][822.015s] GC(37) Humongous regions: 8->8
[2022-10-02T13:52:53.329-0400][822.015s] GC(37) Metaspace: 54378K(55168K)->54378K(55168K) NonClass: 48126K(48576K)->48126K(48576K) Class: 6251K(6592K)->6251K(6592K)
[2022-10-02T13:52:53.329-0400][822.015s] GC(37) Pause Young (Mixed) (G1 Evacuation Pause) 147M->122M(512M) 3.888ms
[2022-10-02T13:52:53.329-0400][822.015s] GC(37) User=0.02s Sys=0.00s Real=0.00s
[2022-10-02T13:52:54.181-0400][822.867s] GC(38) Pause Young (Normal) (G1 Evacuation Pause)
[2022-10-02T13:52:54.181-0400][822.867s] GC(38) Using 8 workers of 8 for evacuation
[2022-10-02T13:52:54.184-0400][822.870s] GC(38)   Pre Evacuate Collection Set: 0.1ms
[2022-10-02T13:52:54.184-0400][822.870s] GC(38)   Merge Heap Roots: 0.2ms
[2022-10-02T13:52:54.184-0400][822.870s] GC(38)   Evacuate Collection Set: 2.2ms
[2022-10-02T13:52:54.184-0400][822.870s] GC(38)   Post Evacuate Collection Set: 0.5ms
[2022-10-02T13:52:54.184-0400][822.870s] GC(38)   Other: 0.1ms
[2022-10-02T13:52:54.184-0400][822.870s] GC(38) Eden regions: 306->0(302)
[2022-10-02T13:52:54.184-0400][822.870s] GC(38) Survivor regions: 1->5(39)
[2022-10-02T13:52:54.184-0400][822.870s] GC(38) Old regions: 114->114
[2022-10-02T13:52:54.184-0400][822.870s] GC(38) Archive regions: 2->2
[2022-10-02T13:52:54.184-0400][822.870s] GC(38) Humongous regions: 8->8
[2022-10-02T13:52:54.184-0400][822.870s] GC(38) Metaspace: 54378K(55168K)->54378K(55168K) NonClass: 48126K(48576K)->48126K(48576K) Class: 6251K(6592K)->6251K(6592K)
[2022-10-02T13:52:54.184-0400][822.870s] GC(38) Pause Young (Normal) (G1 Evacuation Pause) 428M->126M(512M) 3.371ms
[2022-10-02T13:52:54.184-0400][822.870s] GC(38) User=0.02s Sys=0.00s Real=0.00s
[2022-10-02T13:52:55.044-0400][823.731s] GC(39) Pause Young (Normal) (G1 Evacuation Pause)
[2022-10-02T13:52:55.044-0400][823.731s] GC(39) Using 8 workers of 8 for evacuation
[2022-10-02T13:52:55.049-0400][823.735s] GC(39)   Pre Evacuate Collection Set: 0.1ms
[2022-10-02T13:52:55.049-0400][823.735s] GC(39)   Merge Heap Roots: 0.2ms
[2022-10-02T13:52:55.049-0400][823.735s] GC(39)   Evacuate Collection Set: 3.7ms
[2022-10-02T13:52:55.049-0400][823.735s] GC(39)   Post Evacuate Collection Set: 0.5ms
[2022-10-02T13:52:55.049-0400][823.735s] GC(39)   Other: 0.1ms
[2022-10-02T13:52:55.049-0400][823.736s] GC(39) Eden regions: 302->0(298)
[2022-10-02T13:52:55.049-0400][823.736s] GC(39) Survivor regions: 5->9(39)
[2022-10-02T13:52:55.049-0400][823.736s] GC(39) Old regions: 114->114
[2022-10-02T13:52:55.049-0400][823.736s] GC(39) Archive regions: 2->2
[2022-10-02T13:52:55.049-0400][823.736s] GC(39) Humongous regions: 8->8
[2022-10-02T13:52:55.049-0400][823.736s] GC(39) Metaspace: 54378K(55168K)->54378K(55168K) NonClass: 48126K(48576K)->48126K(48576K) Class: 6251K(6592K)->6251K(6592K)
[2022-10-02T13:52:55.049-0400][823.736s] GC(39) Pause Young (Normal) (G1 Evacuation Pause) 428M->131M(512M) 4.897ms
[2022-10-02T13:52:55.049-0400][823.736s] GC(39) User=0.03s Sys=0.00s Real=0.00s
[2022-10-02T13:52:55.878-0400][824.564s] GC(40) Pause Young (Normal) (G1 Evacuation Pause)
[2022-10-02T13:52:55.878-0400][824.564s] GC(40) Using 8 workers of 8 for evacuation
[2022-10-02T13:52:55.884-0400][824.570s] GC(40)   Pre Evacuate Collection Set: 0.1ms
[2022-10-02T13:52:55.884-0400][824.570s] GC(40)   Merge Heap Roots: 0.2ms
[2022-10-02T13:52:55.884-0400][824.570s] GC(40)   Evacuate Collection Set: 5.1ms
[2022-10-02T13:52:55.884-0400][824.570s] GC(40)   Post Evacuate Collection Set: 0.4ms
[2022-10-02T13:52:55.884-0400][824.570s] GC(40)   Other: 0.1ms
[2022-10-02T13:52:55.884-0400][824.570s] GC(40) Eden regions: 298->0(293)
[2022-10-02T13:52:55.884-0400][824.570s] GC(40) Survivor regions: 9->14(39)
[2022-10-02T13:52:55.884-0400][824.570s] GC(40) Old regions: 114->114
[2022-10-02T13:52:55.884-0400][824.570s] GC(40) Archive regions: 2->2
[2022-10-02T13:52:55.884-0400][824.570s] GC(40) Humongous regions: 8->8
[2022-10-02T13:52:55.884-0400][824.570s] GC(40) Metaspace: 54378K(55168K)->54378K(55168K) NonClass: 48126K(48576K)->48126K(48576K) Class: 6251K(6592K)->6251K(6592K)
[2022-10-02T13:52:55.884-0400][824.570s] GC(40) Pause Young (Normal) (G1 Evacuation Pause) 429M->135M(512M) 6.162ms
[2022-10-02T13:52:55.884-0400][824.570s] GC(40) User=0.04s Sys=0.00s Real=0.01s
[2022-10-02T13:52:56.686-0400][825.372s] GC(41) Pause Young (Normal) (G1 Evacuation Pause)
[2022-10-02T13:52:56.686-0400][825.372s] GC(41) Using 8 workers of 8 for evacuation
[2022-10-02T13:52:56.693-0400][825.380s] GC(41)   Pre Evacuate Collection Set: 0.1ms
[2022-10-02T13:52:56.693-0400][825.380s] GC(41)   Merge Heap Roots: 0.2ms
[2022-10-02T13:52:56.693-0400][825.380s] GC(41)   Evacuate Collection Set: 6.4ms
[2022-10-02T13:52:56.693-0400][825.380s] GC(41)   Post Evacuate Collection Set: 0.5ms
[2022-10-02T13:52:56.693-0400][825.380s] GC(41)   Other: 0.1ms
[2022-10-02T13:52:56.693-0400][825.380s] GC(41) Eden regions: 293->0(289)
[2022-10-02T13:52:56.693-0400][825.380s] GC(41) Survivor regions: 14->18(39)
[2022-10-02T13:52:56.693-0400][825.380s] GC(41) Old regions: 114->114
[2022-10-02T13:52:56.693-0400][825.380s] GC(41) Archive regions: 2->2
[2022-10-02T13:52:56.693-0400][825.380s] GC(41) Humongous regions: 8->8
[2022-10-02T13:52:56.693-0400][825.380s] GC(41) Metaspace: 54378K(55168K)->54378K(55168K) NonClass: 48126K(48576K)->48126K(48576K) Class: 6251K(6592K)->6251K(6592K)
[2022-10-02T13:52:56.693-0400][825.380s] GC(41) Pause Young (Normal) (G1 Evacuation Pause) 428M->139M(512M) 7.588ms
[2022-10-02T13:52:56.693-0400][825.380s] GC(41) User=0.05s Sys=0.00s Real=0.01s
[2022-10-02T13:53:05.494-0400][834.180s] GC(42) Pause Young (Normal) (G1 Evacuation Pause)
[2022-10-02T13:53:05.494-0400][834.180s] GC(42) Using 8 workers of 8 for evacuation
[2022-10-02T13:53:05.509-0400][834.195s] GC(42)   Pre Evacuate Collection Set: 0.1ms
[2022-10-02T13:53:05.509-0400][834.195s] GC(42)   Merge Heap Roots: 0.1ms
[2022-10-02T13:53:05.509-0400][834.195s] GC(42)   Evacuate Collection Set: 14.0ms
[2022-10-02T13:53:05.509-0400][834.195s] GC(42)   Post Evacuate Collection Set: 0.7ms
[2022-10-02T13:53:05.509-0400][834.195s] GC(42)   Other: 0.1ms
[2022-10-02T13:53:05.509-0400][834.195s] GC(42) Eden regions: 289->0(243)
[2022-10-02T13:53:05.509-0400][834.195s] GC(42) Survivor regions: 18->39(39)
[2022-10-02T13:53:05.509-0400][834.195s] GC(42) Old regions: 114->125
[2022-10-02T13:53:05.509-0400][834.195s] GC(42) Archive regions: 2->2
[2022-10-02T13:53:05.509-0400][834.195s] GC(42) Humongous regions: 8->8
[2022-10-02T13:53:05.509-0400][834.195s] GC(42) Metaspace: 54392K(55168K)->54392K(55168K) NonClass: 48139K(48576K)->48139K(48576K) Class: 6252K(6592K)->6252K(6592K)
[2022-10-02T13:53:05.509-0400][834.195s] GC(42) Pause Young (Normal) (G1 Evacuation Pause) 428M->172M(512M) 15.258ms
[2022-10-02T13:53:05.509-0400][834.195s] GC(42) User=0.11s Sys=0.00s Real=0.01s
[2022-10-02T13:53:05.695-0400][834.381s] GC(43) Pause Young (Normal) (G1 Evacuation Pause)
[2022-10-02T13:53:05.695-0400][834.381s] GC(43) Using 8 workers of 8 for evacuation
[2022-10-02T13:53:05.724-0400][834.410s] GC(43)   Pre Evacuate Collection Set: 0.1ms
[2022-10-02T13:53:05.724-0400][834.410s] GC(43)   Merge Heap Roots: 0.2ms
[2022-10-02T13:53:05.724-0400][834.410s] GC(43)   Evacuate Collection Set: 24.1ms
[2022-10-02T13:53:05.724-0400][834.410s] GC(43)   Post Evacuate Collection Set: 4.6ms
[2022-10-02T13:53:05.724-0400][834.410s] GC(43)   Other: 0.1ms
[2022-10-02T13:53:05.724-0400][834.411s] GC(43) Eden regions: 243->0(131)
[2022-10-02T13:53:05.724-0400][834.411s] GC(43) Survivor regions: 39->36(36)
[2022-10-02T13:53:05.724-0400][834.411s] GC(43) Old regions: 125->226
[2022-10-02T13:53:05.724-0400][834.411s] GC(43) Archive regions: 2->2
[2022-10-02T13:53:05.724-0400][834.411s] GC(43) Humongous regions: 8->8
[2022-10-02T13:53:05.724-0400][834.411s] GC(43) Metaspace: 54392K(55168K)->54392K(55168K) NonClass: 48139K(48576K)->48139K(48576K) Class: 6252K(6592K)->6252K(6592K)
[2022-10-02T13:53:05.724-0400][834.411s] GC(43) Pause Young (Normal) (G1 Evacuation Pause) (Evacuation Failure) 415M->270M(512M) 29.427ms
[2022-10-02T13:53:05.724-0400][834.411s] GC(43) User=0.19s Sys=0.00s Real=0.03s
[2022-10-02T13:53:05.829-0400][834.515s] GC(44) Pause Young (Concurrent Start) (G1 Evacuation Pause)
[2022-10-02T13:53:05.829-0400][834.515s] GC(44) Using 8 workers of 8 for evacuation
[2022-10-02T13:53:05.843-0400][834.529s] GC(44)   Pre Evacuate Collection Set: 0.2ms
[2022-10-02T13:53:05.843-0400][834.529s] GC(44)   Merge Heap Roots: 0.2ms
[2022-10-02T13:53:05.843-0400][834.529s] GC(44)   Evacuate Collection Set: 12.9ms
[2022-10-02T13:53:05.843-0400][834.529s] GC(44)   Post Evacuate Collection Set: 0.5ms
[2022-10-02T13:53:05.843-0400][834.529s] GC(44)   Other: 0.1ms
[2022-10-02T13:53:05.843-0400][834.529s] GC(44) Eden regions: 131->0(98)
[2022-10-02T13:53:05.843-0400][834.529s] GC(44) Survivor regions: 36->21(21)
[2022-10-02T13:53:05.843-0400][834.529s] GC(44) Old regions: 226->278
[2022-10-02T13:53:05.843-0400][834.529s] GC(44) Archive regions: 2->2
[2022-10-02T13:53:05.843-0400][834.529s] GC(44) Humongous regions: 8->8
[2022-10-02T13:53:05.843-0400][834.529s] GC(44) Metaspace: 54392K(55168K)->54392K(55168K) NonClass: 48139K(48576K)->48139K(48576K) Class: 6252K(6592K)->6252K(6592K)
[2022-10-02T13:53:05.843-0400][834.529s] GC(44) Pause Young (Concurrent Start) (G1 Evacuation Pause) 401M->307M(512M) 14.119ms
[2022-10-02T13:53:05.843-0400][834.529s] GC(44) User=0.10s Sys=0.00s Real=0.02s
[2022-10-02T13:53:05.843-0400][834.529s] GC(45) Concurrent Mark Cycle
[2022-10-02T13:53:05.843-0400][834.529s] GC(45) Concurrent Clear Claimed Marks
[2022-10-02T13:53:05.843-0400][834.529s] GC(45) Concurrent Clear Claimed Marks 0.020ms
[2022-10-02T13:53:05.843-0400][834.529s] GC(45) Concurrent Scan Root Regions
[2022-10-02T13:53:05.852-0400][834.539s] GC(45) Concurrent Scan Root Regions 9.227ms
[2022-10-02T13:53:05.852-0400][834.539s] GC(45) Concurrent Mark
[2022-10-02T13:53:05.852-0400][834.539s] GC(45) Concurrent Mark From Roots
[2022-10-02T13:53:05.852-0400][834.539s] GC(45) Using 2 workers of 2 for marking
[2022-10-02T13:53:05.887-0400][834.573s] GC(45) Concurrent Mark From Roots 34.861ms
[2022-10-02T13:53:05.887-0400][834.573s] GC(45) Concurrent Preclean
[2022-10-02T13:53:05.887-0400][834.574s] GC(45) Concurrent Preclean 0.088ms
[2022-10-02T13:53:05.887-0400][834.574s] GC(45) Pause Remark
[2022-10-02T13:53:05.890-0400][834.576s] GC(45) Pause Remark 322M->244M(512M) 2.615ms
[2022-10-02T13:53:05.890-0400][834.577s] GC(45) User=0.01s Sys=0.00s Real=0.01s
[2022-10-02T13:53:05.890-0400][834.577s] GC(45) Concurrent Mark 38.011ms
[2022-10-02T13:53:05.890-0400][834.577s] GC(45) Concurrent Rebuild Remembered Sets
[2022-10-02T13:53:05.933-0400][834.619s] GC(45) Concurrent Rebuild Remembered Sets 42.620ms
[2022-10-02T13:53:05.947-0400][834.634s] GC(45) Pause Cleanup
[2022-10-02T13:53:05.948-0400][834.634s] GC(45) Pause Cleanup 258M->258M(512M) 0.277ms
[2022-10-02T13:53:05.948-0400][834.634s] GC(45) User=0.00s Sys=0.00s Real=0.00s
[2022-10-02T13:53:05.948-0400][834.635s] GC(45) Concurrent Cleanup for Next Mark
[2022-10-02T13:53:05.949-0400][834.635s] GC(45) Concurrent Cleanup for Next Mark 0.508ms
[2022-10-02T13:53:05.949-0400][834.635s] GC(45) Concurrent Mark Cycle 105.997ms
[2022-10-02T13:53:06.147-0400][834.833s] GC(46) Pause Young (Prepare Mixed) (G1 Evacuation Pause)
[2022-10-02T13:53:06.147-0400][834.834s] GC(46) Using 8 workers of 8 for evacuation
[2022-10-02T13:53:06.152-0400][834.838s] GC(46)   Pre Evacuate Collection Set: 0.1ms
[2022-10-02T13:53:06.152-0400][834.839s] GC(46)   Merge Heap Roots: 0.1ms
[2022-10-02T13:53:06.152-0400][834.839s] GC(46)   Evacuate Collection Set: 4.2ms
[2022-10-02T13:53:06.152-0400][834.839s] GC(46)   Post Evacuate Collection Set: 0.5ms
[2022-10-02T13:53:06.152-0400][834.839s] GC(46)   Other: 0.1ms
[2022-10-02T13:53:06.152-0400][834.839s] GC(46) Eden regions: 98->0(22)
[2022-10-02T13:53:06.152-0400][834.839s] GC(46) Survivor regions: 21->3(15)
[2022-10-02T13:53:06.152-0400][834.839s] GC(46) Old regions: 200->223
[2022-10-02T13:53:06.152-0400][834.839s] GC(46) Archive regions: 2->2
[2022-10-02T13:53:06.152-0400][834.839s] GC(46) Humongous regions: 8->8
[2022-10-02T13:53:06.152-0400][834.839s] GC(46) Metaspace: 54392K(55168K)->54392K(55168K) NonClass: 48139K(48576K)->48139K(48576K) Class: 6252K(6592K)->6252K(6592K)
[2022-10-02T13:53:06.152-0400][834.839s] GC(46) Pause Young (Prepare Mixed) (G1 Evacuation Pause) 327M->233M(512M) 5.186ms
[2022-10-02T13:53:06.152-0400][834.839s] GC(46) User=0.03s Sys=0.00s Real=0.01s
[2022-10-02T13:53:06.214-0400][834.900s] GC(47) Pause Young (Mixed) (G1 Evacuation Pause)
[2022-10-02T13:53:06.214-0400][834.900s] GC(47) Using 8 workers of 8 for evacuation
[2022-10-02T13:53:06.217-0400][834.903s] GC(47)   Pre Evacuate Collection Set: 0.1ms
[2022-10-02T13:53:06.217-0400][834.903s] GC(47)   Merge Heap Roots: 0.1ms
[2022-10-02T13:53:06.217-0400][834.903s] GC(47)   Evacuate Collection Set: 2.0ms
[2022-10-02T13:53:06.217-0400][834.903s] GC(47)   Post Evacuate Collection Set: 0.5ms
[2022-10-02T13:53:06.217-0400][834.903s] GC(47)   Other: 0.1ms
[2022-10-02T13:53:06.217-0400][834.903s] GC(47) Eden regions: 22->0(196)
[2022-10-02T13:53:06.217-0400][834.903s] GC(47) Survivor regions: 3->2(4)
[2022-10-02T13:53:06.217-0400][834.903s] GC(47) Old regions: 223->179
[2022-10-02T13:53:06.217-0400][834.903s] GC(47) Archive regions: 2->2
[2022-10-02T13:53:06.217-0400][834.903s] GC(47) Humongous regions: 8->8
[2022-10-02T13:53:06.217-0400][834.903s] GC(47) Metaspace: 54392K(55168K)->54392K(55168K) NonClass: 48139K(48576K)->48139K(48576K) Class: 6252K(6592K)->6252K(6592K)
[2022-10-02T13:53:06.217-0400][834.903s] GC(47) Pause Young (Mixed) (G1 Evacuation Pause) 255M->189M(512M) 3.087ms
[2022-10-02T13:53:06.217-0400][834.903s] GC(47) User=0.01s Sys=0.00s Real=0.00s
[2022-10-02T13:53:06.808-0400][835.494s] GC(48) Pause Young (Normal) (G1 Evacuation Pause)
[2022-10-02T13:53:06.808-0400][835.494s] GC(48) Using 8 workers of 8 for evacuation
[2022-10-02T13:53:06.811-0400][835.497s] GC(48)   Pre Evacuate Collection Set: 0.1ms
[2022-10-02T13:53:06.811-0400][835.497s] GC(48)   Merge Heap Roots: 0.1ms
[2022-10-02T13:53:06.811-0400][835.497s] GC(48)   Evacuate Collection Set: 2.2ms
[2022-10-02T13:53:06.811-0400][835.497s] GC(48)   Post Evacuate Collection Set: 0.5ms
[2022-10-02T13:53:06.811-0400][835.497s] GC(48)   Other: 0.1ms
[2022-10-02T13:53:06.811-0400][835.497s] GC(48) Eden regions: 196->0(206)
[2022-10-02T13:53:06.811-0400][835.497s] GC(48) Survivor regions: 2->5(25)
[2022-10-02T13:53:06.811-0400][835.497s] GC(48) Old regions: 179->179
[2022-10-02T13:53:06.811-0400][835.497s] GC(48) Archive regions: 2->2
[2022-10-02T13:53:06.811-0400][835.497s] GC(48) Humongous regions: 8->8
[2022-10-02T13:53:06.811-0400][835.497s] GC(48) Metaspace: 54392K(55168K)->54392K(55168K) NonClass: 48139K(48576K)->48139K(48576K) Class: 6252K(6592K)->6252K(6592K)
[2022-10-02T13:53:06.811-0400][835.497s] GC(48) Pause Young (Normal) (G1 Evacuation Pause) 385M->192M(512M) 3.263ms
[2022-10-02T13:53:06.811-0400][835.497s] GC(48) User=0.01s Sys=0.00s Real=0.01s
[2022-10-02T13:53:07.387-0400][836.073s] GC(49) Pause Young (Normal) (G1 Evacuation Pause)
[2022-10-02T13:53:07.387-0400][836.073s] GC(49) Using 8 workers of 8 for evacuation
[2022-10-02T13:53:07.391-0400][836.078s] GC(49)   Pre Evacuate Collection Set: 0.1ms
[2022-10-02T13:53:07.391-0400][836.078s] GC(49)   Merge Heap Roots: 0.1ms
[2022-10-02T13:53:07.391-0400][836.078s] GC(49)   Evacuate Collection Set: 3.4ms
[2022-10-02T13:53:07.391-0400][836.078s] GC(49)   Post Evacuate Collection Set: 0.6ms
[2022-10-02T13:53:07.391-0400][836.078s] GC(49)   Other: 0.1ms
[2022-10-02T13:53:07.391-0400][836.078s] GC(49) Eden regions: 206->0(213)
[2022-10-02T13:53:07.391-0400][836.078s] GC(49) Survivor regions: 5->8(27)
[2022-10-02T13:53:07.391-0400][836.078s] GC(49) Old regions: 179->179
[2022-10-02T13:53:07.391-0400][836.078s] GC(49) Archive regions: 2->2
[2022-10-02T13:53:07.391-0400][836.078s] GC(49) Humongous regions: 8->8
[2022-10-02T13:53:07.391-0400][836.078s] GC(49) Metaspace: 54392K(55168K)->54392K(55168K) NonClass: 48139K(48576K)->48139K(48576K) Class: 6252K(6592K)->6252K(6592K)
[2022-10-02T13:53:07.391-0400][836.078s] GC(49) Pause Young (Normal) (G1 Evacuation Pause) 398M->195M(512M) 4.581ms
[2022-10-02T13:53:07.391-0400][836.078s] GC(49) User=0.01s Sys=0.00s Real=0.01s
[2022-10-02T13:53:07.999-0400][836.685s] GC(50) Pause Young (Concurrent Start) (G1 Evacuation Pause)
[2022-10-02T13:53:07.999-0400][836.685s] GC(50) Using 8 workers of 8 for evacuation
[2022-10-02T13:53:08.004-0400][836.691s] GC(50)   Pre Evacuate Collection Set: 0.2ms
[2022-10-02T13:53:08.004-0400][836.691s] GC(50)   Merge Heap Roots: 0.2ms
[2022-10-02T13:53:08.004-0400][836.691s] GC(50)   Evacuate Collection Set: 4.4ms
[2022-10-02T13:53:08.004-0400][836.691s] GC(50)   Post Evacuate Collection Set: 0.4ms
[2022-10-02T13:53:08.004-0400][836.691s] GC(50)   Other: 0.1ms
[2022-10-02T13:53:08.004-0400][836.691s] GC(50) Eden regions: 213->0(218)
[2022-10-02T13:53:08.005-0400][836.691s] GC(50) Survivor regions: 8->11(28)
[2022-10-02T13:53:08.005-0400][836.691s] GC(50) Old regions: 179->179
[2022-10-02T13:53:08.005-0400][836.691s] GC(50) Archive regions: 2->2
[2022-10-02T13:53:08.005-0400][836.691s] GC(50) Humongous regions: 8->8
[2022-10-02T13:53:08.005-0400][836.691s] GC(50) Metaspace: 54392K(55168K)->54392K(55168K) NonClass: 48139K(48576K)->48139K(48576K) Class: 6252K(6592K)->6252K(6592K)
[2022-10-02T13:53:08.005-0400][836.691s] GC(50) Pause Young (Concurrent Start) (G1 Evacuation Pause) 408M->198M(512M) 5.489ms
[2022-10-02T13:53:08.005-0400][836.691s] GC(50) User=0.03s Sys=0.00s Real=0.01s
[2022-10-02T13:53:08.005-0400][836.691s] GC(51) Concurrent Mark Cycle
[2022-10-02T13:53:08.005-0400][836.691s] GC(51) Concurrent Clear Claimed Marks
[2022-10-02T13:53:08.005-0400][836.691s] GC(51) Concurrent Clear Claimed Marks 0.021ms
[2022-10-02T13:53:08.005-0400][836.691s] GC(51) Concurrent Scan Root Regions
[2022-10-02T13:53:08.008-0400][836.695s] GC(51) Concurrent Scan Root Regions 3.580ms
[2022-10-02T13:53:08.008-0400][836.695s] GC(51) Concurrent Mark
[2022-10-02T13:53:08.008-0400][836.695s] GC(51) Concurrent Mark From Roots
[2022-10-02T13:53:08.008-0400][836.695s] GC(51) Using 2 workers of 2 for marking
[2022-10-02T13:53:08.068-0400][836.755s] GC(51) Concurrent Mark From Roots 60.041ms
[2022-10-02T13:53:08.068-0400][836.755s] GC(51) Concurrent Preclean
[2022-10-02T13:53:08.068-0400][836.755s] GC(51) Concurrent Preclean 0.080ms
[2022-10-02T13:53:08.069-0400][836.755s] GC(51) Pause Remark
[2022-10-02T13:53:08.071-0400][836.757s] GC(51) Pause Remark 220M->220M(512M) 1.862ms
[2022-10-02T13:53:08.071-0400][836.757s] GC(51) User=0.02s Sys=0.00s Real=0.01s
[2022-10-02T13:53:08.071-0400][836.757s] GC(51) Concurrent Mark 62.323ms
[2022-10-02T13:53:08.071-0400][836.757s] GC(51) Concurrent Rebuild Remembered Sets
[2022-10-02T13:53:08.123-0400][836.810s] GC(51) Concurrent Rebuild Remembered Sets 52.730ms
[2022-10-02T13:53:08.124-0400][836.810s] GC(51) Pause Cleanup
[2022-10-02T13:53:08.124-0400][836.810s] GC(51) Pause Cleanup 236M->236M(512M) 0.231ms
[2022-10-02T13:53:08.124-0400][836.810s] GC(51) User=0.00s Sys=0.00s Real=0.00s
[2022-10-02T13:53:08.124-0400][836.810s] GC(51) Concurrent Cleanup for Next Mark
[2022-10-02T13:53:08.124-0400][836.811s] GC(51) Concurrent Cleanup for Next Mark 0.418ms
[2022-10-02T13:53:08.124-0400][836.811s] GC(51) Concurrent Mark Cycle 119.681ms
[2022-10-02T13:53:08.704-0400][837.390s] GC(52) Pause Young (Prepare Mixed) (G1 Evacuation Pause)
[2022-10-02T13:53:08.704-0400][837.390s] GC(52) Using 8 workers of 8 for evacuation
[2022-10-02T13:53:08.708-0400][837.394s] GC(52)   Pre Evacuate Collection Set: 0.1ms
[2022-10-02T13:53:08.708-0400][837.394s] GC(52)   Merge Heap Roots: 0.1ms
[2022-10-02T13:53:08.708-0400][837.394s] GC(52)   Evacuate Collection Set: 3.1ms
[2022-10-02T13:53:08.708-0400][837.394s] GC(52)   Post Evacuate Collection Set: 0.5ms
[2022-10-02T13:53:08.708-0400][837.394s] GC(52)   Other: 0.1ms
[2022-10-02T13:53:08.708-0400][837.394s] GC(52) Eden regions: 218->0(15)
[2022-10-02T13:53:08.708-0400][837.394s] GC(52) Survivor regions: 11->10(29)
[2022-10-02T13:53:08.708-0400][837.394s] GC(52) Old regions: 179->179
[2022-10-02T13:53:08.708-0400][837.394s] GC(52) Archive regions: 2->2
[2022-10-02T13:53:08.708-0400][837.394s] GC(52) Humongous regions: 8->8
[2022-10-02T13:53:08.708-0400][837.394s] GC(52) Metaspace: 54392K(55168K)->54392K(55168K) NonClass: 48139K(48576K)->48139K(48576K) Class: 6252K(6592K)->6252K(6592K)
[2022-10-02T13:53:08.708-0400][837.394s] GC(52) Pause Young (Prepare Mixed) (G1 Evacuation Pause) 416M->197M(512M) 4.160ms
[2022-10-02T13:53:08.708-0400][837.394s] GC(52) User=0.03s Sys=0.00s Real=0.00s
[2022-10-02T13:53:08.753-0400][837.439s] GC(53) Pause Young (Mixed) (G1 Evacuation Pause)
[2022-10-02T13:53:08.753-0400][837.439s] GC(53) Using 8 workers of 8 for evacuation
[2022-10-02T13:53:08.756-0400][837.443s] GC(53)   Pre Evacuate Collection Set: 0.1ms
[2022-10-02T13:53:08.756-0400][837.443s] GC(53)   Merge Heap Roots: 0.2ms
[2022-10-02T13:53:08.756-0400][837.443s] GC(53)   Evacuate Collection Set: 3.0ms
[2022-10-02T13:53:08.756-0400][837.443s] GC(53)   Post Evacuate Collection Set: 0.3ms
[2022-10-02T13:53:08.757-0400][837.443s] GC(53)   Other: 0.1ms
[2022-10-02T13:53:08.757-0400][837.443s] GC(53) Eden regions: 15->0(243)
[2022-10-02T13:53:08.757-0400][837.443s] GC(53) Survivor regions: 10->1(4)
[2022-10-02T13:53:08.757-0400][837.443s] GC(53) Old regions: 179->169
[2022-10-02T13:53:08.757-0400][837.443s] GC(53) Archive regions: 2->2
[2022-10-02T13:53:08.757-0400][837.443s] GC(53) Humongous regions: 8->8
[2022-10-02T13:53:08.757-0400][837.443s] GC(53) Metaspace: 54392K(55168K)->54392K(55168K) NonClass: 48139K(48576K)->48139K(48576K) Class: 6252K(6592K)->6252K(6592K)
[2022-10-02T13:53:08.757-0400][837.443s] GC(53) Pause Young (Mixed) (G1 Evacuation Pause) 212M->178M(512M) 4.031ms
[2022-10-02T13:53:08.757-0400][837.443s] GC(53) User=0.02s Sys=0.00s Real=0.00s
[2022-10-02T13:53:09.458-0400][838.145s] GC(54) Pause Young (Normal) (G1 Evacuation Pause)
[2022-10-02T13:53:09.459-0400][838.145s] GC(54) Using 8 workers of 8 for evacuation
[2022-10-02T13:53:09.462-0400][838.148s] GC(54)   Pre Evacuate Collection Set: 0.1ms
[2022-10-02T13:53:09.462-0400][838.149s] GC(54)   Merge Heap Roots: 0.1ms
[2022-10-02T13:53:09.462-0400][838.149s] GC(54)   Evacuate Collection Set: 3.0ms
[2022-10-02T13:53:09.462-0400][838.149s] GC(54)   Post Evacuate Collection Set: 0.4ms
[2022-10-02T13:53:09.462-0400][838.149s] GC(54)   Other: 0.1ms
[2022-10-02T13:53:09.462-0400][838.149s] GC(54) Eden regions: 243->0(246)
[2022-10-02T13:53:09.462-0400][838.149s] GC(54) Survivor regions: 1->4(31)
[2022-10-02T13:53:09.462-0400][838.149s] GC(54) Old regions: 169->169
[2022-10-02T13:53:09.462-0400][838.149s] GC(54) Archive regions: 2->2
[2022-10-02T13:53:09.462-0400][838.149s] GC(54) Humongous regions: 8->8
[2022-10-02T13:53:09.462-0400][838.149s] GC(54) Metaspace: 54392K(55168K)->54392K(55168K) NonClass: 48139K(48576K)->48139K(48576K) Class: 6252K(6592K)->6252K(6592K)
[2022-10-02T13:53:09.462-0400][838.149s] GC(54) Pause Young (Normal) (G1 Evacuation Pause) 421M->181M(512M) 3.881ms
[2022-10-02T13:53:09.462-0400][838.149s] GC(54) User=0.02s Sys=0.00s Real=0.01s
[2022-10-02T13:53:09.866-0400][838.553s] GC(55) Pause Young (Normal) (G1 Evacuation Pause)
[2022-10-02T13:53:09.866-0400][838.553s] GC(55) Using 8 workers of 8 for evacuation
[2022-10-02T13:53:09.879-0400][838.565s] GC(55)   Pre Evacuate Collection Set: 0.1ms
[2022-10-02T13:53:09.879-0400][838.565s] GC(55)   Merge Heap Roots: 0.1ms
[2022-10-02T13:53:09.879-0400][838.565s] GC(55)   Evacuate Collection Set: 11.7ms
[2022-10-02T13:53:09.879-0400][838.565s] GC(55)   Post Evacuate Collection Set: 0.5ms
[2022-10-02T13:53:09.879-0400][838.565s] GC(55)   Other: 0.1ms
[2022-10-02T13:53:09.879-0400][838.565s] GC(55) Eden regions: 246->0(172)
[2022-10-02T13:53:09.879-0400][838.565s] GC(55) Survivor regions: 4->32(32)
[2022-10-02T13:53:09.879-0400][838.565s] GC(55) Old regions: 169->186
[2022-10-02T13:53:09.879-0400][838.565s] GC(55) Archive regions: 2->2
[2022-10-02T13:53:09.879-0400][838.565s] GC(55) Humongous regions: 8->8
[2022-10-02T13:53:09.879-0400][838.565s] GC(55) Metaspace: 54406K(55168K)->54406K(55168K) NonClass: 48153K(48576K)->48153K(48576K) Class: 6252K(6592K)->6252K(6592K)
[2022-10-02T13:53:09.879-0400][838.565s] GC(55) Pause Young (Normal) (G1 Evacuation Pause) 427M->226M(512M) 12.781ms
[2022-10-02T13:53:09.879-0400][838.565s] GC(55) User=0.08s Sys=0.01s Real=0.01s
[2022-10-02T13:53:10.029-0400][838.715s] GC(56) Pause Young (Concurrent Start) (G1 Evacuation Pause)
[2022-10-02T13:53:10.029-0400][838.715s] GC(56) Using 8 workers of 8 for evacuation
[2022-10-02T13:53:10.048-0400][838.734s] GC(56)   Pre Evacuate Collection Set: 0.2ms
[2022-10-02T13:53:10.048-0400][838.734s] GC(56)   Merge Heap Roots: 0.1ms
[2022-10-02T13:53:10.048-0400][838.734s] GC(56)   Evacuate Collection Set: 17.7ms
[2022-10-02T13:53:10.048-0400][838.734s] GC(56)   Post Evacuate Collection Set: 0.5ms
[2022-10-02T13:53:10.048-0400][838.734s] GC(56)   Other: 0.1ms
[2022-10-02T13:53:10.048-0400][838.734s] GC(56) Eden regions: 172->0(124)
[2022-10-02T13:53:10.048-0400][838.734s] GC(56) Survivor regions: 32->26(26)
[2022-10-02T13:53:10.048-0400][838.734s] GC(56) Old regions: 186->240
[2022-10-02T13:53:10.048-0400][838.734s] GC(56) Archive regions: 2->2
[2022-10-02T13:53:10.048-0400][838.734s] GC(56) Humongous regions: 8->8
[2022-10-02T13:53:10.048-0400][838.734s] GC(56) Metaspace: 54406K(55168K)->54406K(55168K) NonClass: 48153K(48576K)->48153K(48576K) Class: 6252K(6592K)->6252K(6592K)
[2022-10-02T13:53:10.048-0400][838.734s] GC(56) Pause Young (Concurrent Start) (G1 Evacuation Pause) 398M->274M(512M) 18.865ms
[2022-10-02T13:53:10.048-0400][838.734s] GC(56) User=0.14s Sys=0.00s Real=0.02s
[2022-10-02T13:53:10.048-0400][838.734s] GC(57) Concurrent Mark Cycle
[2022-10-02T13:53:10.048-0400][838.734s] GC(57) Concurrent Clear Claimed Marks
[2022-10-02T13:53:10.048-0400][838.734s] GC(57) Concurrent Clear Claimed Marks 0.024ms
[2022-10-02T13:53:10.048-0400][838.734s] GC(57) Concurrent Scan Root Regions
[2022-10-02T13:53:10.061-0400][838.748s] GC(57) Concurrent Scan Root Regions 13.358ms
[2022-10-02T13:53:10.061-0400][838.748s] GC(57) Concurrent Mark
[2022-10-02T13:53:10.061-0400][838.748s] GC(57) Concurrent Mark From Roots
[2022-10-02T13:53:10.061-0400][838.748s] GC(57) Using 2 workers of 2 for marking
[2022-10-02T13:53:10.139-0400][838.825s] GC(57) Concurrent Mark From Roots 77.107ms
[2022-10-02T13:53:10.139-0400][838.825s] GC(57) Concurrent Preclean
[2022-10-02T13:53:10.139-0400][838.825s] GC(57) Concurrent Preclean 0.076ms
[2022-10-02T13:53:10.139-0400][838.825s] GC(57) Pause Remark
[2022-10-02T13:53:10.142-0400][838.828s] GC(57) Pause Remark 369M->359M(512M) 2.801ms
[2022-10-02T13:53:10.142-0400][838.828s] GC(57) User=0.02s Sys=0.00s Real=0.01s
[2022-10-02T13:53:10.142-0400][838.828s] GC(57) Concurrent Mark 80.403ms
[2022-10-02T13:53:10.142-0400][838.828s] GC(57) Concurrent Rebuild Remembered Sets
[2022-10-02T13:53:10.168-0400][838.854s] GC(58) Pause Young (Normal) (G1 Evacuation Pause)
[2022-10-02T13:53:10.168-0400][838.854s] GC(58) Using 8 workers of 8 for evacuation
[2022-10-02T13:53:10.180-0400][838.867s] GC(58)   Pre Evacuate Collection Set: 0.1ms
[2022-10-02T13:53:10.180-0400][838.867s] GC(58)   Merge Heap Roots: 0.1ms
[2022-10-02T13:53:10.180-0400][838.867s] GC(58)   Evacuate Collection Set: 11.7ms
[2022-10-02T13:53:10.180-0400][838.867s] GC(58)   Post Evacuate Collection Set: 0.5ms
[2022-10-02T13:53:10.180-0400][838.867s] GC(58)   Other: 0.1ms
[2022-10-02T13:53:10.180-0400][838.867s] GC(58) Eden regions: 124->0(101)
[2022-10-02T13:53:10.180-0400][838.867s] GC(58) Survivor regions: 26->19(19)
[2022-10-02T13:53:10.180-0400][838.867s] GC(58) Old regions: 230->272
[2022-10-02T13:53:10.180-0400][838.867s] GC(58) Archive regions: 2->2
[2022-10-02T13:53:10.180-0400][838.867s] GC(58) Humongous regions: 8->8
[2022-10-02T13:53:10.180-0400][838.867s] GC(58) Metaspace: 54406K(55168K)->54406K(55168K) NonClass: 48153K(48576K)->48153K(48576K) Class: 6252K(6592K)->6252K(6592K)
[2022-10-02T13:53:10.180-0400][838.867s] GC(58) Pause Young (Normal) (G1 Evacuation Pause) 388M->299M(512M) 12.734ms
[2022-10-02T13:53:10.180-0400][838.867s] GC(58) User=0.09s Sys=0.00s Real=0.02s
[2022-10-02T13:53:10.229-0400][838.915s] GC(57) Concurrent Rebuild Remembered Sets 86.895ms
[2022-10-02T13:53:10.229-0400][838.915s] GC(57) Pause Cleanup
[2022-10-02T13:53:10.229-0400][838.915s] GC(57) Pause Cleanup 322M->322M(512M) 0.177ms
[2022-10-02T13:53:10.229-0400][838.915s] GC(57) User=0.00s Sys=0.00s Real=0.00s
[2022-10-02T13:53:10.229-0400][838.916s] GC(57) Concurrent Cleanup for Next Mark
[2022-10-02T13:53:10.230-0400][838.916s] GC(57) Concurrent Cleanup for Next Mark 0.463ms
[2022-10-02T13:53:10.230-0400][838.916s] GC(57) Concurrent Mark Cycle 181.745ms
[2022-10-02T13:53:10.443-0400][839.129s] GC(59) Pause Young (Prepare Mixed) (G1 Evacuation Pause)
[2022-10-02T13:53:10.443-0400][839.129s] GC(59) Using 8 workers of 8 for evacuation
[2022-10-02T13:53:10.449-0400][839.136s] GC(59)   Pre Evacuate Collection Set: 0.1ms
[2022-10-02T13:53:10.449-0400][839.136s] GC(59)   Merge Heap Roots: 0.2ms
[2022-10-02T13:53:10.449-0400][839.136s] GC(59)   Evacuate Collection Set: 5.6ms
[2022-10-02T13:53:10.449-0400][839.136s] GC(59)   Post Evacuate Collection Set: 0.4ms
[2022-10-02T13:53:10.449-0400][839.136s] GC(59)   Other: 0.1ms
[2022-10-02T13:53:10.449-0400][839.136s] GC(59) Eden regions: 101->0(19)
[2022-10-02T13:53:10.449-0400][839.136s] GC(59) Survivor regions: 19->6(15)
[2022-10-02T13:53:10.449-0400][839.136s] GC(59) Old regions: 272->294
[2022-10-02T13:53:10.449-0400][839.136s] GC(59) Archive regions: 2->2
[2022-10-02T13:53:10.449-0400][839.136s] GC(59) Humongous regions: 8->8
[2022-10-02T13:53:10.449-0400][839.136s] GC(59) Metaspace: 54406K(55168K)->54406K(55168K) NonClass: 48153K(48576K)->48153K(48576K) Class: 6252K(6592K)->6252K(6592K)
[2022-10-02T13:53:10.450-0400][839.136s] GC(59) Pause Young (Prepare Mixed) (G1 Evacuation Pause) 400M->308M(512M) 6.653ms
[2022-10-02T13:53:10.450-0400][839.136s] GC(59) User=0.04s Sys=0.01s Real=0.01s
[2022-10-02T13:53:10.500-0400][839.187s] GC(60) Pause Young (Mixed) (G1 Evacuation Pause)
[2022-10-02T13:53:10.500-0400][839.187s] GC(60) Using 8 workers of 8 for evacuation
[2022-10-02T13:53:10.503-0400][839.189s] GC(60)   Pre Evacuate Collection Set: 0.1ms
[2022-10-02T13:53:10.503-0400][839.189s] GC(60)   Merge Heap Roots: 0.1ms
[2022-10-02T13:53:10.503-0400][839.189s] GC(60)   Evacuate Collection Set: 1.6ms
[2022-10-02T13:53:10.503-0400][839.189s] GC(60)   Post Evacuate Collection Set: 0.5ms
[2022-10-02T13:53:10.503-0400][839.189s] GC(60)   Other: 0.1ms
[2022-10-02T13:53:10.503-0400][839.189s] GC(60) Eden regions: 19->0(106)
[2022-10-02T13:53:10.503-0400][839.189s] GC(60) Survivor regions: 6->2(4)
[2022-10-02T13:53:10.503-0400][839.189s] GC(60) Old regions: 294->292
[2022-10-02T13:53:10.503-0400][839.189s] GC(60) Archive regions: 2->2
[2022-10-02T13:53:10.503-0400][839.189s] GC(60) Humongous regions: 8->8
[2022-10-02T13:53:10.503-0400][839.189s] GC(60) Metaspace: 54406K(55168K)->54406K(55168K) NonClass: 48153K(48576K)->48153K(48576K) Class: 6252K(6592K)->6252K(6592K)
[2022-10-02T13:53:10.503-0400][839.189s] GC(60) Pause Young (Mixed) (G1 Evacuation Pause) 327M->301M(512M) 2.693ms
[2022-10-02T13:53:10.503-0400][839.189s] GC(60) User=0.01s Sys=0.00s Real=0.00s
[2022-10-02T13:53:10.796-0400][839.482s] GC(61) Pause Young (Concurrent Start) (G1 Evacuation Pause)
[2022-10-02T13:53:10.796-0400][839.482s] GC(61) Using 8 workers of 8 for evacuation
[2022-10-02T13:53:10.797-0400][839.484s] GC(61)   Pre Evacuate Collection Set: 0.2ms
[2022-10-02T13:53:10.798-0400][839.484s] GC(61)   Merge Heap Roots: 0.1ms
[2022-10-02T13:53:10.798-0400][839.484s] GC(61)   Evacuate Collection Set: 1.1ms
[2022-10-02T13:53:10.798-0400][839.484s] GC(61)   Post Evacuate Collection Set: 0.3ms
[2022-10-02T13:53:10.798-0400][839.484s] GC(61)   Other: 0.1ms
[2022-10-02T13:53:10.798-0400][839.484s] GC(61) Eden regions: 106->0(113)
[2022-10-02T13:53:10.798-0400][839.484s] GC(61) Survivor regions: 2->2(14)
[2022-10-02T13:53:10.798-0400][839.484s] GC(61) Old regions: 292->292
[2022-10-02T13:53:10.798-0400][839.484s] GC(61) Archive regions: 2->2
[2022-10-02T13:53:10.798-0400][839.484s] GC(61) Humongous regions: 8->8
[2022-10-02T13:53:10.798-0400][839.484s] GC(61) Metaspace: 54406K(55168K)->54406K(55168K) NonClass: 48153K(48576K)->48153K(48576K) Class: 6252K(6592K)->6252K(6592K)
[2022-10-02T13:53:10.798-0400][839.484s] GC(61) Pause Young (Concurrent Start) (G1 Evacuation Pause) 407M->302M(512M) 2.379ms
[2022-10-02T13:53:10.798-0400][839.484s] GC(61) User=0.01s Sys=0.00s Real=0.00s
[2022-10-02T13:53:10.798-0400][839.484s] GC(62) Concurrent Mark Cycle
[2022-10-02T13:53:10.798-0400][839.484s] GC(62) Concurrent Clear Claimed Marks
[2022-10-02T13:53:10.798-0400][839.484s] GC(62) Concurrent Clear Claimed Marks 0.034ms
[2022-10-02T13:53:10.798-0400][839.484s] GC(62) Concurrent Scan Root Regions
[2022-10-02T13:53:10.799-0400][839.485s] GC(62) Concurrent Scan Root Regions 0.909ms
[2022-10-02T13:53:10.799-0400][839.485s] GC(62) Concurrent Mark
[2022-10-02T13:53:10.799-0400][839.485s] GC(62) Concurrent Mark From Roots
[2022-10-02T13:53:10.799-0400][839.485s] GC(62) Using 2 workers of 2 for marking
[2022-10-02T13:53:10.906-0400][839.593s] GC(62) Concurrent Mark From Roots 107.316ms
[2022-10-02T13:53:10.906-0400][839.593s] GC(62) Concurrent Preclean
[2022-10-02T13:53:10.906-0400][839.593s] GC(62) Concurrent Preclean 0.086ms
[2022-10-02T13:53:10.907-0400][839.593s] GC(62) Pause Remark
[2022-10-02T13:53:10.909-0400][839.595s] GC(62) Pause Remark 336M->321M(512M) 2.211ms
[2022-10-02T13:53:10.909-0400][839.595s] GC(62) User=0.01s Sys=0.00s Real=0.00s
[2022-10-02T13:53:10.909-0400][839.595s] GC(62) Concurrent Mark 110.084ms
[2022-10-02T13:53:10.909-0400][839.595s] GC(62) Concurrent Rebuild Remembered Sets
[2022-10-02T13:53:10.998-0400][839.684s] GC(62) Concurrent Rebuild Remembered Sets 88.470ms
[2022-10-02T13:53:10.998-0400][839.684s] GC(62) Pause Cleanup
[2022-10-02T13:53:10.998-0400][839.684s] GC(62) Pause Cleanup 349M->349M(512M) 0.312ms
[2022-10-02T13:53:10.998-0400][839.684s] GC(62) User=0.00s Sys=0.00s Real=0.00s
[2022-10-02T13:53:10.998-0400][839.685s] GC(62) Concurrent Cleanup for Next Mark
[2022-10-02T13:53:10.999-0400][839.685s] GC(62) Concurrent Cleanup for Next Mark 0.432ms
[2022-10-02T13:53:10.999-0400][839.685s] GC(62) Concurrent Mark Cycle 200.681ms
[2022-10-02T13:53:11.138-0400][839.824s] GC(63) Pause Young (Prepare Mixed) (G1 Evacuation Pause)
[2022-10-02T13:53:11.138-0400][839.825s] GC(63) Using 8 workers of 8 for evacuation
[2022-10-02T13:53:11.140-0400][839.827s] GC(63)   Pre Evacuate Collection Set: 0.1ms
[2022-10-02T13:53:11.140-0400][839.827s] GC(63)   Merge Heap Roots: 0.1ms
[2022-10-02T13:53:11.140-0400][839.827s] GC(63)   Evacuate Collection Set: 1.4ms
[2022-10-02T13:53:11.140-0400][839.827s] GC(63)   Post Evacuate Collection Set: 0.4ms
[2022-10-02T13:53:11.140-0400][839.827s] GC(63)   Other: 0.1ms
[2022-10-02T13:53:11.140-0400][839.827s] GC(63) Eden regions: 113->0(22)
[2022-10-02T13:53:11.140-0400][839.827s] GC(63) Survivor regions: 2->3(15)
[2022-10-02T13:53:11.140-0400][839.827s] GC(63) Old regions: 277->277
[2022-10-02T13:53:11.140-0400][839.827s] GC(63) Archive regions: 2->2
[2022-10-02T13:53:11.140-0400][839.827s] GC(63) Humongous regions: 8->8
[2022-10-02T13:53:11.140-0400][839.827s] GC(63) Metaspace: 54406K(55168K)->54406K(55168K) NonClass: 48153K(48576K)->48153K(48576K) Class: 6252K(6592K)->6252K(6592K)
[2022-10-02T13:53:11.140-0400][839.827s] GC(63) Pause Young (Prepare Mixed) (G1 Evacuation Pause) 400M->287M(512M) 2.297ms
[2022-10-02T13:53:11.140-0400][839.827s] GC(63) User=0.01s Sys=0.00s Real=0.01s
[2022-10-02T13:53:11.200-0400][839.886s] GC(64) Pause Young (Mixed) (G1 Evacuation Pause)
[2022-10-02T13:53:11.200-0400][839.886s] GC(64) Using 8 workers of 8 for evacuation
[2022-10-02T13:53:11.204-0400][839.890s] GC(64)   Pre Evacuate Collection Set: 0.1ms
[2022-10-02T13:53:11.204-0400][839.890s] GC(64)   Merge Heap Roots: 0.1ms
[2022-10-02T13:53:11.204-0400][839.890s] GC(64)   Evacuate Collection Set: 2.8ms
[2022-10-02T13:53:11.204-0400][839.890s] GC(64)   Post Evacuate Collection Set: 0.5ms
[2022-10-02T13:53:11.204-0400][839.890s] GC(64)   Other: 0.1ms
[2022-10-02T13:53:11.204-0400][839.890s] GC(64) Eden regions: 22->0(143)
[2022-10-02T13:53:11.204-0400][839.890s] GC(64) Survivor regions: 3->3(4)
[2022-10-02T13:53:11.204-0400][839.890s] GC(64) Old regions: 277->261
[2022-10-02T13:53:11.204-0400][839.890s] GC(64) Archive regions: 2->2
[2022-10-02T13:53:11.204-0400][839.890s] GC(64) Humongous regions: 8->8
[2022-10-02T13:53:11.204-0400][839.890s] GC(64) Metaspace: 54406K(55168K)->54406K(55168K) NonClass: 48153K(48576K)->48153K(48576K) Class: 6252K(6592K)->6252K(6592K)
[2022-10-02T13:53:11.204-0400][839.890s] GC(64) Pause Young (Mixed) (G1 Evacuation Pause) 309M->271M(512M) 3.913ms
[2022-10-02T13:53:11.204-0400][839.890s] GC(64) User=0.02s Sys=0.00s Real=0.00s
[2022-10-02T13:53:11.593-0400][840.279s] GC(65) Pause Young (Concurrent Start) (G1 Evacuation Pause)
[2022-10-02T13:53:11.593-0400][840.279s] GC(65) Using 8 workers of 8 for evacuation
[2022-10-02T13:53:11.595-0400][840.282s] GC(65)   Pre Evacuate Collection Set: 0.3ms
[2022-10-02T13:53:11.595-0400][840.282s] GC(65)   Merge Heap Roots: 0.1ms
[2022-10-02T13:53:11.595-0400][840.282s] GC(65)   Evacuate Collection Set: 1.7ms
[2022-10-02T13:53:11.595-0400][840.282s] GC(65)   Post Evacuate Collection Set: 0.3ms
[2022-10-02T13:53:11.595-0400][840.282s] GC(65)   Other: 0.3ms
[2022-10-02T13:53:11.595-0400][840.282s] GC(65) Eden regions: 143->0(149)
[2022-10-02T13:53:11.595-0400][840.282s] GC(65) Survivor regions: 3->4(19)
[2022-10-02T13:53:11.595-0400][840.282s] GC(65) Old regions: 261->261
[2022-10-02T13:53:11.595-0400][840.282s] GC(65) Archive regions: 2->2
[2022-10-02T13:53:11.595-0400][840.282s] GC(65) Humongous regions: 8->8
[2022-10-02T13:53:11.595-0400][840.282s] GC(65) Metaspace: 54406K(55168K)->54406K(55168K) NonClass: 48153K(48576K)->48153K(48576K) Class: 6252K(6592K)->6252K(6592K)
[2022-10-02T13:53:11.595-0400][840.282s] GC(65) Pause Young (Concurrent Start) (G1 Evacuation Pause) 414M->273M(512M) 2.925ms
[2022-10-02T13:53:11.596-0400][840.282s] GC(65) User=0.01s Sys=0.00s Real=0.00s
[2022-10-02T13:53:11.596-0400][840.282s] GC(66) Concurrent Mark Cycle
[2022-10-02T13:53:11.596-0400][840.282s] GC(66) Concurrent Clear Claimed Marks
[2022-10-02T13:53:11.596-0400][840.282s] GC(66) Concurrent Clear Claimed Marks 0.020ms
[2022-10-02T13:53:11.596-0400][840.282s] GC(66) Concurrent Scan Root Regions
[2022-10-02T13:53:11.597-0400][840.283s] GC(66) Concurrent Scan Root Regions 1.507ms
[2022-10-02T13:53:11.597-0400][840.284s] GC(66) Concurrent Mark
[2022-10-02T13:53:11.597-0400][840.284s] GC(66) Concurrent Mark From Roots
[2022-10-02T13:53:11.597-0400][840.284s] GC(66) Using 2 workers of 2 for marking
[2022-10-02T13:53:11.695-0400][840.381s] GC(66) Concurrent Mark From Roots 97.863ms
[2022-10-02T13:53:11.695-0400][840.381s] GC(66) Concurrent Preclean
[2022-10-02T13:53:11.695-0400][840.382s] GC(66) Concurrent Preclean 0.097ms
[2022-10-02T13:53:11.695-0400][840.382s] GC(66) Pause Remark
[2022-10-02T13:53:11.698-0400][840.384s] GC(66) Pause Remark 309M->309M(512M) 2.753ms
[2022-10-02T13:53:11.698-0400][840.385s] GC(66) User=0.01s Sys=0.00s Real=0.00s
[2022-10-02T13:53:11.698-0400][840.385s] GC(66) Concurrent Mark 101.216ms
[2022-10-02T13:53:11.698-0400][840.385s] GC(66) Concurrent Rebuild Remembered Sets
[2022-10-02T13:53:11.781-0400][840.467s] GC(66) Concurrent Rebuild Remembered Sets 82.110ms
[2022-10-02T13:53:11.781-0400][840.467s] GC(66) Pause Cleanup
[2022-10-02T13:53:11.781-0400][840.467s] GC(66) Pause Cleanup 338M->338M(512M) 0.287ms
[2022-10-02T13:53:11.781-0400][840.467s] GC(66) User=0.00s Sys=0.00s Real=0.00s
[2022-10-02T13:53:11.781-0400][840.467s] GC(66) Concurrent Cleanup for Next Mark
[2022-10-02T13:53:11.781-0400][840.468s] GC(66) Concurrent Cleanup for Next Mark 0.415ms
[2022-10-02T13:53:11.782-0400][840.468s] GC(66) Concurrent Mark Cycle 185.953ms
[2022-10-02T13:53:12.014-0400][840.701s] GC(67) Pause Young (Prepare Mixed) (G1 Evacuation Pause)
[2022-10-02T13:53:12.014-0400][840.701s] GC(67) Using 8 workers of 8 for evacuation
[2022-10-02T13:53:12.017-0400][840.703s] GC(67)   Pre Evacuate Collection Set: 0.1ms
[2022-10-02T13:53:12.017-0400][840.703s] GC(67)   Merge Heap Roots: 0.1ms
[2022-10-02T13:53:12.017-0400][840.703s] GC(67)   Evacuate Collection Set: 2.1ms
[2022-10-02T13:53:12.017-0400][840.703s] GC(67)   Post Evacuate Collection Set: 0.4ms
[2022-10-02T13:53:12.017-0400][840.703s] GC(67)   Other: 0.1ms
[2022-10-02T13:53:12.017-0400][840.703s] GC(67) Eden regions: 149->0(20)
[2022-10-02T13:53:12.017-0400][840.703s] GC(67) Survivor regions: 4->5(20)
[2022-10-02T13:53:12.017-0400][840.703s] GC(67) Old regions: 261->261
[2022-10-02T13:53:12.017-0400][840.703s] GC(67) Archive regions: 2->2
[2022-10-02T13:53:12.017-0400][840.703s] GC(67) Humongous regions: 8->8
[2022-10-02T13:53:12.017-0400][840.703s] GC(67) Metaspace: 54406K(55168K)->54406K(55168K) NonClass: 48153K(48576K)->48153K(48576K) Class: 6252K(6592K)->6252K(6592K)
[2022-10-02T13:53:12.017-0400][840.703s] GC(67) Pause Young (Prepare Mixed) (G1 Evacuation Pause) 422M->273M(512M) 2.880ms
[2022-10-02T13:53:12.017-0400][840.703s] GC(67) User=0.02s Sys=0.00s Real=0.00s
[2022-10-02T13:53:12.077-0400][840.764s] GC(68) Pause Young (Mixed) (G1 Evacuation Pause)
[2022-10-02T13:53:12.077-0400][840.764s] GC(68) Using 8 workers of 8 for evacuation
[2022-10-02T13:53:12.080-0400][840.766s] GC(68)   Pre Evacuate Collection Set: 0.1ms
[2022-10-02T13:53:12.080-0400][840.766s] GC(68)   Merge Heap Roots: 0.1ms
[2022-10-02T13:53:12.080-0400][840.766s] GC(68)   Evacuate Collection Set: 2.0ms
[2022-10-02T13:53:12.080-0400][840.766s] GC(68)   Post Evacuate Collection Set: 0.3ms
[2022-10-02T13:53:12.080-0400][840.766s] GC(68)   Other: 0.1ms
[2022-10-02T13:53:12.080-0400][840.766s] GC(68) Eden regions: 20->0(161)
[2022-10-02T13:53:12.080-0400][840.766s] GC(68) Survivor regions: 5->1(4)
[2022-10-02T13:53:12.080-0400][840.766s] GC(68) Old regions: 261->257
[2022-10-02T13:53:12.080-0400][840.766s] GC(68) Archive regions: 2->2
[2022-10-02T13:53:12.080-0400][840.766s] GC(68) Humongous regions: 8->8
[2022-10-02T13:53:12.080-0400][840.766s] GC(68) Metaspace: 54406K(55168K)->54406K(55168K) NonClass: 48153K(48576K)->48153K(48576K) Class: 6252K(6592K)->6252K(6592K)
[2022-10-02T13:53:12.080-0400][840.766s] GC(68) Pause Young (Mixed) (G1 Evacuation Pause) 293M->266M(512M) 2.878ms
[2022-10-02T13:53:12.080-0400][840.766s] GC(68) User=0.01s Sys=0.00s Real=0.01s
[2022-10-02T13:53:12.539-0400][841.225s] GC(69) Pause Young (Normal) (G1 Evacuation Pause)
[2022-10-02T13:53:12.539-0400][841.225s] GC(69) Using 8 workers of 8 for evacuation
[2022-10-02T13:53:12.541-0400][841.227s] GC(69)   Pre Evacuate Collection Set: 0.1ms
[2022-10-02T13:53:12.541-0400][841.227s] GC(69)   Merge Heap Roots: 0.1ms
[2022-10-02T13:53:12.541-0400][841.227s] GC(69)   Evacuate Collection Set: 1.4ms
[2022-10-02T13:53:12.541-0400][841.227s] GC(69)   Post Evacuate Collection Set: 0.6ms
[2022-10-02T13:53:12.541-0400][841.228s] GC(69)   Other: 0.1ms
[2022-10-02T13:53:12.541-0400][841.228s] GC(69) Eden regions: 161->0(164)
[2022-10-02T13:53:12.541-0400][841.228s] GC(69) Survivor regions: 1->3(21)
[2022-10-02T13:53:12.541-0400][841.228s] GC(69) Old regions: 257->257
[2022-10-02T13:53:12.541-0400][841.228s] GC(69) Archive regions: 2->2
[2022-10-02T13:53:12.541-0400][841.228s] GC(69) Humongous regions: 8->8
[2022-10-02T13:53:12.541-0400][841.228s] GC(69) Metaspace: 54410K(55168K)->54410K(55168K) NonClass: 48158K(48576K)->48158K(48576K) Class: 6252K(6592K)->6252K(6592K)
[2022-10-02T13:53:12.541-0400][841.228s] GC(69) Pause Young (Normal) (G1 Evacuation Pause) 427M->268M(512M) 2.542ms
[2022-10-02T13:53:12.541-0400][841.228s] GC(69) User=0.01s Sys=0.00s Real=0.01s
[2022-10-02T13:53:13.030-0400][841.717s] GC(70) Pause Young (Normal) (G1 Evacuation Pause)
[2022-10-02T13:53:13.030-0400][841.717s] GC(70) Using 8 workers of 8 for evacuation
[2022-10-02T13:53:13.033-0400][841.720s] GC(70)   Pre Evacuate Collection Set: 0.1ms
[2022-10-02T13:53:13.033-0400][841.720s] GC(70)   Merge Heap Roots: 0.1ms
[2022-10-02T13:53:13.033-0400][841.720s] GC(70)   Evacuate Collection Set: 2.2ms
[2022-10-02T13:53:13.033-0400][841.720s] GC(70)   Post Evacuate Collection Set: 0.5ms
[2022-10-02T13:53:13.033-0400][841.720s] GC(70)   Other: 0.1ms
[2022-10-02T13:53:13.033-0400][841.720s] GC(70) Eden regions: 164->0(166)
[2022-10-02T13:53:13.033-0400][841.720s] GC(70) Survivor regions: 3->5(21)
[2022-10-02T13:53:13.033-0400][841.720s] GC(70) Old regions: 257->257
[2022-10-02T13:53:13.033-0400][841.720s] GC(70) Archive regions: 2->2
[2022-10-02T13:53:13.033-0400][841.720s] GC(70) Humongous regions: 8->8
[2022-10-02T13:53:13.033-0400][841.720s] GC(70) Metaspace: 54410K(55168K)->54410K(55168K) NonClass: 48158K(48576K)->48158K(48576K) Class: 6252K(6592K)->6252K(6592K)
[2022-10-02T13:53:13.034-0400][841.720s] GC(70) Pause Young (Normal) (G1 Evacuation Pause) 432M->270M(512M) 3.253ms
[2022-10-02T13:53:13.034-0400][841.720s] GC(70) User=0.02s Sys=0.00s Real=0.00s
[2022-10-02T13:53:13.513-0400][842.199s] GC(71) Pause Young (Concurrent Start) (G1 Evacuation Pause)
[2022-10-02T13:53:13.513-0400][842.199s] GC(71) Using 8 workers of 8 for evacuation
[2022-10-02T13:53:13.517-0400][842.203s] GC(71)   Pre Evacuate Collection Set: 0.3ms
[2022-10-02T13:53:13.517-0400][842.203s] GC(71)   Merge Heap Roots: 0.1ms
[2022-10-02T13:53:13.517-0400][842.203s] GC(71)   Evacuate Collection Set: 2.8ms
[2022-10-02T13:53:13.517-0400][842.203s] GC(71)   Post Evacuate Collection Set: 0.6ms
[2022-10-02T13:53:13.517-0400][842.203s] GC(71)   Other: 0.1ms
[2022-10-02T13:53:13.517-0400][842.204s] GC(71) Eden regions: 166->0(166)
[2022-10-02T13:53:13.517-0400][842.204s] GC(71) Survivor regions: 5->8(22)
[2022-10-02T13:53:13.517-0400][842.204s] GC(71) Old regions: 257->257
[2022-10-02T13:53:13.517-0400][842.204s] GC(71) Archive regions: 2->2
[2022-10-02T13:53:13.517-0400][842.204s] GC(71) Humongous regions: 8->8
[2022-10-02T13:53:13.517-0400][842.204s] GC(71) Metaspace: 54410K(55168K)->54410K(55168K) NonClass: 48158K(48576K)->48158K(48576K) Class: 6252K(6592K)->6252K(6592K)
[2022-10-02T13:53:13.517-0400][842.204s] GC(71) Pause Young (Concurrent Start) (G1 Evacuation Pause) 436M->273M(512M) 4.164ms
[2022-10-02T13:53:13.517-0400][842.204s] GC(71) User=0.02s Sys=0.01s Real=0.00s
[2022-10-02T13:53:13.517-0400][842.204s] GC(72) Concurrent Mark Cycle
[2022-10-02T13:53:13.517-0400][842.204s] GC(72) Concurrent Clear Claimed Marks
[2022-10-02T13:53:13.517-0400][842.204s] GC(72) Concurrent Clear Claimed Marks 0.021ms
[2022-10-02T13:53:13.517-0400][842.204s] GC(72) Concurrent Scan Root Regions
[2022-10-02T13:53:13.520-0400][842.207s] GC(72) Concurrent Scan Root Regions 2.795ms
[2022-10-02T13:53:13.520-0400][842.207s] GC(72) Concurrent Mark
[2022-10-02T13:53:13.520-0400][842.207s] GC(72) Concurrent Mark From Roots
[2022-10-02T13:53:13.520-0400][842.207s] GC(72) Using 2 workers of 2 for marking
[2022-10-02T13:53:13.616-0400][842.303s] GC(72) Concurrent Mark From Roots 96.155ms
[2022-10-02T13:53:13.616-0400][842.303s] GC(72) Concurrent Preclean
[2022-10-02T13:53:13.617-0400][842.303s] GC(72) Concurrent Preclean 0.064ms
[2022-10-02T13:53:13.617-0400][842.303s] GC(72) Pause Remark
[2022-10-02T13:53:13.619-0400][842.305s] GC(72) Pause Remark 307M->307M(512M) 2.296ms
[2022-10-02T13:53:13.619-0400][842.305s] GC(72) User=0.01s Sys=0.00s Real=0.00s
[2022-10-02T13:53:13.619-0400][842.305s] GC(72) Concurrent Mark 98.942ms
[2022-10-02T13:53:13.619-0400][842.305s] GC(72) Concurrent Rebuild Remembered Sets
[2022-10-02T13:53:13.696-0400][842.382s] GC(72) Concurrent Rebuild Remembered Sets 76.743ms
[2022-10-02T13:53:13.696-0400][842.382s] GC(72) Pause Cleanup
[2022-10-02T13:53:13.696-0400][842.383s] GC(72) Pause Cleanup 336M->336M(512M) 0.219ms
[2022-10-02T13:53:13.696-0400][842.383s] GC(72) User=0.00s Sys=0.00s Real=0.00s
[2022-10-02T13:53:13.696-0400][842.383s] GC(72) Concurrent Cleanup for Next Mark
[2022-10-02T13:53:13.697-0400][842.383s] GC(72) Concurrent Cleanup for Next Mark 0.528ms
[2022-10-02T13:53:13.697-0400][842.383s] GC(72) Concurrent Mark Cycle 179.693ms
[2022-10-02T13:53:13.981-0400][842.668s] GC(73) Pause Young (Prepare Mixed) (G1 Evacuation Pause)
[2022-10-02T13:53:13.981-0400][842.668s] GC(73) Using 8 workers of 8 for evacuation
[2022-10-02T13:53:13.985-0400][842.671s] GC(73)   Pre Evacuate Collection Set: 0.1ms
[2022-10-02T13:53:13.985-0400][842.671s] GC(73)   Merge Heap Roots: 0.1ms
[2022-10-02T13:53:13.985-0400][842.671s] GC(73)   Evacuate Collection Set: 2.6ms
[2022-10-02T13:53:13.985-0400][842.671s] GC(73)   Post Evacuate Collection Set: 0.6ms
[2022-10-02T13:53:13.985-0400][842.671s] GC(73)   Other: 0.1ms
[2022-10-02T13:53:13.985-0400][842.671s] GC(73) Eden regions: 166->0(18)
[2022-10-02T13:53:13.985-0400][842.671s] GC(73) Survivor regions: 8->7(22)
[2022-10-02T13:53:13.985-0400][842.672s] GC(73) Old regions: 257->257
[2022-10-02T13:53:13.985-0400][842.672s] GC(73) Archive regions: 2->2
[2022-10-02T13:53:13.985-0400][842.672s] GC(73) Humongous regions: 8->8
[2022-10-02T13:53:13.985-0400][842.672s] GC(73) Metaspace: 54410K(55168K)->54410K(55168K) NonClass: 48158K(48576K)->48158K(48576K) Class: 6252K(6592K)->6252K(6592K)
[2022-10-02T13:53:13.985-0400][842.672s] GC(73) Pause Young (Prepare Mixed) (G1 Evacuation Pause) 439M->272M(512M) 3.822ms
[2022-10-02T13:53:13.985-0400][842.672s] GC(73) User=0.02s Sys=0.00s Real=0.00s
[2022-10-02T13:53:14.039-0400][842.726s] GC(74) Pause Young (Mixed) (G1 Evacuation Pause)
[2022-10-02T13:53:14.039-0400][842.726s] GC(74) Using 8 workers of 8 for evacuation
[2022-10-02T13:53:14.043-0400][842.729s] GC(74)   Pre Evacuate Collection Set: 0.1ms
[2022-10-02T13:53:14.043-0400][842.730s] GC(74)   Merge Heap Roots: 0.1ms
[2022-10-02T13:53:14.043-0400][842.730s] GC(74)   Evacuate Collection Set: 3.0ms
[2022-10-02T13:53:14.043-0400][842.730s] GC(74)   Post Evacuate Collection Set: 0.5ms
[2022-10-02T13:53:14.043-0400][842.730s] GC(74)   Other: 0.1ms
[2022-10-02T13:53:14.043-0400][842.730s] GC(74) Eden regions: 18->0(183)
[2022-10-02T13:53:14.043-0400][842.730s] GC(74) Survivor regions: 7->1(4)
[2022-10-02T13:53:14.043-0400][842.730s] GC(74) Old regions: 257->249
[2022-10-02T13:53:14.043-0400][842.730s] GC(74) Archive regions: 2->2
[2022-10-02T13:53:14.043-0400][842.730s] GC(74) Humongous regions: 8->8
[2022-10-02T13:53:14.043-0400][842.730s] GC(74) Metaspace: 54410K(55168K)->54410K(55168K) NonClass: 48158K(48576K)->48158K(48576K) Class: 6252K(6592K)->6252K(6592K)
[2022-10-02T13:53:14.043-0400][842.730s] GC(74) Pause Young (Mixed) (G1 Evacuation Pause) 290M->257M(512M) 4.021ms
[2022-10-02T13:53:14.043-0400][842.730s] GC(74) User=0.02s Sys=0.00s Real=0.01s
[2022-10-02T13:53:14.621-0400][843.307s] GC(75) Pause Young (Normal) (G1 Evacuation Pause)
[2022-10-02T13:53:14.621-0400][843.308s] GC(75) Using 8 workers of 8 for evacuation
[2022-10-02T13:53:14.624-0400][843.310s] GC(75)   Pre Evacuate Collection Set: 0.1ms
[2022-10-02T13:53:14.624-0400][843.310s] GC(75)   Merge Heap Roots: 0.1ms
[2022-10-02T13:53:14.624-0400][843.310s] GC(75)   Evacuate Collection Set: 1.7ms
[2022-10-02T13:53:14.624-0400][843.310s] GC(75)   Post Evacuate Collection Set: 0.5ms
[2022-10-02T13:53:14.624-0400][843.310s] GC(75)   Other: 0.1ms
[2022-10-02T13:53:14.624-0400][843.310s] GC(75) Eden regions: 183->0(183)
[2022-10-02T13:53:14.624-0400][843.310s] GC(75) Survivor regions: 1->3(23)
[2022-10-02T13:53:14.624-0400][843.310s] GC(75) Old regions: 249->249
[2022-10-02T13:53:14.624-0400][843.310s] GC(75) Archive regions: 2->2
[2022-10-02T13:53:14.624-0400][843.310s] GC(75) Humongous regions: 8->8
[2022-10-02T13:53:14.624-0400][843.310s] GC(75) Metaspace: 54419K(55168K)->54419K(55168K) NonClass: 48165K(48576K)->48165K(48576K) Class: 6253K(6592K)->6253K(6592K)
[2022-10-02T13:53:14.624-0400][843.311s] GC(75) Pause Young (Normal) (G1 Evacuation Pause) 440M->259M(512M) 3.071ms
[2022-10-02T13:53:14.624-0400][843.311s] GC(75) User=0.01s Sys=0.00s Real=0.00s
[2022-10-02T13:53:15.126-0400][843.813s] GC(76) Pause Young (Normal) (G1 Evacuation Pause)
[2022-10-02T13:53:15.126-0400][843.813s] GC(76) Using 8 workers of 8 for evacuation
[2022-10-02T13:53:15.129-0400][843.816s] GC(76)   Pre Evacuate Collection Set: 0.1ms
[2022-10-02T13:53:15.129-0400][843.816s] GC(76)   Merge Heap Roots: 0.1ms
[2022-10-02T13:53:15.130-0400][843.816s] GC(76)   Evacuate Collection Set: 2.4ms
[2022-10-02T13:53:15.130-0400][843.816s] GC(76)   Post Evacuate Collection Set: 0.4ms
[2022-10-02T13:53:15.130-0400][843.816s] GC(76)   Other: 0.1ms
[2022-10-02T13:53:15.130-0400][843.816s] GC(76) Eden regions: 183->0(182)
[2022-10-02T13:53:15.130-0400][843.816s] GC(76) Survivor regions: 3->6(24)
[2022-10-02T13:53:15.130-0400][843.816s] GC(76) Old regions: 249->249
[2022-10-02T13:53:15.130-0400][843.816s] GC(76) Archive regions: 2->2
[2022-10-02T13:53:15.130-0400][843.816s] GC(76) Humongous regions: 8->8
[2022-10-02T13:53:15.130-0400][843.816s] GC(76) Metaspace: 54419K(55168K)->54419K(55168K) NonClass: 48165K(48576K)->48165K(48576K) Class: 6253K(6592K)->6253K(6592K)
[2022-10-02T13:53:15.130-0400][843.816s] GC(76) Pause Young (Normal) (G1 Evacuation Pause) 442M->262M(512M) 3.264ms
[2022-10-02T13:53:15.130-0400][843.816s] GC(76) User=0.02s Sys=0.01s Real=0.01s
[2022-10-02T13:53:15.645-0400][844.332s] GC(77) Pause Young (Concurrent Start) (G1 Evacuation Pause)
[2022-10-02T13:53:15.645-0400][844.332s] GC(77) Using 8 workers of 8 for evacuation
[2022-10-02T13:53:15.649-0400][844.336s] GC(77)   Pre Evacuate Collection Set: 0.2ms
[2022-10-02T13:53:15.649-0400][844.336s] GC(77)   Merge Heap Roots: 0.1ms
[2022-10-02T13:53:15.649-0400][844.336s] GC(77)   Evacuate Collection Set: 3.2ms
[2022-10-02T13:53:15.649-0400][844.336s] GC(77)   Post Evacuate Collection Set: 0.5ms
[2022-10-02T13:53:15.649-0400][844.336s] GC(77)   Other: 0.1ms
[2022-10-02T13:53:15.649-0400][844.336s] GC(77) Eden regions: 182->0(181)
[2022-10-02T13:53:15.650-0400][844.336s] GC(77) Survivor regions: 6->8(24)
[2022-10-02T13:53:15.650-0400][844.336s] GC(77) Old regions: 249->249
[2022-10-02T13:53:15.650-0400][844.336s] GC(77) Archive regions: 2->2
[2022-10-02T13:53:15.650-0400][844.336s] GC(77) Humongous regions: 8->8
[2022-10-02T13:53:15.650-0400][844.336s] GC(77) Metaspace: 54419K(55168K)->54419K(55168K) NonClass: 48165K(48576K)->48165K(48576K) Class: 6253K(6592K)->6253K(6592K)
[2022-10-02T13:53:15.650-0400][844.336s] GC(77) Pause Young (Concurrent Start) (G1 Evacuation Pause) 444M->265M(512M) 4.380ms
[2022-10-02T13:53:15.650-0400][844.336s] GC(77) User=0.03s Sys=0.00s Real=0.01s
[2022-10-02T13:53:15.650-0400][844.336s] GC(78) Concurrent Mark Cycle
[2022-10-02T13:53:15.650-0400][844.336s] GC(78) Concurrent Clear Claimed Marks
[2022-10-02T13:53:15.650-0400][844.336s] GC(78) Concurrent Clear Claimed Marks 0.026ms
[2022-10-02T13:53:15.650-0400][844.336s] GC(78) Concurrent Scan Root Regions
[2022-10-02T13:53:15.653-0400][844.339s] GC(78) Concurrent Scan Root Regions 3.036ms
[2022-10-02T13:53:15.653-0400][844.339s] GC(78) Concurrent Mark
[2022-10-02T13:53:15.653-0400][844.339s] GC(78) Concurrent Mark From Roots
[2022-10-02T13:53:15.653-0400][844.339s] GC(78) Using 2 workers of 2 for marking
[2022-10-02T13:53:15.744-0400][844.430s] GC(78) Concurrent Mark From Roots 90.711ms
[2022-10-02T13:53:15.744-0400][844.430s] GC(78) Concurrent Preclean
[2022-10-02T13:53:15.744-0400][844.430s] GC(78) Concurrent Preclean 0.063ms
[2022-10-02T13:53:15.744-0400][844.430s] GC(78) Pause Remark
[2022-10-02T13:53:15.746-0400][844.432s] GC(78) Pause Remark 299M->299M(512M) 2.044ms
[2022-10-02T13:53:15.746-0400][844.432s] GC(78) User=0.01s Sys=0.00s Real=0.00s
[2022-10-02T13:53:15.746-0400][844.432s] GC(78) Concurrent Mark 93.360ms
[2022-10-02T13:53:15.746-0400][844.433s] GC(78) Concurrent Rebuild Remembered Sets
[2022-10-02T13:53:15.819-0400][844.505s] GC(78) Concurrent Rebuild Remembered Sets 72.625ms
[2022-10-02T13:53:15.819-0400][844.505s] GC(78) Pause Cleanup
[2022-10-02T13:53:15.819-0400][844.506s] GC(78) Pause Cleanup 325M->325M(512M) 0.361ms
[2022-10-02T13:53:15.819-0400][844.506s] GC(78) User=0.00s Sys=0.00s Real=0.00s
[2022-10-02T13:53:15.819-0400][844.506s] GC(78) Concurrent Cleanup for Next Mark
[2022-10-02T13:53:15.820-0400][844.506s] GC(78) Concurrent Cleanup for Next Mark 0.407ms
[2022-10-02T13:53:15.820-0400][844.506s] GC(78) Concurrent Mark Cycle 170.298ms
[2022-10-02T13:53:16.160-0400][844.846s] GC(79) Pause Young (Prepare Mixed) (G1 Evacuation Pause)
[2022-10-02T13:53:16.160-0400][844.846s] GC(79) Using 8 workers of 8 for evacuation
[2022-10-02T13:53:16.164-0400][844.850s] GC(79)   Pre Evacuate Collection Set: 0.1ms
[2022-10-02T13:53:16.164-0400][844.850s] GC(79)   Merge Heap Roots: 0.1ms
[2022-10-02T13:53:16.164-0400][844.850s] GC(79)   Evacuate Collection Set: 2.9ms
[2022-10-02T13:53:16.164-0400][844.850s] GC(79)   Post Evacuate Collection Set: 0.6ms
[2022-10-02T13:53:16.164-0400][844.850s] GC(79)   Other: 0.1ms
[2022-10-02T13:53:16.164-0400][844.850s] GC(79) Eden regions: 181->0(18)
[2022-10-02T13:53:16.164-0400][844.850s] GC(79) Survivor regions: 8->7(24)
[2022-10-02T13:53:16.164-0400][844.850s] GC(79) Old regions: 249->249
[2022-10-02T13:53:16.164-0400][844.850s] GC(79) Archive regions: 2->2
[2022-10-02T13:53:16.164-0400][844.850s] GC(79) Humongous regions: 8->8
[2022-10-02T13:53:16.164-0400][844.850s] GC(79) Metaspace: 54419K(55168K)->54419K(55168K) NonClass: 48165K(48576K)->48165K(48576K) Class: 6253K(6592K)->6253K(6592K)
[2022-10-02T13:53:16.164-0400][844.850s] GC(79) Pause Young (Prepare Mixed) (G1 Evacuation Pause) 446M->263M(512M) 4.087ms
[2022-10-02T13:53:16.164-0400][844.850s] GC(79) User=0.02s Sys=0.00s Real=0.00s
[2022-10-02T13:53:16.211-0400][844.897s] GC(80) Pause Young (Mixed) (G1 Evacuation Pause)
[2022-10-02T13:53:16.211-0400][844.897s] GC(80) Using 8 workers of 8 for evacuation
[2022-10-02T13:53:16.215-0400][844.901s] GC(80)   Pre Evacuate Collection Set: 0.1ms
[2022-10-02T13:53:16.215-0400][844.901s] GC(80)   Merge Heap Roots: 0.1ms
[2022-10-02T13:53:16.215-0400][844.901s] GC(80)   Evacuate Collection Set: 2.9ms
[2022-10-02T13:53:16.215-0400][844.901s] GC(80)   Post Evacuate Collection Set: 0.5ms
[2022-10-02T13:53:16.215-0400][844.901s] GC(80)   Other: 0.1ms
[2022-10-02T13:53:16.215-0400][844.901s] GC(80) Eden regions: 18->0(200)
[2022-10-02T13:53:16.215-0400][844.901s] GC(80) Survivor regions: 7->2(4)
[2022-10-02T13:53:16.215-0400][844.901s] GC(80) Old regions: 249->236
[2022-10-02T13:53:16.215-0400][844.901s] GC(80) Archive regions: 2->2
[2022-10-02T13:53:16.215-0400][844.901s] GC(80) Humongous regions: 8->8
[2022-10-02T13:53:16.215-0400][844.901s] GC(80) Metaspace: 54419K(55168K)->54419K(55168K) NonClass: 48165K(48576K)->48165K(48576K) Class: 6253K(6592K)->6253K(6592K)
[2022-10-02T13:53:16.215-0400][844.901s] GC(80) Pause Young (Mixed) (G1 Evacuation Pause) 281M->245M(512M) 4.064ms
[2022-10-02T13:53:16.215-0400][844.901s] GC(80) User=0.03s Sys=0.00s Real=0.00s
[2022-10-02T13:53:16.757-0400][845.443s] GC(81) Pause Young (Normal) (G1 Evacuation Pause)
[2022-10-02T13:53:16.757-0400][845.443s] GC(81) Using 8 workers of 8 for evacuation
[2022-10-02T13:53:16.759-0400][845.446s] GC(81)   Pre Evacuate Collection Set: 0.1ms
[2022-10-02T13:53:16.759-0400][845.446s] GC(81)   Merge Heap Roots: 0.1ms
[2022-10-02T13:53:16.759-0400][845.446s] GC(81)   Evacuate Collection Set: 1.7ms
[2022-10-02T13:53:16.759-0400][845.446s] GC(81)   Post Evacuate Collection Set: 0.4ms
[2022-10-02T13:53:16.760-0400][845.446s] GC(81)   Other: 0.1ms
[2022-10-02T13:53:16.760-0400][845.446s] GC(81) Eden regions: 200->0(199)
[2022-10-02T13:53:16.760-0400][845.446s] GC(81) Survivor regions: 2->4(26)
[2022-10-02T13:53:16.760-0400][845.446s] GC(81) Old regions: 236->236
[2022-10-02T13:53:16.760-0400][845.446s] GC(81) Archive regions: 2->2
[2022-10-02T13:53:16.760-0400][845.446s] GC(81) Humongous regions: 8->8
[2022-10-02T13:53:16.760-0400][845.446s] GC(81) Metaspace: 54419K(55168K)->54419K(55168K) NonClass: 48165K(48576K)->48165K(48576K) Class: 6253K(6592K)->6253K(6592K)
[2022-10-02T13:53:16.760-0400][845.446s] GC(81) Pause Young (Normal) (G1 Evacuation Pause) 445M->247M(512M) 2.740ms
[2022-10-02T13:53:16.760-0400][845.446s] GC(81) User=0.01s Sys=0.00s Real=0.01s
[2022-10-02T13:53:17.312-0400][845.999s] GC(82) Pause Young (Normal) (G1 Evacuation Pause)
[2022-10-02T13:53:17.312-0400][845.999s] GC(82) Using 8 workers of 8 for evacuation
[2022-10-02T13:53:17.316-0400][846.002s] GC(82)   Pre Evacuate Collection Set: 0.1ms
[2022-10-02T13:53:17.316-0400][846.002s] GC(82)   Merge Heap Roots: 0.1ms
[2022-10-02T13:53:17.316-0400][846.002s] GC(82)   Evacuate Collection Set: 2.4ms
[2022-10-02T13:53:17.316-0400][846.002s] GC(82)   Post Evacuate Collection Set: 0.5ms
[2022-10-02T13:53:17.316-0400][846.002s] GC(82)   Other: 0.1ms
[2022-10-02T13:53:17.316-0400][846.002s] GC(82) Eden regions: 199->0(198)
[2022-10-02T13:53:17.316-0400][846.002s] GC(82) Survivor regions: 4->6(26)
[2022-10-02T13:53:17.316-0400][846.002s] GC(82) Old regions: 236->236
[2022-10-02T13:53:17.316-0400][846.002s] GC(82) Archive regions: 2->2
[2022-10-02T13:53:17.316-0400][846.002s] GC(82) Humongous regions: 8->8
[2022-10-02T13:53:17.316-0400][846.002s] GC(82) Metaspace: 54419K(55168K)->54419K(55168K) NonClass: 48165K(48576K)->48165K(48576K) Class: 6253K(6592K)->6253K(6592K)
[2022-10-02T13:53:17.316-0400][846.002s] GC(82) Pause Young (Normal) (G1 Evacuation Pause) 446M->250M(512M) 3.483ms
[2022-10-02T13:53:17.316-0400][846.002s] GC(82) User=0.02s Sys=0.00s Real=0.00s
[2022-10-02T13:53:17.913-0400][846.599s] GC(83) Pause Young (Concurrent Start) (G1 Evacuation Pause)
[2022-10-02T13:53:17.913-0400][846.599s] GC(83) Using 8 workers of 8 for evacuation
[2022-10-02T13:53:17.917-0400][846.604s] GC(83)   Pre Evacuate Collection Set: 0.2ms
[2022-10-02T13:53:17.917-0400][846.604s] GC(83)   Merge Heap Roots: 0.1ms
[2022-10-02T13:53:17.917-0400][846.604s] GC(83)   Evacuate Collection Set: 3.7ms
[2022-10-02T13:53:17.917-0400][846.604s] GC(83)   Post Evacuate Collection Set: 0.4ms
[2022-10-02T13:53:17.917-0400][846.604s] GC(83)   Other: 0.1ms
[2022-10-02T13:53:17.917-0400][846.604s] GC(83) Eden regions: 198->0(196)
[2022-10-02T13:53:17.918-0400][846.604s] GC(83) Survivor regions: 6->9(26)
[2022-10-02T13:53:17.918-0400][846.604s] GC(83) Old regions: 236->236
[2022-10-02T13:53:17.918-0400][846.604s] GC(83) Archive regions: 2->2
[2022-10-02T13:53:17.918-0400][846.604s] GC(83) Humongous regions: 8->8
[2022-10-02T13:53:17.918-0400][846.604s] GC(83) Metaspace: 54420K(55168K)->54420K(55168K) NonClass: 48166K(48576K)->48166K(48576K) Class: 6253K(6592K)->6253K(6592K)
[2022-10-02T13:53:17.918-0400][846.604s] GC(83) Pause Young (Concurrent Start) (G1 Evacuation Pause) 448M->252M(512M) 4.816ms
[2022-10-02T13:53:17.918-0400][846.604s] GC(83) User=0.02s Sys=0.00s Real=0.00s
[2022-10-02T13:53:17.918-0400][846.604s] GC(84) Concurrent Mark Cycle
[2022-10-02T13:53:17.918-0400][846.604s] GC(84) Concurrent Clear Claimed Marks
[2022-10-02T13:53:17.918-0400][846.604s] GC(84) Concurrent Clear Claimed Marks 0.031ms
[2022-10-02T13:53:17.918-0400][846.604s] GC(84) Concurrent Scan Root Regions
[2022-10-02T13:53:17.921-0400][846.607s] GC(84) Concurrent Scan Root Regions 3.249ms
[2022-10-02T13:53:17.921-0400][846.607s] GC(84) Concurrent Mark
[2022-10-02T13:53:17.921-0400][846.607s] GC(84) Concurrent Mark From Roots
[2022-10-02T13:53:17.921-0400][846.607s] GC(84) Using 2 workers of 2 for marking
[2022-10-02T13:53:18.029-0400][846.715s] GC(84) Concurrent Mark From Roots 107.842ms
[2022-10-02T13:53:18.029-0400][846.715s] GC(84) Concurrent Preclean
[2022-10-02T13:53:18.029-0400][846.715s] GC(84) Concurrent Preclean 0.101ms
[2022-10-02T13:53:18.029-0400][846.716s] GC(84) Pause Remark
[2022-10-02T13:53:18.032-0400][846.718s] GC(84) Pause Remark 280M->280M(512M) 2.421ms
[2022-10-02T13:53:18.032-0400][846.718s] GC(84) User=0.01s Sys=0.00s Real=0.01s
[2022-10-02T13:53:18.032-0400][846.718s] GC(84) Concurrent Mark 110.773ms
[2022-10-02T13:53:18.032-0400][846.718s] GC(84) Concurrent Rebuild Remembered Sets
[2022-10-02T13:53:18.119-0400][846.805s] GC(84) Concurrent Rebuild Remembered Sets 87.229ms
[2022-10-02T13:53:18.119-0400][846.806s] GC(84) Pause Cleanup
[2022-10-02T13:53:18.120-0400][846.806s] GC(84) Pause Cleanup 301M->301M(512M) 0.236ms
[2022-10-02T13:53:18.120-0400][846.806s] GC(84) User=0.00s Sys=0.00s Real=0.01s
[2022-10-02T13:53:18.120-0400][846.806s] GC(84) Concurrent Cleanup for Next Mark
[2022-10-02T13:53:18.120-0400][846.807s] GC(84) Concurrent Cleanup for Next Mark 0.475ms
[2022-10-02T13:53:18.120-0400][846.807s] GC(84) Concurrent Mark Cycle 202.602ms
[2022-10-02T13:53:18.661-0400][847.347s] GC(85) Pause Young (Prepare Mixed) (G1 Evacuation Pause)
[2022-10-02T13:53:18.661-0400][847.347s] GC(85) Using 8 workers of 8 for evacuation
[2022-10-02T13:53:18.665-0400][847.351s] GC(85)   Pre Evacuate Collection Set: 0.1ms
[2022-10-02T13:53:18.665-0400][847.351s] GC(85)   Merge Heap Roots: 0.1ms
[2022-10-02T13:53:18.665-0400][847.351s] GC(85)   Evacuate Collection Set: 3.0ms
[2022-10-02T13:53:18.665-0400][847.351s] GC(85)   Post Evacuate Collection Set: 0.4ms
[2022-10-02T13:53:18.665-0400][847.351s] GC(85)   Other: 0.1ms
[2022-10-02T13:53:18.665-0400][847.351s] GC(85) Eden regions: 196->0(17)
[2022-10-02T13:53:18.665-0400][847.351s] GC(85) Survivor regions: 9->8(26)
[2022-10-02T13:53:18.665-0400][847.351s] GC(85) Old regions: 236->236
[2022-10-02T13:53:18.665-0400][847.351s] GC(85) Archive regions: 2->2
[2022-10-02T13:53:18.665-0400][847.351s] GC(85) Humongous regions: 8->8
[2022-10-02T13:53:18.665-0400][847.351s] GC(85) Metaspace: 54420K(55168K)->54420K(55168K) NonClass: 48166K(48576K)->48166K(48576K) Class: 6253K(6592K)->6253K(6592K)
[2022-10-02T13:53:18.665-0400][847.351s] GC(85) Pause Young (Prepare Mixed) (G1 Evacuation Pause) 448M->252M(512M) 3.912ms
[2022-10-02T13:53:18.665-0400][847.351s] GC(85) User=0.02s Sys=0.01s Real=0.00s
[2022-10-02T13:53:18.713-0400][847.399s] GC(86) Pause Young (Mixed) (G1 Evacuation Pause)
[2022-10-02T13:53:18.713-0400][847.399s] GC(86) Using 8 workers of 8 for evacuation
[2022-10-02T13:53:18.716-0400][847.403s] GC(86)   Pre Evacuate Collection Set: 0.1ms
[2022-10-02T13:53:18.716-0400][847.403s] GC(86)   Merge Heap Roots: 0.1ms
[2022-10-02T13:53:18.716-0400][847.403s] GC(86)   Evacuate Collection Set: 2.8ms
[2022-10-02T13:53:18.716-0400][847.403s] GC(86)   Post Evacuate Collection Set: 0.3ms
[2022-10-02T13:53:18.716-0400][847.403s] GC(86)   Other: 0.1ms
[2022-10-02T13:53:18.716-0400][847.403s] GC(86) Eden regions: 17->0(218)
[2022-10-02T13:53:18.716-0400][847.403s] GC(86) Survivor regions: 8->1(4)
[2022-10-02T13:53:18.716-0400][847.403s] GC(86) Old regions: 236->222
[2022-10-02T13:53:18.716-0400][847.403s] GC(86) Archive regions: 2->2
[2022-10-02T13:53:18.716-0400][847.403s] GC(86) Humongous regions: 8->8
[2022-10-02T13:53:18.716-0400][847.403s] GC(86) Metaspace: 54420K(55168K)->54420K(55168K) NonClass: 48166K(48576K)->48166K(48576K) Class: 6253K(6592K)->6253K(6592K)
[2022-10-02T13:53:18.716-0400][847.403s] GC(86) Pause Young (Mixed) (G1 Evacuation Pause) 269M->231M(512M) 3.690ms
[2022-10-02T13:53:18.716-0400][847.403s] GC(86) User=0.03s Sys=0.00s Real=0.00s
[2022-10-02T13:53:19.364-0400][848.050s] GC(87) Pause Young (Normal) (G1 Evacuation Pause)
[2022-10-02T13:53:19.364-0400][848.050s] GC(87) Using 8 workers of 8 for evacuation
[2022-10-02T13:53:19.367-0400][848.053s] GC(87)   Pre Evacuate Collection Set: 0.1ms
[2022-10-02T13:53:19.367-0400][848.053s] GC(87)   Merge Heap Roots: 0.2ms
[2022-10-02T13:53:19.367-0400][848.053s] GC(87)   Evacuate Collection Set: 1.9ms
[2022-10-02T13:53:19.367-0400][848.053s] GC(87)   Post Evacuate Collection Set: 0.6ms
[2022-10-02T13:53:19.367-0400][848.053s] GC(87)   Other: 0.1ms
[2022-10-02T13:53:19.367-0400][848.053s] GC(87) Eden regions: 218->0(215)
[2022-10-02T13:53:19.367-0400][848.053s] GC(87) Survivor regions: 1->4(28)
[2022-10-02T13:53:19.367-0400][848.053s] GC(87) Old regions: 222->222
[2022-10-02T13:53:19.367-0400][848.053s] GC(87) Archive regions: 2->2
[2022-10-02T13:53:19.367-0400][848.053s] GC(87) Humongous regions: 8->8
[2022-10-02T13:53:19.367-0400][848.053s] GC(87) Metaspace: 54420K(55168K)->54420K(55168K) NonClass: 48166K(48576K)->48166K(48576K) Class: 6253K(6592K)->6253K(6592K)
[2022-10-02T13:53:19.367-0400][848.053s] GC(87) Pause Young (Normal) (G1 Evacuation Pause) 449M->234M(512M) 3.215ms
[2022-10-02T13:53:19.367-0400][848.053s] GC(87) User=0.01s Sys=0.00s Real=0.00s
[2022-10-02T13:53:19.942-0400][848.628s] GC(88) Pause Young (Normal) (G1 Evacuation Pause)
[2022-10-02T13:53:19.942-0400][848.628s] GC(88) Using 8 workers of 8 for evacuation
[2022-10-02T13:53:19.946-0400][848.632s] GC(88)   Pre Evacuate Collection Set: 0.2ms
[2022-10-02T13:53:19.946-0400][848.632s] GC(88)   Merge Heap Roots: 0.1ms
[2022-10-02T13:53:19.946-0400][848.632s] GC(88)   Evacuate Collection Set: 3.1ms
[2022-10-02T13:53:19.946-0400][848.632s] GC(88)   Post Evacuate Collection Set: 0.4ms
[2022-10-02T13:53:19.946-0400][848.632s] GC(88)   Other: 0.1ms
[2022-10-02T13:53:19.946-0400][848.632s] GC(88) Eden regions: 215->0(213)
[2022-10-02T13:53:19.946-0400][848.632s] GC(88) Survivor regions: 4->7(28)
[2022-10-02T13:53:19.946-0400][848.632s] GC(88) Old regions: 222->222
[2022-10-02T13:53:19.946-0400][848.632s] GC(88) Archive regions: 2->2
[2022-10-02T13:53:19.946-0400][848.632s] GC(88) Humongous regions: 8->8
[2022-10-02T13:53:19.946-0400][848.632s] GC(88) Metaspace: 54420K(55168K)->54420K(55168K) NonClass: 48166K(48576K)->48166K(48576K) Class: 6253K(6592K)->6253K(6592K)
[2022-10-02T13:53:19.946-0400][848.632s] GC(88) Pause Young (Normal) (G1 Evacuation Pause) 449M->237M(512M) 4.103ms
[2022-10-02T13:53:19.946-0400][848.632s] GC(88) User=0.02s Sys=0.00s Real=0.00s
[2022-10-02T13:53:20.507-0400][849.194s] GC(89) Pause Young (Concurrent Start) (G1 Evacuation Pause)
[2022-10-02T13:53:20.507-0400][849.194s] GC(89) Using 8 workers of 8 for evacuation
[2022-10-02T13:53:20.512-0400][849.199s] GC(89)   Pre Evacuate Collection Set: 0.2ms
[2022-10-02T13:53:20.512-0400][849.199s] GC(89)   Merge Heap Roots: 0.1ms
[2022-10-02T13:53:20.512-0400][849.199s] GC(89)   Evacuate Collection Set: 3.9ms
[2022-10-02T13:53:20.512-0400][849.199s] GC(89)   Post Evacuate Collection Set: 0.6ms
[2022-10-02T13:53:20.512-0400][849.199s] GC(89)   Other: 0.1ms
[2022-10-02T13:53:20.512-0400][849.199s] GC(89) Eden regions: 213->0(208)
[2022-10-02T13:53:20.512-0400][849.199s] GC(89) Survivor regions: 7->10(28)
[2022-10-02T13:53:20.512-0400][849.199s] GC(89) Old regions: 222->222
[2022-10-02T13:53:20.512-0400][849.199s] GC(89) Archive regions: 2->2
[2022-10-02T13:53:20.512-0400][849.199s] GC(89) Humongous regions: 8->8
[2022-10-02T13:53:20.512-0400][849.199s] GC(89) Metaspace: 54420K(55168K)->54420K(55168K) NonClass: 48166K(48576K)->48166K(48576K) Class: 6253K(6592K)->6253K(6592K)
[2022-10-02T13:53:20.512-0400][849.199s] GC(89) Pause Young (Concurrent Start) (G1 Evacuation Pause) 450M->239M(512M) 5.181ms
[2022-10-02T13:53:20.513-0400][849.199s] GC(89) User=0.03s Sys=0.00s Real=0.01s
[2022-10-02T13:53:20.513-0400][849.199s] GC(90) Concurrent Mark Cycle
[2022-10-02T13:53:20.513-0400][849.199s] GC(90) Concurrent Clear Claimed Marks
[2022-10-02T13:53:20.513-0400][849.199s] GC(90) Concurrent Clear Claimed Marks 0.027ms
[2022-10-02T13:53:20.513-0400][849.199s] GC(90) Concurrent Scan Root Regions
[2022-10-02T13:53:20.516-0400][849.202s] GC(90) Concurrent Scan Root Regions 3.519ms
[2022-10-02T13:53:20.516-0400][849.203s] GC(90) Concurrent Mark
[2022-10-02T13:53:20.516-0400][849.203s] GC(90) Concurrent Mark From Roots
[2022-10-02T13:53:20.516-0400][849.203s] GC(90) Using 2 workers of 2 for marking
[2022-10-02T13:53:20.592-0400][849.279s] GC(90) Concurrent Mark From Roots 75.969ms
[2022-10-02T13:53:20.592-0400][849.279s] GC(90) Concurrent Preclean
[2022-10-02T13:53:20.592-0400][849.279s] GC(90) Concurrent Preclean 0.062ms
[2022-10-02T13:53:20.592-0400][849.279s] GC(90) Pause Remark
[2022-10-02T13:53:20.595-0400][849.281s] GC(90) Pause Remark 269M->265M(512M) 2.362ms
[2022-10-02T13:53:20.595-0400][849.281s] GC(90) User=0.01s Sys=0.00s Real=0.00s
[2022-10-02T13:53:20.595-0400][849.281s] GC(90) Concurrent Mark 78.848ms
[2022-10-02T13:53:20.595-0400][849.281s] GC(90) Concurrent Rebuild Remembered Sets
[2022-10-02T13:53:20.658-0400][849.344s] GC(90) Concurrent Rebuild Remembered Sets 63.056ms
[2022-10-02T13:53:20.658-0400][849.345s] GC(90) Pause Cleanup
[2022-10-02T13:53:20.659-0400][849.345s] GC(90) Pause Cleanup 289M->289M(512M) 0.300ms
[2022-10-02T13:53:20.659-0400][849.345s] GC(90) User=0.00s Sys=0.00s Real=0.00s
[2022-10-02T13:53:20.659-0400][849.345s] GC(90) Concurrent Cleanup for Next Mark
[2022-10-02T13:53:20.659-0400][849.345s] GC(90) Concurrent Cleanup for Next Mark 0.406ms
[2022-10-02T13:53:20.659-0400][849.346s] GC(90) Concurrent Mark Cycle 146.612ms
[2022-10-02T13:53:21.052-0400][849.738s] GC(91) Pause Young (Prepare Mixed) (G1 Evacuation Pause)
[2022-10-02T13:53:21.052-0400][849.738s] GC(91) Using 8 workers of 8 for evacuation
[2022-10-02T13:53:21.056-0400][849.743s] GC(91)   Pre Evacuate Collection Set: 0.2ms
[2022-10-02T13:53:21.056-0400][849.743s] GC(91)   Merge Heap Roots: 0.2ms
[2022-10-02T13:53:21.056-0400][849.743s] GC(91)   Evacuate Collection Set: 3.2ms
[2022-10-02T13:53:21.056-0400][849.743s] GC(91)   Post Evacuate Collection Set: 0.6ms
[2022-10-02T13:53:21.056-0400][849.743s] GC(91)   Other: 0.1ms
[2022-10-02T13:53:21.056-0400][849.743s] GC(91) Eden regions: 208->0(16)
[2022-10-02T13:53:21.056-0400][849.743s] GC(91) Survivor regions: 10->9(28)
[2022-10-02T13:53:21.056-0400][849.743s] GC(91) Old regions: 218->218
[2022-10-02T13:53:21.056-0400][849.743s] GC(91) Archive regions: 2->2
[2022-10-02T13:53:21.056-0400][849.743s] GC(91) Humongous regions: 8->8
[2022-10-02T13:53:21.056-0400][849.743s] GC(91) Metaspace: 54420K(55168K)->54420K(55168K) NonClass: 48166K(48576K)->48166K(48576K) Class: 6253K(6592K)->6253K(6592K)
[2022-10-02T13:53:21.056-0400][849.743s] GC(91) Pause Young (Prepare Mixed) (G1 Evacuation Pause) 443M->235M(512M) 4.702ms
[2022-10-02T13:53:21.056-0400][849.743s] GC(91) User=0.02s Sys=0.00s Real=0.00s
[2022-10-02T13:53:21.098-0400][849.784s] GC(92) Pause Young (Mixed) (G1 Evacuation Pause)
[2022-10-02T13:53:21.098-0400][849.784s] GC(92) Using 8 workers of 8 for evacuation
[2022-10-02T13:53:21.101-0400][849.788s] GC(92)   Pre Evacuate Collection Set: 0.1ms
[2022-10-02T13:53:21.102-0400][849.788s] GC(92)   Merge Heap Roots: 0.1ms
[2022-10-02T13:53:21.102-0400][849.788s] GC(92)   Evacuate Collection Set: 3.2ms
[2022-10-02T13:53:21.102-0400][849.788s] GC(92)   Post Evacuate Collection Set: 0.4ms
[2022-10-02T13:53:21.102-0400][849.788s] GC(92)   Other: 0.1ms
[2022-10-02T13:53:21.102-0400][849.788s] GC(92) Eden regions: 16->0(228)
[2022-10-02T13:53:21.102-0400][849.788s] GC(92) Survivor regions: 9->1(4)
[2022-10-02T13:53:21.102-0400][849.788s] GC(92) Old regions: 218->212
[2022-10-02T13:53:21.102-0400][849.788s] GC(92) Archive regions: 2->2
[2022-10-02T13:53:21.102-0400][849.788s] GC(92) Humongous regions: 8->8
[2022-10-02T13:53:21.102-0400][849.788s] GC(92) Metaspace: 54420K(55168K)->54420K(55168K) NonClass: 48166K(48576K)->48166K(48576K) Class: 6253K(6592K)->6253K(6592K)
[2022-10-02T13:53:21.102-0400][849.788s] GC(92) Pause Young (Mixed) (G1 Evacuation Pause) 251M->221M(512M) 4.104ms
[2022-10-02T13:53:21.102-0400][849.788s] GC(92) User=0.01s Sys=0.00s Real=0.01s
[2022-10-02T13:53:21.678-0400][850.365s] GC(93) Pause Young (Normal) (G1 Evacuation Pause)
[2022-10-02T13:53:21.678-0400][850.365s] GC(93) Using 8 workers of 8 for evacuation
[2022-10-02T13:53:21.681-0400][850.368s] GC(93)   Pre Evacuate Collection Set: 0.1ms
[2022-10-02T13:53:21.681-0400][850.368s] GC(93)   Merge Heap Roots: 0.2ms
[2022-10-02T13:53:21.681-0400][850.368s] GC(93)   Evacuate Collection Set: 1.9ms
[2022-10-02T13:53:21.681-0400][850.368s] GC(93)   Post Evacuate Collection Set: 0.5ms
[2022-10-02T13:53:21.681-0400][850.368s] GC(93)   Other: 0.1ms
[2022-10-02T13:53:21.681-0400][850.368s] GC(93) Eden regions: 228->0(226)
[2022-10-02T13:53:21.681-0400][850.368s] GC(93) Survivor regions: 1->4(29)
[2022-10-02T13:53:21.681-0400][850.368s] GC(93) Old regions: 212->212
[2022-10-02T13:53:21.681-0400][850.368s] GC(93) Archive regions: 2->2
[2022-10-02T13:53:21.681-0400][850.368s] GC(93) Humongous regions: 8->8
[2022-10-02T13:53:21.681-0400][850.368s] GC(93) Metaspace: 54420K(55168K)->54420K(55168K) NonClass: 48166K(48576K)->48166K(48576K) Class: 6253K(6592K)->6253K(6592K)
[2022-10-02T13:53:21.681-0400][850.368s] GC(93) Pause Young (Normal) (G1 Evacuation Pause) 449M->223M(512M) 3.091ms
[2022-10-02T13:53:21.681-0400][850.368s] GC(93) User=0.02s Sys=0.00s Real=0.01s
[2022-10-02T13:53:22.282-0400][850.968s] GC(94) Pause Young (Normal) (G1 Evacuation Pause)
[2022-10-02T13:53:22.282-0400][850.968s] GC(94) Using 8 workers of 8 for evacuation
[2022-10-02T13:53:22.286-0400][850.972s] GC(94)   Pre Evacuate Collection Set: 0.1ms
[2022-10-02T13:53:22.286-0400][850.973s] GC(94)   Merge Heap Roots: 0.1ms
[2022-10-02T13:53:22.286-0400][850.973s] GC(94)   Evacuate Collection Set: 3.0ms
[2022-10-02T13:53:22.286-0400][850.973s] GC(94)   Post Evacuate Collection Set: 0.6ms
[2022-10-02T13:53:22.286-0400][850.973s] GC(94)   Other: 0.1ms
[2022-10-02T13:53:22.286-0400][850.973s] GC(94) Eden regions: 226->0(223)
[2022-10-02T13:53:22.286-0400][850.973s] GC(94) Survivor regions: 4->7(29)
[2022-10-02T13:53:22.286-0400][850.973s] GC(94) Old regions: 212->212
[2022-10-02T13:53:22.286-0400][850.973s] GC(94) Archive regions: 2->2
[2022-10-02T13:53:22.286-0400][850.973s] GC(94) Humongous regions: 8->8
[2022-10-02T13:53:22.286-0400][850.973s] GC(94) Metaspace: 54420K(55168K)->54420K(55168K) NonClass: 48166K(48576K)->48166K(48576K) Class: 6253K(6592K)->6253K(6592K)
[2022-10-02T13:53:22.286-0400][850.973s] GC(94) Pause Young (Normal) (G1 Evacuation Pause) 449M->226M(512M) 4.287ms
[2022-10-02T13:53:22.286-0400][850.973s] GC(94) User=0.03s Sys=0.00s Real=0.00s
[2022-10-02T13:53:22.858-0400][851.544s] GC(95) Pause Young (Concurrent Start) (G1 Evacuation Pause)
[2022-10-02T13:53:22.858-0400][851.544s] GC(95) Using 8 workers of 8 for evacuation
[2022-10-02T13:53:22.863-0400][851.549s] GC(95)   Pre Evacuate Collection Set: 0.3ms
[2022-10-02T13:53:22.863-0400][851.549s] GC(95)   Merge Heap Roots: 0.2ms
[2022-10-02T13:53:22.863-0400][851.549s] GC(95)   Evacuate Collection Set: 4.0ms
[2022-10-02T13:53:22.863-0400][851.549s] GC(95)   Post Evacuate Collection Set: 0.4ms
[2022-10-02T13:53:22.863-0400][851.549s] GC(95)   Other: 0.1ms
[2022-10-02T13:53:22.863-0400][851.549s] GC(95) Eden regions: 223->0(218)
[2022-10-02T13:53:22.863-0400][851.549s] GC(95) Survivor regions: 7->10(29)
[2022-10-02T13:53:22.863-0400][851.549s] GC(95) Old regions: 212->212
[2022-10-02T13:53:22.863-0400][851.549s] GC(95) Archive regions: 2->2
[2022-10-02T13:53:22.863-0400][851.549s] GC(95) Humongous regions: 8->8
[2022-10-02T13:53:22.863-0400][851.549s] GC(95) Metaspace: 54420K(55168K)->54420K(55168K) NonClass: 48166K(48576K)->48166K(48576K) Class: 6253K(6592K)->6253K(6592K)
[2022-10-02T13:53:22.863-0400][851.549s] GC(95) Pause Young (Concurrent Start) (G1 Evacuation Pause) 449M->229M(512M) 5.189ms
[2022-10-02T13:53:22.863-0400][851.549s] GC(95) User=0.03s Sys=0.00s Real=0.01s
[2022-10-02T13:53:22.863-0400][851.549s] GC(96) Concurrent Mark Cycle
[2022-10-02T13:53:22.863-0400][851.549s] GC(96) Concurrent Clear Claimed Marks
[2022-10-02T13:53:22.863-0400][851.549s] GC(96) Concurrent Clear Claimed Marks 0.027ms
[2022-10-02T13:53:22.863-0400][851.549s] GC(96) Concurrent Scan Root Regions
[2022-10-02T13:53:22.867-0400][851.553s] GC(96) Concurrent Scan Root Regions 3.578ms
[2022-10-02T13:53:22.867-0400][851.553s] GC(96) Concurrent Mark
[2022-10-02T13:53:22.867-0400][851.553s] GC(96) Concurrent Mark From Roots
[2022-10-02T13:53:22.867-0400][851.553s] GC(96) Using 2 workers of 2 for marking
[2022-10-02T13:53:22.938-0400][851.624s] GC(96) Concurrent Mark From Roots 71.129ms
[2022-10-02T13:53:22.938-0400][851.624s] GC(96) Concurrent Preclean
[2022-10-02T13:53:22.938-0400][851.624s] GC(96) Concurrent Preclean 0.066ms
[2022-10-02T13:53:22.938-0400][851.624s] GC(96) Pause Remark
[2022-10-02T13:53:22.940-0400][851.627s] GC(96) Pause Remark 254M->253M(512M) 2.220ms
[2022-10-02T13:53:22.940-0400][851.627s] GC(96) User=0.01s Sys=0.00s Real=0.01s
[2022-10-02T13:53:22.941-0400][851.627s] GC(96) Concurrent Mark 73.876ms
[2022-10-02T13:53:22.941-0400][851.627s] GC(96) Concurrent Rebuild Remembered Sets
[2022-10-02T13:53:22.997-0400][851.683s] GC(96) Concurrent Rebuild Remembered Sets 56.463ms
[2022-10-02T13:53:22.997-0400][851.684s] GC(96) Pause Cleanup
[2022-10-02T13:53:22.998-0400][851.684s] GC(96) Pause Cleanup 274M->274M(512M) 0.402ms
[2022-10-02T13:53:22.998-0400][851.684s] GC(96) User=0.00s Sys=0.00s Real=0.00s
[2022-10-02T13:53:22.998-0400][851.684s] GC(96) Concurrent Cleanup for Next Mark
[2022-10-02T13:53:22.998-0400][851.685s] GC(96) Concurrent Cleanup for Next Mark 0.453ms
[2022-10-02T13:53:22.999-0400][851.685s] GC(96) Concurrent Mark Cycle 135.482ms
[2022-10-02T13:53:23.441-0400][852.127s] GC(97) Pause Young (Prepare Mixed) (G1 Evacuation Pause)
[2022-10-02T13:53:23.441-0400][852.127s] GC(97) Using 8 workers of 8 for evacuation
[2022-10-02T13:53:23.445-0400][852.131s] GC(97)   Pre Evacuate Collection Set: 0.1ms
[2022-10-02T13:53:23.445-0400][852.131s] GC(97)   Merge Heap Roots: 0.2ms
[2022-10-02T13:53:23.445-0400][852.131s] GC(97)   Evacuate Collection Set: 3.6ms
[2022-10-02T13:53:23.445-0400][852.131s] GC(97)   Post Evacuate Collection Set: 0.5ms
[2022-10-02T13:53:23.445-0400][852.131s] GC(97)   Other: 0.1ms
[2022-10-02T13:53:23.445-0400][852.131s] GC(97) Eden regions: 218->0(16)
[2022-10-02T13:53:23.445-0400][852.131s] GC(97) Survivor regions: 10->9(29)
[2022-10-02T13:53:23.445-0400][852.131s] GC(97) Old regions: 211->211
[2022-10-02T13:53:23.445-0400][852.131s] GC(97) Archive regions: 2->2
[2022-10-02T13:53:23.445-0400][852.131s] GC(97) Humongous regions: 8->8
[2022-10-02T13:53:23.445-0400][852.131s] GC(97) Metaspace: 54428K(55168K)->54428K(55168K) NonClass: 48174K(48576K)->48174K(48576K) Class: 6253K(6592K)->6253K(6592K)
[2022-10-02T13:53:23.445-0400][852.131s] GC(97) Pause Young (Prepare Mixed) (G1 Evacuation Pause) 446M->227M(512M) 4.629ms
[2022-10-02T13:53:23.445-0400][852.132s] GC(97) User=0.02s Sys=0.00s Real=0.00s
[2022-10-02T13:53:23.490-0400][852.177s] GC(98) Pause Young (Mixed) (G1 Evacuation Pause)
[2022-10-02T13:53:23.491-0400][852.177s] GC(98) Using 8 workers of 8 for evacuation
[2022-10-02T13:53:23.494-0400][852.181s] GC(98)   Pre Evacuate Collection Set: 0.1ms
[2022-10-02T13:53:23.494-0400][852.181s] GC(98)   Merge Heap Roots: 0.2ms
[2022-10-02T13:53:23.494-0400][852.181s] GC(98)   Evacuate Collection Set: 3.0ms
[2022-10-02T13:53:23.494-0400][852.181s] GC(98)   Post Evacuate Collection Set: 0.4ms
[2022-10-02T13:53:23.494-0400][852.181s] GC(98)   Other: 0.1ms
[2022-10-02T13:53:23.494-0400][852.181s] GC(98) Eden regions: 16->0(248)
[2022-10-02T13:53:23.494-0400][852.181s] GC(98) Survivor regions: 9->1(4)
[2022-10-02T13:53:23.494-0400][852.181s] GC(98) Old regions: 211->192
[2022-10-02T13:53:23.494-0400][852.181s] GC(98) Archive regions: 2->2
[2022-10-02T13:53:23.494-0400][852.181s] GC(98) Humongous regions: 8->8
[2022-10-02T13:53:23.494-0400][852.181s] GC(98) Metaspace: 54428K(55168K)->54428K(55168K) NonClass: 48174K(48576K)->48174K(48576K) Class: 6253K(6592K)->6253K(6592K)
[2022-10-02T13:53:23.495-0400][852.181s] GC(98) Pause Young (Mixed) (G1 Evacuation Pause) 243M->201M(512M) 4.071ms
[2022-10-02T13:53:23.495-0400][852.181s] GC(98) User=0.02s Sys=0.00s Real=0.00s
[2022-10-02T13:53:24.149-0400][852.835s] GC(99) Pause Young (Normal) (G1 Evacuation Pause)
[2022-10-02T13:53:24.149-0400][852.836s] GC(99) Using 8 workers of 8 for evacuation
[2022-10-02T13:53:24.152-0400][852.839s] GC(99)   Pre Evacuate Collection Set: 0.1ms
[2022-10-02T13:53:24.152-0400][852.839s] GC(99)   Merge Heap Roots: 0.1ms
[2022-10-02T13:53:24.152-0400][852.839s] GC(99)   Evacuate Collection Set: 2.0ms
[2022-10-02T13:53:24.152-0400][852.839s] GC(99)   Post Evacuate Collection Set: 0.6ms
[2022-10-02T13:53:24.152-0400][852.839s] GC(99)   Other: 0.2ms
[2022-10-02T13:53:24.152-0400][852.839s] GC(99) Eden regions: 248->0(246)
[2022-10-02T13:53:24.152-0400][852.839s] GC(99) Survivor regions: 1->4(32)
[2022-10-02T13:53:24.152-0400][852.839s] GC(99) Old regions: 192->192
[2022-10-02T13:53:24.152-0400][852.839s] GC(99) Archive regions: 2->2
[2022-10-02T13:53:24.152-0400][852.839s] GC(99) Humongous regions: 8->8
[2022-10-02T13:53:24.153-0400][852.839s] GC(99) Metaspace: 54428K(55168K)->54428K(55168K) NonClass: 48174K(48576K)->48174K(48576K) Class: 6253K(6592K)->6253K(6592K)
[2022-10-02T13:53:24.153-0400][852.839s] GC(99) Pause Young (Normal) (G1 Evacuation Pause) 449M->204M(512M) 3.743ms
[2022-10-02T13:53:24.153-0400][852.839s] GC(99) User=0.01s Sys=0.00s Real=0.01s
[2022-10-02T13:53:24.870-0400][853.556s] GC(100) Pause Young (Normal) (G1 Evacuation Pause)
[2022-10-02T13:53:24.870-0400][853.557s] GC(100) Using 8 workers of 8 for evacuation
[2022-10-02T13:53:24.874-0400][853.561s] GC(100)   Pre Evacuate Collection Set: 0.2ms
[2022-10-02T13:53:24.874-0400][853.561s] GC(100)   Merge Heap Roots: 0.1ms
[2022-10-02T13:53:24.874-0400][853.561s] GC(100)   Evacuate Collection Set: 3.0ms
[2022-10-02T13:53:24.874-0400][853.561s] GC(100)   Post Evacuate Collection Set: 0.5ms
[2022-10-02T13:53:24.874-0400][853.561s] GC(100)   Other: 0.2ms
[2022-10-02T13:53:24.874-0400][853.561s] GC(100) Eden regions: 246->0(242)
[2022-10-02T13:53:24.874-0400][853.561s] GC(100) Survivor regions: 4->8(32)
[2022-10-02T13:53:24.874-0400][853.561s] GC(100) Old regions: 192->192
[2022-10-02T13:53:24.874-0400][853.561s] GC(100) Archive regions: 2->2
[2022-10-02T13:53:24.874-0400][853.561s] GC(100) Humongous regions: 8->8
[2022-10-02T13:53:24.874-0400][853.561s] GC(100) Metaspace: 54428K(55168K)->54428K(55168K) NonClass: 48174K(48576K)->48174K(48576K) Class: 6253K(6592K)->6253K(6592K)
[2022-10-02T13:53:24.874-0400][853.561s] GC(100) Pause Young (Normal) (G1 Evacuation Pause) 450M->207M(512M) 4.343ms
[2022-10-02T13:53:24.874-0400][853.561s] GC(100) User=0.03s Sys=0.00s Real=0.00s
[2022-10-02T13:53:25.494-0400][854.180s] GC(101) Pause Young (Concurrent Start) (G1 Evacuation Pause)
[2022-10-02T13:53:25.494-0400][854.180s] GC(101) Using 8 workers of 8 for evacuation
[2022-10-02T13:53:25.499-0400][854.185s] GC(101)   Pre Evacuate Collection Set: 0.2ms
[2022-10-02T13:53:25.499-0400][854.186s] GC(101)   Merge Heap Roots: 0.2ms
[2022-10-02T13:53:25.499-0400][854.186s] GC(101)   Evacuate Collection Set: 4.4ms
[2022-10-02T13:53:25.499-0400][854.186s] GC(101)   Post Evacuate Collection Set: 0.5ms
[2022-10-02T13:53:25.499-0400][854.186s] GC(101)   Other: 0.2ms
[2022-10-02T13:53:25.499-0400][854.186s] GC(101) Eden regions: 242->0(236)
[2022-10-02T13:53:25.499-0400][854.186s] GC(101) Survivor regions: 8->11(32)
[2022-10-02T13:53:25.499-0400][854.186s] GC(101) Old regions: 192->192
[2022-10-02T13:53:25.499-0400][854.186s] GC(101) Archive regions: 2->2
[2022-10-02T13:53:25.499-0400][854.186s] GC(101) Humongous regions: 8->8
[2022-10-02T13:53:25.499-0400][854.186s] GC(101) Metaspace: 54428K(55168K)->54428K(55168K) NonClass: 48174K(48576K)->48174K(48576K) Class: 6253K(6592K)->6253K(6592K)
[2022-10-02T13:53:25.499-0400][854.186s] GC(101) Pause Young (Concurrent Start) (G1 Evacuation Pause) 449M->211M(512M) 5.782ms
[2022-10-02T13:53:25.499-0400][854.186s] GC(101) User=0.03s Sys=0.00s Real=0.00s
[2022-10-02T13:53:25.499-0400][854.186s] GC(102) Concurrent Mark Cycle
[2022-10-02T13:53:25.499-0400][854.186s] GC(102) Concurrent Clear Claimed Marks
[2022-10-02T13:53:25.499-0400][854.186s] GC(102) Concurrent Clear Claimed Marks 0.021ms
[2022-10-02T13:53:25.499-0400][854.186s] GC(102) Concurrent Scan Root Regions
[2022-10-02T13:53:25.503-0400][854.190s] GC(102) Concurrent Scan Root Regions 3.834ms
[2022-10-02T13:53:25.503-0400][854.190s] GC(102) Concurrent Mark
[2022-10-02T13:53:25.503-0400][854.190s] GC(102) Concurrent Mark From Roots
[2022-10-02T13:53:25.503-0400][854.190s] GC(102) Using 2 workers of 2 for marking
[2022-10-02T13:53:25.568-0400][854.254s] GC(102) Concurrent Mark From Roots 64.133ms
[2022-10-02T13:53:25.568-0400][854.254s] GC(102) Concurrent Preclean
[2022-10-02T13:53:25.568-0400][854.254s] GC(102) Concurrent Preclean 0.067ms
[2022-10-02T13:53:25.568-0400][854.254s] GC(102) Pause Remark
[2022-10-02T13:53:25.570-0400][854.257s] GC(102) Pause Remark 228M->223M(512M) 2.272ms
[2022-10-02T13:53:25.570-0400][854.257s] GC(102) User=0.01s Sys=0.00s Real=0.01s
[2022-10-02T13:53:25.570-0400][854.257s] GC(102) Concurrent Mark 66.952ms
[2022-10-02T13:53:25.571-0400][854.257s] GC(102) Concurrent Rebuild Remembered Sets
[2022-10-02T13:53:25.623-0400][854.310s] GC(102) Concurrent Rebuild Remembered Sets 52.944ms
[2022-10-02T13:53:25.624-0400][854.310s] GC(102) Pause Cleanup
[2022-10-02T13:53:25.624-0400][854.310s] GC(102) Pause Cleanup 241M->241M(512M) 0.203ms
[2022-10-02T13:53:25.624-0400][854.310s] GC(102) User=0.00s Sys=0.00s Real=0.00s
[2022-10-02T13:53:25.624-0400][854.310s] GC(102) Concurrent Cleanup for Next Mark
[2022-10-02T13:53:25.624-0400][854.311s] GC(102) Concurrent Cleanup for Next Mark 0.423ms
[2022-10-02T13:53:25.624-0400][854.311s] GC(102) Concurrent Mark Cycle 125.048ms
[2022-10-02T13:53:26.137-0400][854.823s] GC(103) Pause Young (Prepare Mixed) (G1 Evacuation Pause)
[2022-10-02T13:53:26.137-0400][854.823s] GC(103) Using 8 workers of 8 for evacuation
[2022-10-02T13:53:26.142-0400][854.828s] GC(103)   Pre Evacuate Collection Set: 0.1ms
[2022-10-02T13:53:26.142-0400][854.828s] GC(103)   Merge Heap Roots: 0.2ms
[2022-10-02T13:53:26.142-0400][854.828s] GC(103)   Evacuate Collection Set: 3.6ms
[2022-10-02T13:53:26.142-0400][854.828s] GC(103)   Post Evacuate Collection Set: 0.6ms
[2022-10-02T13:53:26.142-0400][854.828s] GC(103)   Other: 0.1ms
[2022-10-02T13:53:26.142-0400][854.828s] GC(103) Eden regions: 236->0(15)
[2022-10-02T13:53:26.142-0400][854.828s] GC(103) Survivor regions: 11->10(31)
[2022-10-02T13:53:26.142-0400][854.828s] GC(103) Old regions: 187->187
[2022-10-02T13:53:26.142-0400][854.828s] GC(103) Archive regions: 2->2
[2022-10-02T13:53:26.142-0400][854.828s] GC(103) Humongous regions: 8->8
[2022-10-02T13:53:26.142-0400][854.828s] GC(103) Metaspace: 54428K(55168K)->54428K(55168K) NonClass: 48174K(48576K)->48174K(48576K) Class: 6253K(6592K)->6253K(6592K)
[2022-10-02T13:53:26.142-0400][854.828s] GC(103) Pause Young (Prepare Mixed) (G1 Evacuation Pause) 442M->204M(512M) 4.858ms
[2022-10-02T13:53:26.142-0400][854.828s] GC(103) User=0.03s Sys=0.00s Real=0.01s
[2022-10-02T13:53:26.181-0400][854.868s] GC(104) Pause Young (Mixed) (G1 Evacuation Pause)
[2022-10-02T13:53:26.182-0400][854.868s] GC(104) Using 8 workers of 8 for evacuation
[2022-10-02T13:53:26.185-0400][854.872s] GC(104)   Pre Evacuate Collection Set: 0.1ms
[2022-10-02T13:53:26.185-0400][854.872s] GC(104)   Merge Heap Roots: 0.2ms
[2022-10-02T13:53:26.185-0400][854.872s] GC(104)   Evacuate Collection Set: 3.0ms
[2022-10-02T13:53:26.185-0400][854.872s] GC(104)   Post Evacuate Collection Set: 0.5ms
[2022-10-02T13:53:26.185-0400][854.872s] GC(104)   Other: 0.1ms
[2022-10-02T13:53:26.185-0400][854.872s] GC(104) Eden regions: 15->0(258)
[2022-10-02T13:53:26.185-0400][854.872s] GC(104) Survivor regions: 10->2(4)
[2022-10-02T13:53:26.185-0400][854.872s] GC(104) Old regions: 187->181
[2022-10-02T13:53:26.186-0400][854.872s] GC(104) Archive regions: 2->2
[2022-10-02T13:53:26.186-0400][854.872s] GC(104) Humongous regions: 8->8
[2022-10-02T13:53:26.186-0400][854.872s] GC(104) Metaspace: 54428K(55168K)->54428K(55168K) NonClass: 48174K(48576K)->48174K(48576K) Class: 6253K(6592K)->6253K(6592K)
[2022-10-02T13:53:26.186-0400][854.872s] GC(104) Pause Young (Mixed) (G1 Evacuation Pause) 219M->190M(512M) 4.120ms
[2022-10-02T13:53:26.186-0400][854.872s] GC(104) User=0.02s Sys=0.00s Real=0.00s
[2022-10-02T13:53:26.832-0400][855.518s] GC(105) Pause Young (Normal) (G1 Evacuation Pause)
[2022-10-02T13:53:26.832-0400][855.518s] GC(105) Using 8 workers of 8 for evacuation
[2022-10-02T13:53:26.835-0400][855.521s] GC(105)   Pre Evacuate Collection Set: 0.1ms
[2022-10-02T13:53:26.835-0400][855.521s] GC(105)   Merge Heap Roots: 0.1ms
[2022-10-02T13:53:26.835-0400][855.521s] GC(105)   Evacuate Collection Set: 2.0ms
[2022-10-02T13:53:26.835-0400][855.522s] GC(105)   Post Evacuate Collection Set: 0.6ms
[2022-10-02T13:53:26.835-0400][855.522s] GC(105)   Other: 0.1ms
[2022-10-02T13:53:26.835-0400][855.522s] GC(105) Eden regions: 258->0(257)
[2022-10-02T13:53:26.835-0400][855.522s] GC(105) Survivor regions: 2->4(33)
[2022-10-02T13:53:26.835-0400][855.522s] GC(105) Old regions: 181->181
[2022-10-02T13:53:26.835-0400][855.522s] GC(105) Archive regions: 2->2
[2022-10-02T13:53:26.835-0400][855.522s] GC(105) Humongous regions: 8->8
[2022-10-02T13:53:26.835-0400][855.522s] GC(105) Metaspace: 54428K(55168K)->54428K(55168K) NonClass: 48174K(48576K)->48174K(48576K) Class: 6253K(6592K)->6253K(6592K)
[2022-10-02T13:53:26.835-0400][855.522s] GC(105) Pause Young (Normal) (G1 Evacuation Pause) 448M->193M(512M) 3.217ms
[2022-10-02T13:53:26.835-0400][855.522s] GC(105) User=0.01s Sys=0.00s Real=0.00s
[2022-10-02T13:53:27.572-0400][856.259s] GC(106) Pause Young (Normal) (G1 Evacuation Pause)
[2022-10-02T13:53:27.572-0400][856.259s] GC(106) Using 8 workers of 8 for evacuation
[2022-10-02T13:53:27.577-0400][856.263s] GC(106)   Pre Evacuate Collection Set: 0.1ms
[2022-10-02T13:53:27.577-0400][856.264s] GC(106)   Merge Heap Roots: 0.1ms
[2022-10-02T13:53:27.577-0400][856.264s] GC(106)   Evacuate Collection Set: 3.8ms
[2022-10-02T13:53:27.577-0400][856.264s] GC(106)   Post Evacuate Collection Set: 0.5ms
[2022-10-02T13:53:27.577-0400][856.264s] GC(106)   Other: 0.1ms
[2022-10-02T13:53:27.577-0400][856.264s] GC(106) Eden regions: 257->0(253)
[2022-10-02T13:53:27.577-0400][856.264s] GC(106) Survivor regions: 4->8(33)
[2022-10-02T13:53:27.577-0400][856.264s] GC(106) Old regions: 181->181
[2022-10-02T13:53:27.577-0400][856.264s] GC(106) Archive regions: 2->2
[2022-10-02T13:53:27.577-0400][856.264s] GC(106) Humongous regions: 8->8
[2022-10-02T13:53:27.577-0400][856.264s] GC(106) Metaspace: 54428K(55168K)->54428K(55168K) NonClass: 48174K(48576K)->48174K(48576K) Class: 6253K(6592K)->6253K(6592K)
[2022-10-02T13:53:27.577-0400][856.264s] GC(106) Pause Young (Normal) (G1 Evacuation Pause) 450M->196M(512M) 4.993ms
[2022-10-02T13:53:27.577-0400][856.264s] GC(106) User=0.02s Sys=0.01s Real=0.00s
[2022-10-02T13:53:28.394-0400][857.080s] GC(107) Pause Young (Concurrent Start) (G1 Evacuation Pause)
[2022-10-02T13:53:28.394-0400][857.080s] GC(107) Using 8 workers of 8 for evacuation
[2022-10-02T13:53:28.399-0400][857.086s] GC(107)   Pre Evacuate Collection Set: 0.1ms
[2022-10-02T13:53:28.400-0400][857.086s] GC(107)   Merge Heap Roots: 0.1ms
[2022-10-02T13:53:28.400-0400][857.086s] GC(107)   Evacuate Collection Set: 4.5ms
[2022-10-02T13:53:28.400-0400][857.086s] GC(107)   Post Evacuate Collection Set: 0.5ms
[2022-10-02T13:53:28.400-0400][857.086s] GC(107)   Other: 0.1ms
[2022-10-02T13:53:28.400-0400][857.086s] GC(107) Eden regions: 253->0(245)
[2022-10-02T13:53:28.400-0400][857.086s] GC(107) Survivor regions: 8->12(33)
[2022-10-02T13:53:28.400-0400][857.086s] GC(107) Old regions: 181->181
[2022-10-02T13:53:28.400-0400][857.086s] GC(107) Archive regions: 2->2
[2022-10-02T13:53:28.400-0400][857.086s] GC(107) Humongous regions: 8->8
[2022-10-02T13:53:28.400-0400][857.086s] GC(107) Metaspace: 54428K(55168K)->54428K(55168K) NonClass: 48175K(48576K)->48175K(48576K) Class: 6253K(6592K)->6253K(6592K)
[2022-10-02T13:53:28.400-0400][857.086s] GC(107) Pause Young (Concurrent Start) (G1 Evacuation Pause) 449M->200M(512M) 5.562ms
[2022-10-02T13:53:28.400-0400][857.086s] GC(107) User=0.03s Sys=0.01s Real=0.01s
[2022-10-02T13:53:28.400-0400][857.086s] GC(108) Concurrent Mark Cycle
[2022-10-02T13:53:28.400-0400][857.086s] GC(108) Concurrent Clear Claimed Marks
[2022-10-02T13:53:28.400-0400][857.086s] GC(108) Concurrent Clear Claimed Marks 0.023ms
[2022-10-02T13:53:28.400-0400][857.086s] GC(108) Concurrent Scan Root Regions
[2022-10-02T13:53:28.404-0400][857.090s] GC(108) Concurrent Scan Root Regions 4.065ms
[2022-10-02T13:53:28.404-0400][857.090s] GC(108) Concurrent Mark
[2022-10-02T13:53:28.404-0400][857.090s] GC(108) Concurrent Mark From Roots
[2022-10-02T13:53:28.404-0400][857.090s] GC(108) Using 2 workers of 2 for marking
[2022-10-02T13:53:28.496-0400][857.182s] GC(108) Concurrent Mark From Roots 91.660ms
[2022-10-02T13:53:28.496-0400][857.182s] GC(108) Concurrent Preclean
[2022-10-02T13:53:28.496-0400][857.182s] GC(108) Concurrent Preclean 0.063ms
[2022-10-02T13:53:28.496-0400][857.182s] GC(108) Pause Remark
[2022-10-02T13:53:28.498-0400][857.185s] GC(108) Pause Remark 224M->214M(512M) 2.469ms
[2022-10-02T13:53:28.499-0400][857.185s] GC(108) User=0.01s Sys=0.00s Real=0.00s
[2022-10-02T13:53:28.499-0400][857.185s] GC(108) Concurrent Mark 94.744ms
[2022-10-02T13:53:28.499-0400][857.185s] GC(108) Concurrent Rebuild Remembered Sets
[2022-10-02T13:53:28.555-0400][857.241s] GC(108) Concurrent Rebuild Remembered Sets 56.173ms
[2022-10-02T13:53:28.555-0400][857.242s] GC(108) Pause Cleanup
[2022-10-02T13:53:28.555-0400][857.242s] GC(108) Pause Cleanup 228M->228M(512M) 0.241ms
[2022-10-02T13:53:28.555-0400][857.242s] GC(108) User=0.00s Sys=0.00s Real=0.00s
[2022-10-02T13:53:28.556-0400][857.242s] GC(108) Concurrent Cleanup for Next Mark
[2022-10-02T13:53:28.556-0400][857.242s] GC(108) Concurrent Cleanup for Next Mark 0.560ms
[2022-10-02T13:53:28.556-0400][857.243s] GC(108) Concurrent Mark Cycle 156.466ms
[2022-10-02T13:53:29.218-0400][857.904s] GC(109) Pause Young (Prepare Mixed) (G1 Evacuation Pause)
[2022-10-02T13:53:29.218-0400][857.904s] GC(109) Using 8 workers of 8 for evacuation
[2022-10-02T13:53:29.223-0400][857.909s] GC(109)   Pre Evacuate Collection Set: 0.1ms
[2022-10-02T13:53:29.223-0400][857.909s] GC(109)   Merge Heap Roots: 0.2ms
[2022-10-02T13:53:29.223-0400][857.909s] GC(109)   Evacuate Collection Set: 4.1ms
[2022-10-02T13:53:29.223-0400][857.909s] GC(109)   Post Evacuate Collection Set: 0.5ms
[2022-10-02T13:53:29.223-0400][857.909s] GC(109)   Other: 0.1ms
[2022-10-02T13:53:29.223-0400][857.909s] GC(109) Eden regions: 245->0(15)
[2022-10-02T13:53:29.223-0400][857.909s] GC(109) Survivor regions: 12->10(33)
[2022-10-02T13:53:29.223-0400][857.909s] GC(109) Old regions: 171->171
[2022-10-02T13:53:29.223-0400][857.909s] GC(109) Archive regions: 2->2
[2022-10-02T13:53:29.223-0400][857.909s] GC(109) Humongous regions: 8->8
[2022-10-02T13:53:29.223-0400][857.909s] GC(109) Metaspace: 54428K(55168K)->54428K(55168K) NonClass: 48175K(48576K)->48175K(48576K) Class: 6253K(6592K)->6253K(6592K)
[2022-10-02T13:53:29.223-0400][857.909s] GC(109) Pause Young (Prepare Mixed) (G1 Evacuation Pause) 435M->189M(512M) 5.182ms
[2022-10-02T13:53:29.223-0400][857.909s] GC(109) User=0.03s Sys=0.00s Real=0.01s
[2022-10-02T13:53:29.267-0400][857.953s] GC(110) Pause Young (Mixed) (G1 Evacuation Pause)
[2022-10-02T13:53:29.267-0400][857.953s] GC(110) Using 8 workers of 8 for evacuation
[2022-10-02T13:53:29.272-0400][857.958s] GC(110)   Pre Evacuate Collection Set: 0.1ms
[2022-10-02T13:53:29.272-0400][857.958s] GC(110)   Merge Heap Roots: 0.1ms
[2022-10-02T13:53:29.272-0400][857.958s] GC(110)   Evacuate Collection Set: 3.9ms
[2022-10-02T13:53:29.272-0400][857.958s] GC(110)   Post Evacuate Collection Set: 0.5ms
[2022-10-02T13:53:29.272-0400][857.958s] GC(110)   Other: 0.1ms
[2022-10-02T13:53:29.272-0400][857.958s] GC(110) Eden regions: 15->0(273)
[2022-10-02T13:53:29.272-0400][857.958s] GC(110) Survivor regions: 10->2(4)
[2022-10-02T13:53:29.272-0400][857.958s] GC(110) Old regions: 171->166
[2022-10-02T13:53:29.272-0400][857.958s] GC(110) Archive regions: 2->2
[2022-10-02T13:53:29.272-0400][857.958s] GC(110) Humongous regions: 8->8
[2022-10-02T13:53:29.272-0400][857.958s] GC(110) Metaspace: 54428K(55168K)->54428K(55168K) NonClass: 48175K(48576K)->48175K(48576K) Class: 6253K(6592K)->6253K(6592K)
[2022-10-02T13:53:29.272-0400][857.958s] GC(110) Pause Young (Mixed) (G1 Evacuation Pause) 204M->175M(512M) 5.012ms
[2022-10-02T13:53:29.272-0400][857.958s] GC(110) User=0.03s Sys=0.00s Real=0.01s
[2022-10-02T13:53:30.239-0400][858.926s] GC(111) Pause Young (Normal) (G1 Evacuation Pause)
[2022-10-02T13:53:30.239-0400][858.926s] GC(111) Using 8 workers of 8 for evacuation
[2022-10-02T13:53:30.242-0400][858.928s] GC(111)   Pre Evacuate Collection Set: 0.1ms
[2022-10-02T13:53:30.242-0400][858.928s] GC(111)   Merge Heap Roots: 0.1ms
[2022-10-02T13:53:30.242-0400][858.928s] GC(111)   Evacuate Collection Set: 1.9ms
[2022-10-02T13:53:30.242-0400][858.928s] GC(111)   Post Evacuate Collection Set: 0.5ms
[2022-10-02T13:53:30.242-0400][858.928s] GC(111)   Other: 0.1ms
[2022-10-02T13:53:30.242-0400][858.928s] GC(111) Eden regions: 273->0(271)
[2022-10-02T13:53:30.242-0400][858.928s] GC(111) Survivor regions: 2->4(35)
[2022-10-02T13:53:30.242-0400][858.928s] GC(111) Old regions: 166->166
[2022-10-02T13:53:30.242-0400][858.928s] GC(111) Archive regions: 2->2
[2022-10-02T13:53:30.242-0400][858.928s] GC(111) Humongous regions: 8->8
[2022-10-02T13:53:30.242-0400][858.928s] GC(111) Metaspace: 54428K(55168K)->54428K(55168K) NonClass: 48175K(48576K)->48175K(48576K) Class: 6253K(6592K)->6253K(6592K)
[2022-10-02T13:53:30.242-0400][858.928s] GC(111) Pause Young (Normal) (G1 Evacuation Pause) 448M->178M(512M) 2.973ms
[2022-10-02T13:53:30.242-0400][858.929s] GC(111) User=0.01s Sys=0.00s Real=0.01s
[2022-10-02T13:53:31.117-0400][859.804s] GC(112) Pause Young (Normal) (G1 Evacuation Pause)
[2022-10-02T13:53:31.117-0400][859.804s] GC(112) Using 8 workers of 8 for evacuation
[2022-10-02T13:53:31.122-0400][859.808s] GC(112)   Pre Evacuate Collection Set: 0.1ms
[2022-10-02T13:53:31.122-0400][859.808s] GC(112)   Merge Heap Roots: 0.1ms
[2022-10-02T13:53:31.122-0400][859.808s] GC(112)   Evacuate Collection Set: 3.4ms
[2022-10-02T13:53:31.122-0400][859.808s] GC(112)   Post Evacuate Collection Set: 0.5ms
[2022-10-02T13:53:31.122-0400][859.808s] GC(112)   Other: 0.1ms
[2022-10-02T13:53:31.122-0400][859.808s] GC(112) Eden regions: 271->0(267)
[2022-10-02T13:53:31.122-0400][859.808s] GC(112) Survivor regions: 4->8(35)
[2022-10-02T13:53:31.122-0400][859.808s] GC(112) Old regions: 166->166
[2022-10-02T13:53:31.122-0400][859.808s] GC(112) Archive regions: 2->2
[2022-10-02T13:53:31.122-0400][859.808s] GC(112) Humongous regions: 8->8
[2022-10-02T13:53:31.122-0400][859.808s] GC(112) Metaspace: 54428K(55168K)->54428K(55168K) NonClass: 48175K(48576K)->48175K(48576K) Class: 6253K(6592K)->6253K(6592K)
[2022-10-02T13:53:31.122-0400][859.808s] GC(112) Pause Young (Normal) (G1 Evacuation Pause) 449M->182M(512M) 4.477ms
[2022-10-02T13:53:31.122-0400][859.808s] GC(112) User=0.03s Sys=0.00s Real=0.01s
[2022-10-02T13:53:32.014-0400][860.701s] GC(113) Pause Young (Concurrent Start) (G1 Evacuation Pause)
[2022-10-02T13:53:32.014-0400][860.701s] GC(113) Using 8 workers of 8 for evacuation
[2022-10-02T13:53:32.020-0400][860.707s] GC(113)   Pre Evacuate Collection Set: 0.2ms
[2022-10-02T13:53:32.020-0400][860.707s] GC(113)   Merge Heap Roots: 0.1ms
[2022-10-02T13:53:32.020-0400][860.707s] GC(113)   Evacuate Collection Set: 4.9ms
[2022-10-02T13:53:32.020-0400][860.707s] GC(113)   Post Evacuate Collection Set: 0.4ms
[2022-10-02T13:53:32.020-0400][860.707s] GC(113)   Other: 0.1ms
[2022-10-02T13:53:32.020-0400][860.707s] GC(113) Eden regions: 267->0(260)
[2022-10-02T13:53:32.020-0400][860.707s] GC(113) Survivor regions: 8->12(35)
[2022-10-02T13:53:32.020-0400][860.707s] GC(113) Old regions: 166->166
[2022-10-02T13:53:32.020-0400][860.707s] GC(113) Archive regions: 2->2
[2022-10-02T13:53:32.020-0400][860.707s] GC(113) Humongous regions: 8->8
[2022-10-02T13:53:32.020-0400][860.707s] GC(113) Metaspace: 54428K(55168K)->54428K(55168K) NonClass: 48175K(48576K)->48175K(48576K) Class: 6253K(6592K)->6253K(6592K)
[2022-10-02T13:53:32.020-0400][860.707s] GC(113) Pause Young (Concurrent Start) (G1 Evacuation Pause) 449M->186M(512M) 6.028ms
[2022-10-02T13:53:32.020-0400][860.707s] GC(113) User=0.04s Sys=0.00s Real=0.01s
[2022-10-02T13:53:32.020-0400][860.707s] GC(114) Concurrent Mark Cycle
[2022-10-02T13:53:32.020-0400][860.707s] GC(114) Concurrent Clear Claimed Marks
[2022-10-02T13:53:32.021-0400][860.707s] GC(114) Concurrent Clear Claimed Marks 0.027ms
[2022-10-02T13:53:32.021-0400][860.707s] GC(114) Concurrent Scan Root Regions
[2022-10-02T13:53:32.025-0400][860.711s] GC(114) Concurrent Scan Root Regions 4.237ms
[2022-10-02T13:53:32.025-0400][860.711s] GC(114) Concurrent Mark
[2022-10-02T13:53:32.025-0400][860.711s] GC(114) Concurrent Mark From Roots
[2022-10-02T13:53:32.025-0400][860.711s] GC(114) Using 2 workers of 2 for marking
[2022-10-02T13:53:32.075-0400][860.762s] GC(114) Concurrent Mark From Roots 50.374ms
[2022-10-02T13:53:32.075-0400][860.762s] GC(114) Concurrent Preclean
[2022-10-02T13:53:32.075-0400][860.762s] GC(114) Concurrent Preclean 0.072ms
[2022-10-02T13:53:32.075-0400][860.762s] GC(114) Pause Remark
[2022-10-02T13:53:32.078-0400][860.764s] GC(114) Pause Remark 205M->196M(512M) 2.189ms
[2022-10-02T13:53:32.078-0400][860.764s] GC(114) User=0.01s Sys=0.00s Real=0.00s
[2022-10-02T13:53:32.078-0400][860.764s] GC(114) Concurrent Mark 53.079ms
[2022-10-02T13:53:32.078-0400][860.764s] GC(114) Concurrent Rebuild Remembered Sets
[2022-10-02T13:53:32.119-0400][860.805s] GC(114) Concurrent Rebuild Remembered Sets 40.868ms
[2022-10-02T13:53:32.119-0400][860.805s] GC(114) Pause Cleanup
[2022-10-02T13:53:32.119-0400][860.806s] GC(114) Pause Cleanup 210M->210M(512M) 0.231ms
[2022-10-02T13:53:32.119-0400][860.806s] GC(114) User=0.00s Sys=0.00s Real=0.00s
[2022-10-02T13:53:32.119-0400][860.806s] GC(114) Concurrent Cleanup for Next Mark
[2022-10-02T13:53:32.120-0400][860.806s] GC(114) Concurrent Cleanup for Next Mark 0.542ms
[2022-10-02T13:53:32.120-0400][860.806s] GC(114) Concurrent Mark Cycle 99.615ms
[2022-10-02T13:53:32.930-0400][861.617s] GC(115) Pause Young (Prepare Mixed) (G1 Evacuation Pause)
[2022-10-02T13:53:32.931-0400][861.617s] GC(115) Using 8 workers of 8 for evacuation
[2022-10-02T13:53:32.935-0400][861.621s] GC(115)   Pre Evacuate Collection Set: 0.1ms
[2022-10-02T13:53:32.935-0400][861.622s] GC(115)   Merge Heap Roots: 0.1ms
[2022-10-02T13:53:32.935-0400][861.622s] GC(115)   Evacuate Collection Set: 3.8ms
[2022-10-02T13:53:32.935-0400][861.622s] GC(115)   Post Evacuate Collection Set: 0.6ms
[2022-10-02T13:53:32.935-0400][861.622s] GC(115)   Other: 0.1ms
[2022-10-02T13:53:32.935-0400][861.622s] GC(115) Eden regions: 260->0(14)
[2022-10-02T13:53:32.935-0400][861.622s] GC(115) Survivor regions: 12->11(34)
[2022-10-02T13:53:32.935-0400][861.622s] GC(115) Old regions: 157->157
[2022-10-02T13:53:32.935-0400][861.622s] GC(115) Archive regions: 2->2
[2022-10-02T13:53:32.935-0400][861.622s] GC(115) Humongous regions: 8->8
[2022-10-02T13:53:32.935-0400][861.622s] GC(115) Metaspace: 54428K(55168K)->54428K(55168K) NonClass: 48175K(48576K)->48175K(48576K) Class: 6253K(6592K)->6253K(6592K)
[2022-10-02T13:53:32.935-0400][861.622s] GC(115) Pause Young (Prepare Mixed) (G1 Evacuation Pause) 437M->176M(512M) 4.802ms
[2022-10-02T13:53:32.935-0400][861.622s] GC(115) User=0.03s Sys=0.00s Real=0.00s
[2022-10-02T13:53:32.979-0400][861.665s] GC(116) Pause Young (Mixed) (G1 Evacuation Pause)
[2022-10-02T13:53:32.979-0400][861.665s] GC(116) Using 8 workers of 8 for evacuation
[2022-10-02T13:53:32.985-0400][861.671s] GC(116)   Pre Evacuate Collection Set: 0.1ms
[2022-10-02T13:53:32.985-0400][861.671s] GC(116)   Merge Heap Roots: 0.1ms
[2022-10-02T13:53:32.985-0400][861.671s] GC(116)   Evacuate Collection Set: 5.3ms
[2022-10-02T13:53:32.985-0400][861.671s] GC(116)   Post Evacuate Collection Set: 0.5ms
[2022-10-02T13:53:32.985-0400][861.671s] GC(116)   Other: 0.1ms
[2022-10-02T13:53:32.985-0400][861.672s] GC(116) Eden regions: 14->0(292)
[2022-10-02T13:53:32.985-0400][861.672s] GC(116) Survivor regions: 11->2(4)
[2022-10-02T13:53:32.985-0400][861.672s] GC(116) Old regions: 157->147
[2022-10-02T13:53:32.985-0400][861.672s] GC(116) Archive regions: 2->2
[2022-10-02T13:53:32.985-0400][861.672s] GC(116) Humongous regions: 8->8
[2022-10-02T13:53:32.985-0400][861.672s] GC(116) Metaspace: 54428K(55168K)->54428K(55168K) NonClass: 48175K(48576K)->48175K(48576K) Class: 6253K(6592K)->6253K(6592K)
[2022-10-02T13:53:32.985-0400][861.672s] GC(116) Pause Young (Mixed) (G1 Evacuation Pause) 190M->156M(512M) 6.525ms
[2022-10-02T13:53:32.985-0400][861.672s] GC(116) User=0.03s Sys=0.00s Real=0.01s
[2022-10-02T13:53:33.840-0400][862.526s] GC(117) Pause Young (Normal) (G1 Evacuation Pause)
[2022-10-02T13:53:33.840-0400][862.526s] GC(117) Using 8 workers of 8 for evacuation
[2022-10-02T13:53:33.843-0400][862.529s] GC(117)   Pre Evacuate Collection Set: 0.1ms
[2022-10-02T13:53:33.843-0400][862.529s] GC(117)   Merge Heap Roots: 0.1ms
[2022-10-02T13:53:33.843-0400][862.529s] GC(117)   Evacuate Collection Set: 2.2ms
[2022-10-02T13:53:33.843-0400][862.529s] GC(117)   Post Evacuate Collection Set: 0.4ms
[2022-10-02T13:53:33.843-0400][862.529s] GC(117)   Other: 0.1ms
[2022-10-02T13:53:33.843-0400][862.529s] GC(117) Eden regions: 292->0(289)
[2022-10-02T13:53:33.843-0400][862.529s] GC(117) Survivor regions: 2->5(37)
[2022-10-02T13:53:33.843-0400][862.529s] GC(117) Old regions: 147->147
[2022-10-02T13:53:33.843-0400][862.529s] GC(117) Archive regions: 2->2
[2022-10-02T13:53:33.843-0400][862.529s] GC(117) Humongous regions: 8->8
[2022-10-02T13:53:33.843-0400][862.529s] GC(117) Metaspace: 54428K(55168K)->54428K(55168K) NonClass: 48175K(48576K)->48175K(48576K) Class: 6253K(6592K)->6253K(6592K)
[2022-10-02T13:53:33.843-0400][862.529s] GC(117) Pause Young (Normal) (G1 Evacuation Pause) 448M->159M(512M) 3.300ms
[2022-10-02T13:53:33.843-0400][862.529s] GC(117) User=0.01s Sys=0.00s Real=0.00s
[2022-10-02T13:53:34.682-0400][863.369s] GC(118) Pause Young (Normal) (G1 Evacuation Pause)
[2022-10-02T13:53:34.683-0400][863.369s] GC(118) Using 8 workers of 8 for evacuation
[2022-10-02T13:53:34.687-0400][863.373s] GC(118)   Pre Evacuate Collection Set: 0.1ms
[2022-10-02T13:53:34.687-0400][863.373s] GC(118)   Merge Heap Roots: 0.1ms
[2022-10-02T13:53:34.687-0400][863.373s] GC(118)   Evacuate Collection Set: 3.5ms
[2022-10-02T13:53:34.687-0400][863.373s] GC(118)   Post Evacuate Collection Set: 0.5ms
[2022-10-02T13:53:34.687-0400][863.373s] GC(118)   Other: 0.1ms
[2022-10-02T13:53:34.687-0400][863.373s] GC(118) Eden regions: 289->0(285)
[2022-10-02T13:53:34.687-0400][863.373s] GC(118) Survivor regions: 5->9(37)
[2022-10-02T13:53:34.687-0400][863.374s] GC(118) Old regions: 147->147
[2022-10-02T13:53:34.687-0400][863.374s] GC(118) Archive regions: 2->2
[2022-10-02T13:53:34.687-0400][863.374s] GC(118) Humongous regions: 8->8
[2022-10-02T13:53:34.687-0400][863.374s] GC(118) Metaspace: 54428K(55168K)->54428K(55168K) NonClass: 48175K(48576K)->48175K(48576K) Class: 6253K(6592K)->6253K(6592K)
[2022-10-02T13:53:34.687-0400][863.374s] GC(118) Pause Young (Normal) (G1 Evacuation Pause) 448M->163M(512M) 4.676ms
[2022-10-02T13:53:34.687-0400][863.374s] GC(118) User=0.03s Sys=0.01s Real=0.00s
[2022-10-02T13:53:35.530-0400][864.216s] GC(119) Pause Young (Concurrent Start) (G1 Evacuation Pause)
[2022-10-02T13:53:35.530-0400][864.217s] GC(119) Using 8 workers of 8 for evacuation
[2022-10-02T13:53:35.536-0400][864.222s] GC(119)   Pre Evacuate Collection Set: 0.2ms
[2022-10-02T13:53:35.536-0400][864.222s] GC(119)   Merge Heap Roots: 0.1ms
[2022-10-02T13:53:35.536-0400][864.222s] GC(119)   Evacuate Collection Set: 4.8ms
[2022-10-02T13:53:35.536-0400][864.222s] GC(119)   Post Evacuate Collection Set: 0.6ms
[2022-10-02T13:53:35.536-0400][864.223s] GC(119)   Other: 0.2ms
[2022-10-02T13:53:35.536-0400][864.223s] GC(119) Eden regions: 285->0(277)
[2022-10-02T13:53:35.536-0400][864.223s] GC(119) Survivor regions: 9->13(37)
[2022-10-02T13:53:35.536-0400][864.223s] GC(119) Old regions: 147->147
[2022-10-02T13:53:35.536-0400][864.223s] GC(119) Archive regions: 2->2
[2022-10-02T13:53:35.536-0400][864.223s] GC(119) Humongous regions: 8->8
[2022-10-02T13:53:35.536-0400][864.223s] GC(119) Metaspace: 54428K(55168K)->54428K(55168K) NonClass: 48175K(48576K)->48175K(48576K) Class: 6253K(6592K)->6253K(6592K)
[2022-10-02T13:53:35.536-0400][864.223s] GC(119) Pause Young (Concurrent Start) (G1 Evacuation Pause) 448M->167M(512M) 6.133ms
[2022-10-02T13:53:35.536-0400][864.223s] GC(119) User=0.04s Sys=0.00s Real=0.00s
[2022-10-02T13:53:35.536-0400][864.223s] GC(120) Concurrent Mark Cycle
[2022-10-02T13:53:35.536-0400][864.223s] GC(120) Concurrent Clear Claimed Marks
[2022-10-02T13:53:35.536-0400][864.223s] GC(120) Concurrent Clear Claimed Marks 0.024ms
[2022-10-02T13:53:35.536-0400][864.223s] GC(120) Concurrent Scan Root Regions
[2022-10-02T13:53:35.541-0400][864.227s] GC(120) Concurrent Scan Root Regions 4.264ms
[2022-10-02T13:53:35.541-0400][864.227s] GC(120) Concurrent Mark
[2022-10-02T13:53:35.541-0400][864.227s] GC(120) Concurrent Mark From Roots
[2022-10-02T13:53:35.541-0400][864.227s] GC(120) Using 2 workers of 2 for marking
[2022-10-02T13:53:35.582-0400][864.268s] GC(120) Concurrent Mark From Roots 40.815ms
[2022-10-02T13:53:35.582-0400][864.268s] GC(120) Concurrent Preclean
[2022-10-02T13:53:35.582-0400][864.268s] GC(120) Concurrent Preclean 0.070ms
[2022-10-02T13:53:35.582-0400][864.268s] GC(120) Pause Remark
[2022-10-02T13:53:35.584-0400][864.270s] GC(120) Pause Remark 184M->184M(512M) 2.288ms
[2022-10-02T13:53:35.584-0400][864.271s] GC(120) User=0.01s Sys=0.00s Real=0.00s
[2022-10-02T13:53:35.584-0400][864.271s] GC(120) Concurrent Mark 43.589ms
[2022-10-02T13:53:35.584-0400][864.271s] GC(120) Concurrent Rebuild Remembered Sets
[2022-10-02T13:53:35.617-0400][864.303s] GC(120) Concurrent Rebuild Remembered Sets 32.712ms
[2022-10-02T13:53:35.617-0400][864.304s] GC(120) Pause Cleanup
[2022-10-02T13:53:35.617-0400][864.304s] GC(120) Pause Cleanup 196M->196M(512M) 0.341ms
[2022-10-02T13:53:35.618-0400][864.304s] GC(120) User=0.00s Sys=0.00s Real=0.00s
[2022-10-02T13:53:35.618-0400][864.304s] GC(120) Concurrent Cleanup for Next Mark
[2022-10-02T13:53:35.618-0400][864.304s] GC(120) Concurrent Cleanup for Next Mark 0.407ms
[2022-10-02T13:53:35.618-0400][864.304s] GC(120) Concurrent Mark Cycle 81.775ms
[2022-10-02T13:53:36.291-0400][864.978s] GC(121) Pause Young (Prepare Mixed) (G1 Evacuation Pause)
[2022-10-02T13:53:36.292-0400][864.978s] GC(121) Using 8 workers of 8 for evacuation
[2022-10-02T13:53:36.296-0400][864.983s] GC(121)   Pre Evacuate Collection Set: 0.1ms
[2022-10-02T13:53:36.296-0400][864.983s] GC(121)   Merge Heap Roots: 0.1ms
[2022-10-02T13:53:36.296-0400][864.983s] GC(121)   Evacuate Collection Set: 3.9ms
[2022-10-02T13:53:36.296-0400][864.983s] GC(121)   Post Evacuate Collection Set: 0.5ms
[2022-10-02T13:53:36.296-0400][864.983s] GC(121)   Other: 0.1ms
[2022-10-02T13:53:36.296-0400][864.983s] GC(121) Eden regions: 277->0(14)
[2022-10-02T13:53:36.296-0400][864.983s] GC(121) Survivor regions: 13->11(37)
[2022-10-02T13:53:36.296-0400][864.983s] GC(121) Old regions: 147->147
[2022-10-02T13:53:36.296-0400][864.983s] GC(121) Archive regions: 2->2
[2022-10-02T13:53:36.296-0400][864.983s] GC(121) Humongous regions: 8->8
[2022-10-02T13:53:36.296-0400][864.983s] GC(121) Metaspace: 54428K(55168K)->54428K(55168K) NonClass: 48175K(48576K)->48175K(48576K) Class: 6253K(6592K)->6253K(6592K)
[2022-10-02T13:53:36.297-0400][864.983s] GC(121) Pause Young (Prepare Mixed) (G1 Evacuation Pause) 444M->166M(512M) 5.022ms
[2022-10-02T13:53:36.297-0400][864.983s] GC(121) User=0.04s Sys=0.00s Real=0.00s
[2022-10-02T13:53:36.336-0400][865.022s] GC(122) Pause Young (Mixed) (G1 Evacuation Pause)
[2022-10-02T13:53:36.336-0400][865.022s] GC(122) Using 8 workers of 8 for evacuation
[2022-10-02T13:53:36.340-0400][865.027s] GC(122)   Pre Evacuate Collection Set: 0.1ms
[2022-10-02T13:53:36.340-0400][865.027s] GC(122)   Merge Heap Roots: 0.2ms
[2022-10-02T13:53:36.340-0400][865.027s] GC(122)   Evacuate Collection Set: 3.7ms
[2022-10-02T13:53:36.340-0400][865.027s] GC(122)   Post Evacuate Collection Set: 0.5ms
[2022-10-02T13:53:36.340-0400][865.027s] GC(122)   Other: 0.1ms
[2022-10-02T13:53:36.340-0400][865.027s] GC(122) Eden regions: 14->0(305)
[2022-10-02T13:53:36.340-0400][865.027s] GC(122) Survivor regions: 11->2(4)
[2022-10-02T13:53:36.340-0400][865.027s] GC(122) Old regions: 147->126
[2022-10-02T13:53:36.340-0400][865.027s] GC(122) Archive regions: 2->2
[2022-10-02T13:53:36.340-0400][865.027s] GC(122) Humongous regions: 8->8
[2022-10-02T13:53:36.340-0400][865.027s] GC(122) Metaspace: 54428K(55168K)->54428K(55168K) NonClass: 48175K(48576K)->48175K(48576K) Class: 6253K(6592K)->6253K(6592K)
[2022-10-02T13:53:36.340-0400][865.027s] GC(122) Pause Young (Mixed) (G1 Evacuation Pause) 180M->135M(512M) 4.926ms
[2022-10-02T13:53:36.340-0400][865.027s] GC(122) User=0.03s Sys=0.00s Real=0.01s
[2022-10-02T13:53:37.165-0400][865.851s] GC(123) Pause Young (Normal) (G1 Evacuation Pause)
[2022-10-02T13:53:37.165-0400][865.851s] GC(123) Using 8 workers of 8 for evacuation
[2022-10-02T13:53:37.168-0400][865.854s] GC(123)   Pre Evacuate Collection Set: 0.1ms
[2022-10-02T13:53:37.168-0400][865.854s] GC(123)   Merge Heap Roots: 0.1ms
[2022-10-02T13:53:37.168-0400][865.854s] GC(123)   Evacuate Collection Set: 2.7ms
[2022-10-02T13:53:37.168-0400][865.854s] GC(123)   Post Evacuate Collection Set: 0.4ms
[2022-10-02T13:53:37.168-0400][865.854s] GC(123)   Other: 0.1ms
[2022-10-02T13:53:37.168-0400][865.854s] GC(123) Eden regions: 305->0(302)
[2022-10-02T13:53:37.168-0400][865.854s] GC(123) Survivor regions: 2->5(39)
[2022-10-02T13:53:37.168-0400][865.854s] GC(123) Old regions: 126->126
[2022-10-02T13:53:37.168-0400][865.855s] GC(123) Archive regions: 2->2
[2022-10-02T13:53:37.168-0400][865.855s] GC(123) Humongous regions: 8->8
[2022-10-02T13:53:37.168-0400][865.855s] GC(123) Metaspace: 54428K(55168K)->54428K(55168K) NonClass: 48175K(48576K)->48175K(48576K) Class: 6253K(6592K)->6253K(6592K)
[2022-10-02T13:53:37.168-0400][865.855s] GC(123) Pause Young (Normal) (G1 Evacuation Pause) 440M->138M(512M) 3.612ms
[2022-10-02T13:53:37.168-0400][865.855s] GC(123) User=0.02s Sys=0.00s Real=0.00s
[2022-10-02T13:53:38.067-0400][866.753s] GC(124) Pause Young (Normal) (G1 Evacuation Pause)
[2022-10-02T13:53:38.067-0400][866.753s] GC(124) Using 8 workers of 8 for evacuation
[2022-10-02T13:53:38.071-0400][866.758s] GC(124)   Pre Evacuate Collection Set: 0.1ms
[2022-10-02T13:53:38.071-0400][866.758s] GC(124)   Merge Heap Roots: 0.1ms
[2022-10-02T13:53:38.071-0400][866.758s] GC(124)   Evacuate Collection Set: 4.1ms
[2022-10-02T13:53:38.072-0400][866.758s] GC(124)   Post Evacuate Collection Set: 0.4ms
[2022-10-02T13:53:38.072-0400][866.758s] GC(124)   Other: 0.1ms
[2022-10-02T13:53:38.072-0400][866.758s] GC(124) Eden regions: 302->0(298)
[2022-10-02T13:53:38.072-0400][866.758s] GC(124) Survivor regions: 5->9(39)
[2022-10-02T13:53:38.072-0400][866.758s] GC(124) Old regions: 126->126
[2022-10-02T13:53:38.072-0400][866.758s] GC(124) Archive regions: 2->2
[2022-10-02T13:53:38.072-0400][866.758s] GC(124) Humongous regions: 8->8
[2022-10-02T13:53:38.072-0400][866.758s] GC(124) Metaspace: 54428K(55168K)->54428K(55168K) NonClass: 48175K(48576K)->48175K(48576K) Class: 6253K(6592K)->6253K(6592K)
[2022-10-02T13:53:38.072-0400][866.758s] GC(124) Pause Young (Normal) (G1 Evacuation Pause) 440M->142M(512M) 5.019ms
[2022-10-02T13:53:38.072-0400][866.758s] GC(124) User=0.02s Sys=0.00s Real=0.01s
[2022-10-02T13:53:38.982-0400][867.669s] GC(125) Pause Young (Concurrent Start) (G1 Evacuation Pause)
[2022-10-02T13:53:38.982-0400][867.669s] GC(125) Using 8 workers of 8 for evacuation
[2022-10-02T13:53:38.989-0400][867.675s] GC(125)   Pre Evacuate Collection Set: 0.3ms
[2022-10-02T13:53:38.989-0400][867.675s] GC(125)   Merge Heap Roots: 0.1ms
[2022-10-02T13:53:38.989-0400][867.675s] GC(125)   Evacuate Collection Set: 5.7ms
[2022-10-02T13:53:38.989-0400][867.675s] GC(125)   Post Evacuate Collection Set: 0.6ms
[2022-10-02T13:53:38.989-0400][867.676s] GC(125)   Other: 0.0ms
[2022-10-02T13:53:38.989-0400][867.676s] GC(125) Eden regions: 298->0(293)
[2022-10-02T13:53:38.989-0400][867.676s] GC(125) Survivor regions: 9->14(39)
[2022-10-02T13:53:38.989-0400][867.676s] GC(125) Old regions: 126->126
[2022-10-02T13:53:38.989-0400][867.676s] GC(125) Archive regions: 2->2
[2022-10-02T13:53:38.989-0400][867.676s] GC(125) Humongous regions: 8->8
[2022-10-02T13:53:38.989-0400][867.676s] GC(125) Metaspace: 54428K(55168K)->54428K(55168K) NonClass: 48175K(48576K)->48175K(48576K) Class: 6253K(6592K)->6253K(6592K)
[2022-10-02T13:53:38.989-0400][867.676s] GC(125) Pause Young (Concurrent Start) (G1 Evacuation Pause) 440M->147M(512M) 6.887ms
[2022-10-02T13:53:38.989-0400][867.676s] GC(125) User=0.04s Sys=0.00s Real=0.00s
[2022-10-02T13:53:38.989-0400][867.676s] GC(126) Concurrent Mark Cycle
[2022-10-02T13:53:38.989-0400][867.676s] GC(126) Concurrent Clear Claimed Marks
[2022-10-02T13:53:38.989-0400][867.676s] GC(126) Concurrent Clear Claimed Marks 0.023ms
[2022-10-02T13:53:38.989-0400][867.676s] GC(126) Concurrent Scan Root Regions
[2022-10-02T13:53:38.994-0400][867.681s] GC(126) Concurrent Scan Root Regions 4.837ms
[2022-10-02T13:53:38.994-0400][867.681s] GC(126) Concurrent Mark
[2022-10-02T13:53:38.994-0400][867.681s] GC(126) Concurrent Mark From Roots
[2022-10-02T13:53:38.994-0400][867.681s] GC(126) Using 2 workers of 2 for marking
[2022-10-02T13:53:39.029-0400][867.716s] GC(126) Concurrent Mark From Roots 34.926ms
[2022-10-02T13:53:39.029-0400][867.716s] GC(126) Concurrent Preclean
[2022-10-02T13:53:39.029-0400][867.716s] GC(126) Concurrent Preclean 0.090ms
[2022-10-02T13:53:39.030-0400][867.716s] GC(126) Pause Remark
[2022-10-02T13:53:39.032-0400][867.718s] GC(126) Pause Remark 159M->152M(512M) 2.063ms
[2022-10-02T13:53:39.032-0400][867.718s] GC(126) User=0.01s Sys=0.00s Real=0.00s
[2022-10-02T13:53:39.032-0400][867.718s] GC(126) Concurrent Mark 37.623ms
[2022-10-02T13:53:39.032-0400][867.718s] GC(126) Concurrent Rebuild Remembered Sets
[2022-10-02T13:53:39.059-0400][867.746s] GC(126) Concurrent Rebuild Remembered Sets 27.612ms
[2022-10-02T13:53:39.060-0400][867.746s] GC(126) Pause Cleanup
[2022-10-02T13:53:39.060-0400][867.746s] GC(126) Pause Cleanup 161M->161M(512M) 0.210ms
[2022-10-02T13:53:39.060-0400][867.746s] GC(126) User=0.00s Sys=0.00s Real=0.00s
[2022-10-02T13:53:39.060-0400][867.746s] GC(126) Concurrent Cleanup for Next Mark
[2022-10-02T13:53:39.060-0400][867.747s] GC(126) Concurrent Cleanup for Next Mark 0.394ms
[2022-10-02T13:53:39.060-0400][867.747s] GC(126) Concurrent Mark Cycle 71.116ms
[2022-10-02T13:53:39.911-0400][868.597s] GC(127) Pause Young (Prepare Mixed) (G1 Evacuation Pause)
[2022-10-02T13:53:39.911-0400][868.597s] GC(127) Using 8 workers of 8 for evacuation
[2022-10-02T13:53:39.915-0400][868.602s] GC(127)   Pre Evacuate Collection Set: 0.1ms
[2022-10-02T13:53:39.915-0400][868.602s] GC(127)   Merge Heap Roots: 0.1ms
[2022-10-02T13:53:39.915-0400][868.602s] GC(127)   Evacuate Collection Set: 4.1ms
[2022-10-02T13:53:39.915-0400][868.602s] GC(127)   Post Evacuate Collection Set: 0.4ms
[2022-10-02T13:53:39.916-0400][868.602s] GC(127)   Other: 0.1ms
[2022-10-02T13:53:39.916-0400][868.602s] GC(127) Eden regions: 293->0(13)
[2022-10-02T13:53:39.916-0400][868.602s] GC(127) Survivor regions: 14->12(39)
[2022-10-02T13:53:39.916-0400][868.602s] GC(127) Old regions: 119->119
[2022-10-02T13:53:39.916-0400][868.602s] GC(127) Archive regions: 2->2
[2022-10-02T13:53:39.916-0400][868.602s] GC(127) Humongous regions: 8->8
[2022-10-02T13:53:39.916-0400][868.602s] GC(127) Metaspace: 54428K(55168K)->54428K(55168K) NonClass: 48175K(48576K)->48175K(48576K) Class: 6253K(6592K)->6253K(6592K)
[2022-10-02T13:53:39.916-0400][868.602s] GC(127) Pause Young (Prepare Mixed) (G1 Evacuation Pause) 433M->138M(512M) 5.137ms
[2022-10-02T13:53:39.916-0400][868.602s] GC(127) User=0.04s Sys=0.00s Real=0.00s
[2022-10-02T13:53:39.958-0400][868.645s] GC(128) Pause Young (Mixed) (G1 Evacuation Pause)
[2022-10-02T13:53:39.958-0400][868.645s] GC(128) Using 8 workers of 8 for evacuation
[2022-10-02T13:53:39.963-0400][868.649s] GC(128)   Pre Evacuate Collection Set: 0.1ms
[2022-10-02T13:53:39.963-0400][868.649s] GC(128)   Merge Heap Roots: 0.1ms
[2022-10-02T13:53:39.963-0400][868.649s] GC(128)   Evacuate Collection Set: 3.6ms
[2022-10-02T13:53:39.963-0400][868.649s] GC(128)   Post Evacuate Collection Set: 0.4ms
[2022-10-02T13:53:39.963-0400][868.649s] GC(128)   Other: 0.1ms
[2022-10-02T13:53:39.963-0400][868.649s] GC(128) Eden regions: 13->0(306)
[2022-10-02T13:53:39.963-0400][868.649s] GC(128) Survivor regions: 12->1(4)
[2022-10-02T13:53:39.963-0400][868.649s] GC(128) Old regions: 119->108
[2022-10-02T13:53:39.963-0400][868.649s] GC(128) Archive regions: 2->2
[2022-10-02T13:53:39.963-0400][868.649s] GC(128) Humongous regions: 8->8
[2022-10-02T13:53:39.963-0400][868.649s] GC(128) Metaspace: 54428K(55168K)->54428K(55168K) NonClass: 48175K(48576K)->48175K(48576K) Class: 6253K(6592K)->6253K(6592K)
[2022-10-02T13:53:39.963-0400][868.649s] GC(128) Pause Young (Mixed) (G1 Evacuation Pause) 151M->117M(512M) 4.604ms
[2022-10-02T13:53:39.963-0400][868.649s] GC(128) User=0.03s Sys=0.00s Real=0.01s
[2022-10-02T13:53:40.924-0400][869.610s] GC(129) Pause Young (Normal) (G1 Evacuation Pause)
[2022-10-02T13:53:40.924-0400][869.610s] GC(129) Using 8 workers of 8 for evacuation
[2022-10-02T13:53:40.927-0400][869.614s] GC(129)   Pre Evacuate Collection Set: 0.1ms
[2022-10-02T13:53:40.927-0400][869.614s] GC(129)   Merge Heap Roots: 0.1ms
[2022-10-02T13:53:40.927-0400][869.614s] GC(129)   Evacuate Collection Set: 2.4ms
[2022-10-02T13:53:40.927-0400][869.614s] GC(129)   Post Evacuate Collection Set: 0.5ms
[2022-10-02T13:53:40.927-0400][869.614s] GC(129)   Other: 0.1ms
[2022-10-02T13:53:40.927-0400][869.614s] GC(129) Eden regions: 306->0(302)
[2022-10-02T13:53:40.927-0400][869.614s] GC(129) Survivor regions: 1->5(39)
[2022-10-02T13:53:40.927-0400][869.614s] GC(129) Old regions: 108->108
[2022-10-02T13:53:40.927-0400][869.614s] GC(129) Archive regions: 2->2
[2022-10-02T13:53:40.927-0400][869.614s] GC(129) Humongous regions: 8->8
[2022-10-02T13:53:40.927-0400][869.614s] GC(129) Metaspace: 54428K(55168K)->54428K(55168K) NonClass: 48175K(48576K)->48175K(48576K) Class: 6253K(6592K)->6253K(6592K)
[2022-10-02T13:53:40.927-0400][869.614s] GC(129) Pause Young (Normal) (G1 Evacuation Pause) 423M->120M(512M) 3.521ms
[2022-10-02T13:53:40.928-0400][869.614s] GC(129) User=0.01s Sys=0.00s Real=0.00s
[2022-10-02T13:53:41.832-0400][870.518s] GC(130) Pause Young (Normal) (G1 Evacuation Pause)
[2022-10-02T13:53:41.832-0400][870.518s] GC(130) Using 8 workers of 8 for evacuation
[2022-10-02T13:53:41.836-0400][870.523s] GC(130)   Pre Evacuate Collection Set: 0.1ms
[2022-10-02T13:53:41.836-0400][870.523s] GC(130)   Merge Heap Roots: 0.1ms
[2022-10-02T13:53:41.836-0400][870.523s] GC(130)   Evacuate Collection Set: 3.6ms
[2022-10-02T13:53:41.836-0400][870.523s] GC(130)   Post Evacuate Collection Set: 0.5ms
[2022-10-02T13:53:41.836-0400][870.523s] GC(130)   Other: 0.1ms
[2022-10-02T13:53:41.836-0400][870.523s] GC(130) Eden regions: 302->0(298)
[2022-10-02T13:53:41.836-0400][870.523s] GC(130) Survivor regions: 5->9(39)
[2022-10-02T13:53:41.836-0400][870.523s] GC(130) Old regions: 108->108
[2022-10-02T13:53:41.836-0400][870.523s] GC(130) Archive regions: 2->2
[2022-10-02T13:53:41.836-0400][870.523s] GC(130) Humongous regions: 8->8
[2022-10-02T13:53:41.836-0400][870.523s] GC(130) Metaspace: 54428K(55168K)->54428K(55168K) NonClass: 48175K(48576K)->48175K(48576K) Class: 6253K(6592K)->6253K(6592K)
[2022-10-02T13:53:41.836-0400][870.523s] GC(130) Pause Young (Normal) (G1 Evacuation Pause) 422M->125M(512M) 4.693ms
[2022-10-02T13:53:41.836-0400][870.523s] GC(130) User=0.03s Sys=0.00s Real=0.00s
[2022-10-02T13:53:42.778-0400][871.464s] GC(131) Pause Young (Concurrent Start) (G1 Evacuation Pause)
[2022-10-02T13:53:42.778-0400][871.464s] GC(131) Using 8 workers of 8 for evacuation
[2022-10-02T13:53:42.785-0400][871.471s] GC(131)   Pre Evacuate Collection Set: 0.2ms
[2022-10-02T13:53:42.785-0400][871.471s] GC(131)   Merge Heap Roots: 0.1ms
[2022-10-02T13:53:42.785-0400][871.471s] GC(131)   Evacuate Collection Set: 6.2ms
[2022-10-02T13:53:42.785-0400][871.471s] GC(131)   Post Evacuate Collection Set: 0.4ms
[2022-10-02T13:53:42.785-0400][871.471s] GC(131)   Other: 0.1ms
[2022-10-02T13:53:42.785-0400][871.471s] GC(131) Eden regions: 298->0(294)
[2022-10-02T13:53:42.785-0400][871.471s] GC(131) Survivor regions: 9->13(39)
[2022-10-02T13:53:42.785-0400][871.472s] GC(131) Old regions: 108->108
[2022-10-02T13:53:42.785-0400][871.472s] GC(131) Archive regions: 2->2
[2022-10-02T13:53:42.785-0400][871.472s] GC(131) Humongous regions: 8->8
[2022-10-02T13:53:42.785-0400][871.472s] GC(131) Metaspace: 54428K(55168K)->54428K(55168K) NonClass: 48175K(48576K)->48175K(48576K) Class: 6253K(6592K)->6253K(6592K)
[2022-10-02T13:53:42.785-0400][871.472s] GC(131) Pause Young (Concurrent Start) (G1 Evacuation Pause) 423M->129M(512M) 7.386ms
[2022-10-02T13:53:42.785-0400][871.472s] GC(132) Concurrent Mark Cycle
[2022-10-02T13:53:42.785-0400][871.472s] GC(131) User=0.04s Sys=0.00s Real=0.01s
[2022-10-02T13:53:42.785-0400][871.472s] GC(132) Concurrent Clear Claimed Marks
[2022-10-02T13:53:42.785-0400][871.472s] GC(132) Concurrent Clear Claimed Marks 0.071ms
[2022-10-02T13:53:42.785-0400][871.472s] GC(132) Concurrent Scan Root Regions
[2022-10-02T13:53:42.790-0400][871.477s] GC(132) Concurrent Scan Root Regions 4.880ms
[2022-10-02T13:53:42.790-0400][871.477s] GC(132) Concurrent Mark
[2022-10-02T13:53:42.790-0400][871.477s] GC(132) Concurrent Mark From Roots
[2022-10-02T13:53:42.790-0400][871.477s] GC(132) Using 2 workers of 2 for marking
[2022-10-02T13:53:42.819-0400][871.505s] GC(132) Concurrent Mark From Roots 28.106ms
[2022-10-02T13:53:42.819-0400][871.505s] GC(132) Concurrent Preclean
[2022-10-02T13:53:42.819-0400][871.505s] GC(132) Concurrent Preclean 0.092ms
[2022-10-02T13:53:42.819-0400][871.505s] GC(132) Pause Remark
[2022-10-02T13:53:42.821-0400][871.507s] GC(132) Pause Remark 138M->128M(512M) 2.247ms
[2022-10-02T13:53:42.821-0400][871.508s] GC(132) User=0.01s Sys=0.01s Real=0.01s
[2022-10-02T13:53:42.821-0400][871.508s] GC(132) Concurrent Mark 30.764ms
[2022-10-02T13:53:42.821-0400][871.508s] GC(132) Concurrent Rebuild Remembered Sets
[2022-10-02T13:53:42.845-0400][871.531s] GC(132) Concurrent Rebuild Remembered Sets 23.550ms
[2022-10-02T13:53:42.845-0400][871.531s] GC(132) Pause Cleanup
[2022-10-02T13:53:42.845-0400][871.532s] GC(132) Pause Cleanup 133M->133M(512M) 0.242ms
[2022-10-02T13:53:42.845-0400][871.532s] GC(132) User=0.00s Sys=0.00s Real=0.00s
[2022-10-02T13:53:42.845-0400][871.532s] GC(132) Concurrent Cleanup for Next Mark
[2022-10-02T13:53:42.846-0400][871.532s] GC(132) Concurrent Cleanup for Next Mark 0.443ms
[2022-10-02T13:53:42.846-0400][871.532s] GC(132) Concurrent Mark Cycle 60.590ms
[2022-10-02T13:53:43.696-0400][872.383s] GC(133) Pause Young (Prepare Mixed) (G1 Evacuation Pause)
[2022-10-02T13:53:43.696-0400][872.383s] GC(133) Using 8 workers of 8 for evacuation
[2022-10-02T13:53:43.702-0400][872.388s] GC(133)   Pre Evacuate Collection Set: 0.1ms
[2022-10-02T13:53:43.702-0400][872.388s] GC(133)   Merge Heap Roots: 0.1ms
[2022-10-02T13:53:43.702-0400][872.388s] GC(133)   Evacuate Collection Set: 4.6ms
[2022-10-02T13:53:43.702-0400][872.388s] GC(133)   Post Evacuate Collection Set: 0.4ms
[2022-10-02T13:53:43.702-0400][872.388s] GC(133)   Other: 0.1ms
[2022-10-02T13:53:43.702-0400][872.388s] GC(133) Eden regions: 294->0(13)
[2022-10-02T13:53:43.702-0400][872.388s] GC(133) Survivor regions: 13->12(39)
[2022-10-02T13:53:43.702-0400][872.388s] GC(133) Old regions: 98->98
[2022-10-02T13:53:43.702-0400][872.388s] GC(133) Archive regions: 2->2
[2022-10-02T13:53:43.702-0400][872.388s] GC(133) Humongous regions: 8->8
[2022-10-02T13:53:43.702-0400][872.388s] GC(133) Metaspace: 54428K(55168K)->54428K(55168K) NonClass: 48175K(48576K)->48175K(48576K) Class: 6253K(6592K)->6253K(6592K)
[2022-10-02T13:53:43.702-0400][872.388s] GC(133) Pause Young (Prepare Mixed) (G1 Evacuation Pause) 413M->118M(512M) 5.726ms
[2022-10-02T13:53:43.702-0400][872.388s] GC(133) User=0.03s Sys=0.00s Real=0.01s
[2022-10-02T13:53:43.741-0400][872.428s] GC(134) Pause Young (Mixed) (G1 Evacuation Pause)
[2022-10-02T13:53:43.741-0400][872.428s] GC(134) Using 8 workers of 8 for evacuation
[2022-10-02T13:53:43.746-0400][872.433s] GC(134)   Pre Evacuate Collection Set: 0.1ms
[2022-10-02T13:53:43.746-0400][872.433s] GC(134)   Merge Heap Roots: 0.2ms
[2022-10-02T13:53:43.746-0400][872.433s] GC(134)   Evacuate Collection Set: 4.1ms
[2022-10-02T13:53:43.746-0400][872.433s] GC(134)   Post Evacuate Collection Set: 0.4ms
[2022-10-02T13:53:43.746-0400][872.433s] GC(134)   Other: 0.1ms
[2022-10-02T13:53:43.746-0400][872.433s] GC(134) Eden regions: 13->0(305)
[2022-10-02T13:53:43.746-0400][872.433s] GC(134) Survivor regions: 12->2(4)
[2022-10-02T13:53:43.746-0400][872.433s] GC(134) Old regions: 98->88
[2022-10-02T13:53:43.746-0400][872.433s] GC(134) Archive regions: 2->2
[2022-10-02T13:53:43.746-0400][872.433s] GC(134) Humongous regions: 8->8
[2022-10-02T13:53:43.746-0400][872.433s] GC(134) Metaspace: 54428K(55168K)->54428K(55168K) NonClass: 48175K(48576K)->48175K(48576K) Class: 6253K(6592K)->6253K(6592K)
[2022-10-02T13:53:43.746-0400][872.433s] GC(134) Pause Young (Mixed) (G1 Evacuation Pause) 131M->97M(512M) 5.133ms
[2022-10-02T13:53:43.746-0400][872.433s] GC(134) User=0.03s Sys=0.00s Real=0.00s
[2022-10-02T13:59:56.639-0400][1245.326s] GC(135) Pause Young (Normal) (G1 Evacuation Pause)
[2022-10-02T13:59:56.640-0400][1245.328s] GC(135) Using 8 workers of 8 for evacuation
[2022-10-02T13:59:56.646-0400][1245.333s] GC(135)   Pre Evacuate Collection Set: 0.2ms
[2022-10-02T13:59:56.646-0400][1245.333s] GC(135)   Merge Heap Roots: 0.2ms
[2022-10-02T13:59:56.646-0400][1245.333s] GC(135)   Evacuate Collection Set: 4.3ms
[2022-10-02T13:59:56.646-0400][1245.333s] GC(135)   Post Evacuate Collection Set: 0.9ms
[2022-10-02T13:59:56.646-0400][1245.333s] GC(135)   Other: 0.2ms
[2022-10-02T13:59:56.646-0400][1245.333s] GC(135) Eden regions: 305->0(302)
[2022-10-02T13:59:56.646-0400][1245.334s] GC(135) Survivor regions: 2->5(39)
[2022-10-02T13:59:56.646-0400][1245.334s] GC(135) Old regions: 88->88
[2022-10-02T13:59:56.646-0400][1245.334s] GC(135) Archive regions: 2->2
[2022-10-02T13:59:56.646-0400][1245.334s] GC(135) Humongous regions: 8->8
[2022-10-02T13:59:56.646-0400][1245.334s] GC(135) Metaspace: 54589K(55232K)->54589K(55232K) NonClass: 48331K(48640K)->48331K(48640K) Class: 6257K(6592K)->6257K(6592K)
[2022-10-02T13:59:56.646-0400][1245.334s] GC(135) Pause Young (Normal) (G1 Evacuation Pause) 402M->100M(512M) 7.240ms
[2022-10-02T13:59:56.646-0400][1245.334s] GC(135) User=0.03s Sys=0.00s Real=0.01s
[2022-10-02T17:18:45.414-0400][7177.412s] Heap
[2022-10-02T17:18:45.414-0400][7177.413s]  garbage-first heap   total 524288K, used 341197K [0x00000007e0000000, 0x0000000800000000)
[2022-10-02T17:18:45.414-0400][7177.413s]   region size 1024K, 238 young (243712K), 5 survivors (5120K)
[2022-10-02T17:18:45.414-0400][7177.413s]  Metaspace       used 55342K, committed 55808K, reserved 1114112K
[2022-10-02T17:18:45.414-0400][7177.413s]   class space    used 6297K, committed 6592K, reserved 1048576K
