[2022-10-02T13:34:29.991-0400][0.008s] CardTable entry size: 512
[2022-10-02T13:34:29.991-0400][0.008s] Using G1
[2022-10-02T13:34:30.199-0400][0.216s] Version: 18+36-2087 (release)
[2022-10-02T13:34:30.199-0400][0.216s] CPUs: 8 total, 8 available
[2022-10-02T13:34:30.199-0400][0.216s] Memory: 16384M
[2022-10-02T13:34:30.199-0400][0.216s] Large Page Support: Disabled
[2022-10-02T13:34:30.199-0400][0.216s] NUMA Support: Disabled
[2022-10-02T13:34:30.199-0400][0.216s] Compressed Oops: Enabled (Zero based)
[2022-10-02T13:34:30.199-0400][0.216s] Heap Region Size: 1M
[2022-10-02T13:34:30.199-0400][0.216s] Heap Min Capacity: 512M
[2022-10-02T13:34:30.199-0400][0.216s] Heap Initial Capacity: 512M
[2022-10-02T13:34:30.199-0400][0.216s] Heap Max Capacity: 512M
[2022-10-02T13:34:30.199-0400][0.216s] Pre-touch: Enabled
[2022-10-02T13:34:30.199-0400][0.216s] Parallel Workers: 8
[2022-10-02T13:34:30.199-0400][0.216s] Concurrent Workers: 2
[2022-10-02T13:34:30.199-0400][0.216s] Concurrent Refinement Workers: 8
[2022-10-02T13:34:30.199-0400][0.216s] Periodic GC: Disabled
[2022-10-02T13:34:30.199-0400][0.217s] CDS archive(s) mapped at: [0x0000000800000000-0x0000000800ba8000-0x0000000800ba8000), size 12222464, SharedBaseAddress: 0x0000000800000000, ArchiveRelocationMode: 0.
[2022-10-02T13:34:30.200-0400][0.217s] Compressed class space mapped at: 0x0000000800c00000-0x0000000840c00000, reserved size: 1073741824
[2022-10-02T13:34:30.200-0400][0.217s] Narrow klass base: 0x0000000800000000, Narrow klass shift: 0, Narrow klass range: 0x100000000
[2022-10-02T13:34:30.964-0400][0.982s] GC(0) Pause Young (Normal) (G1 Evacuation Pause)
[2022-10-02T13:34:30.965-0400][0.982s] GC(0) Using 8 workers of 8 for evacuation
[2022-10-02T13:34:30.968-0400][0.985s] GC(0)   Pre Evacuate Collection Set: 0.1ms
[2022-10-02T13:34:30.968-0400][0.985s] GC(0)   Merge Heap Roots: 0.1ms
[2022-10-02T13:34:30.968-0400][0.985s] GC(0)   Evacuate Collection Set: 2.1ms
[2022-10-02T13:34:30.968-0400][0.985s] GC(0)   Post Evacuate Collection Set: 0.4ms
[2022-10-02T13:34:30.968-0400][0.985s] GC(0)   Other: 0.6ms
[2022-10-02T13:34:30.968-0400][0.985s] GC(0) Eden regions: 29->0(70)
[2022-10-02T13:34:30.968-0400][0.985s] GC(0) Survivor regions: 0->4(4)
[2022-10-02T13:34:30.968-0400][0.985s] GC(0) Old regions: 0->1
[2022-10-02T13:34:30.968-0400][0.985s] GC(0) Archive regions: 2->2
[2022-10-02T13:34:30.968-0400][0.985s] GC(0) Humongous regions: 0->0
[2022-10-02T13:34:30.968-0400][0.985s] GC(0) Metaspace: 9757K(10048K)->9757K(10048K) NonClass: 8622K(8768K)->8622K(8768K) Class: 1135K(1280K)->1135K(1280K)
[2022-10-02T13:34:30.968-0400][0.985s] GC(0) Pause Young (Normal) (G1 Evacuation Pause) 29M->5M(512M) 3.635ms
[2022-10-02T13:34:30.968-0400][0.985s] GC(0) User=0.02s Sys=0.01s Real=0.00s
[2022-10-02T13:34:31.618-0400][1.635s] GC(1) Pause Young (Normal) (G1 Evacuation Pause)
[2022-10-02T13:34:31.618-0400][1.635s] GC(1) Using 8 workers of 8 for evacuation
[2022-10-02T13:34:31.625-0400][1.642s] GC(1)   Pre Evacuate Collection Set: 0.1ms
[2022-10-02T13:34:31.625-0400][1.642s] GC(1)   Merge Heap Roots: 0.1ms
[2022-10-02T13:34:31.625-0400][1.642s] GC(1)   Evacuate Collection Set: 5.4ms
[2022-10-02T13:34:31.625-0400][1.642s] GC(1)   Post Evacuate Collection Set: 1.1ms
[2022-10-02T13:34:31.625-0400][1.642s] GC(1)   Other: 0.1ms
[2022-10-02T13:34:31.625-0400][1.642s] GC(1) Eden regions: 66->0(73)
[2022-10-02T13:34:31.625-0400][1.642s] GC(1) Survivor regions: 4->9(9)
[2022-10-02T13:34:31.625-0400][1.642s] GC(1) Old regions: 1->11
[2022-10-02T13:34:31.625-0400][1.642s] GC(1) Archive regions: 2->2
[2022-10-02T13:34:31.625-0400][1.642s] GC(1) Humongous regions: 4->4
[2022-10-02T13:34:31.625-0400][1.642s] GC(1) Metaspace: 18532K(18944K)->18532K(18944K) NonClass: 16387K(16640K)->16387K(16640K) Class: 2145K(2304K)->2145K(2304K)
[2022-10-02T13:34:31.625-0400][1.642s] GC(1) Pause Young (Normal) (G1 Evacuation Pause) 75M->24M(512M) 7.126ms
[2022-10-02T13:34:31.625-0400][1.642s] GC(1) User=0.04s Sys=0.00s Real=0.01s
[2022-10-02T13:34:31.737-0400][1.754s] GC(2) Pause Young (Concurrent Start) (Metadata GC Threshold)
[2022-10-02T13:34:31.737-0400][1.754s] GC(2) Using 8 workers of 8 for evacuation
[2022-10-02T13:34:31.741-0400][1.758s] GC(2)   Pre Evacuate Collection Set: 0.2ms
[2022-10-02T13:34:31.741-0400][1.758s] GC(2)   Merge Heap Roots: 0.1ms
[2022-10-02T13:34:31.741-0400][1.758s] GC(2)   Evacuate Collection Set: 2.9ms
[2022-10-02T13:34:31.741-0400][1.758s] GC(2)   Post Evacuate Collection Set: 0.4ms
[2022-10-02T13:34:31.741-0400][1.758s] GC(2)   Other: 0.1ms
[2022-10-02T13:34:31.741-0400][1.758s] GC(2) Eden regions: 12->0(104)
[2022-10-02T13:34:31.741-0400][1.758s] GC(2) Survivor regions: 9->1(11)
[2022-10-02T13:34:31.741-0400][1.758s] GC(2) Old regions: 11->20
[2022-10-02T13:34:31.741-0400][1.758s] GC(2) Archive regions: 2->2
[2022-10-02T13:34:31.741-0400][1.758s] GC(2) Humongous regions: 4->4
[2022-10-02T13:34:31.741-0400][1.758s] GC(2) Metaspace: 21172K(21504K)->21172K(21504K) NonClass: 18801K(19008K)->18801K(19008K) Class: 2370K(2496K)->2370K(2496K)
[2022-10-02T13:34:31.741-0400][1.758s] GC(2) Pause Young (Concurrent Start) (Metadata GC Threshold) 35M->25M(512M) 4.087ms
[2022-10-02T13:34:31.741-0400][1.758s] GC(2) User=0.02s Sys=0.01s Real=0.01s
[2022-10-02T13:34:31.741-0400][1.758s] GC(3) Concurrent Mark Cycle
[2022-10-02T13:34:31.741-0400][1.758s] GC(3) Concurrent Clear Claimed Marks
[2022-10-02T13:34:31.741-0400][1.758s] GC(3) Concurrent Clear Claimed Marks 0.042ms
[2022-10-02T13:34:31.741-0400][1.758s] GC(3) Concurrent Scan Root Regions
[2022-10-02T13:34:31.743-0400][1.760s] GC(3) Concurrent Scan Root Regions 1.482ms
[2022-10-02T13:34:31.743-0400][1.760s] GC(3) Concurrent Mark
[2022-10-02T13:34:31.743-0400][1.760s] GC(3) Concurrent Mark From Roots
[2022-10-02T13:34:31.743-0400][1.760s] GC(3) Using 2 workers of 2 for marking
[2022-10-02T13:34:31.751-0400][1.768s] GC(3) Concurrent Mark From Roots 8.243ms
[2022-10-02T13:34:31.751-0400][1.768s] GC(3) Concurrent Preclean
[2022-10-02T13:34:31.751-0400][1.768s] GC(3) Concurrent Preclean 0.065ms
[2022-10-02T13:34:31.751-0400][1.768s] GC(3) Pause Remark
[2022-10-02T13:34:31.752-0400][1.770s] GC(3) Pause Remark 26M->26M(512M) 1.086ms
[2022-10-02T13:34:31.752-0400][1.770s] GC(3) User=0.01s Sys=0.00s Real=0.00s
[2022-10-02T13:34:31.752-0400][1.770s] GC(3) Concurrent Mark 9.711ms
[2022-10-02T13:34:31.752-0400][1.770s] GC(3) Concurrent Rebuild Remembered Sets
[2022-10-02T13:34:31.757-0400][1.775s] GC(3) Concurrent Rebuild Remembered Sets 5.051ms
[2022-10-02T13:34:31.758-0400][1.775s] GC(3) Pause Cleanup
[2022-10-02T13:34:31.758-0400][1.775s] GC(3) Pause Cleanup 27M->27M(512M) 0.139ms
[2022-10-02T13:34:31.758-0400][1.775s] GC(3) User=0.00s Sys=0.00s Real=0.00s
[2022-10-02T13:34:31.758-0400][1.775s] GC(3) Concurrent Cleanup for Next Mark
[2022-10-02T13:34:31.758-0400][1.776s] GC(3) Concurrent Cleanup for Next Mark 0.714ms
[2022-10-02T13:34:31.758-0400][1.776s] GC(3) Concurrent Mark Cycle 17.542ms
[2022-10-02T13:34:33.140-0400][3.158s] GC(4) Pause Young (Prepare Mixed) (G1 Evacuation Pause)
[2022-10-02T13:34:33.140-0400][3.158s] GC(4) Using 8 workers of 8 for evacuation
[2022-10-02T13:34:33.144-0400][3.162s] GC(4)   Pre Evacuate Collection Set: 0.1ms
[2022-10-02T13:34:33.144-0400][3.162s] GC(4)   Merge Heap Roots: 0.1ms
[2022-10-02T13:34:33.144-0400][3.162s] GC(4)   Evacuate Collection Set: 2.9ms
[2022-10-02T13:34:33.144-0400][3.162s] GC(4)   Post Evacuate Collection Set: 0.7ms
[2022-10-02T13:34:33.144-0400][3.162s] GC(4)   Other: 0.1ms
[2022-10-02T13:34:33.144-0400][3.162s] GC(4) Eden regions: 104->0(15)
[2022-10-02T13:34:33.144-0400][3.162s] GC(4) Survivor regions: 1->10(14)
[2022-10-02T13:34:33.144-0400][3.162s] GC(4) Old regions: 20->20
[2022-10-02T13:34:33.144-0400][3.162s] GC(4) Archive regions: 2->2
[2022-10-02T13:34:33.144-0400][3.162s] GC(4) Humongous regions: 7->5
[2022-10-02T13:34:33.144-0400][3.162s] GC(4) Metaspace: 34550K(35008K)->34550K(35008K) NonClass: 30540K(30784K)->30540K(30784K) Class: 4009K(4224K)->4009K(4224K)
[2022-10-02T13:34:33.144-0400][3.162s] GC(4) Pause Young (Prepare Mixed) (G1 Evacuation Pause) 132M->34M(512M) 4.096ms
[2022-10-02T13:34:33.145-0400][3.162s] GC(4) User=0.02s Sys=0.00s Real=0.00s
[2022-10-02T13:34:33.250-0400][3.267s] GC(5) Pause Young (Mixed) (Metadata GC Threshold)
[2022-10-02T13:34:33.250-0400][3.268s] GC(5) Using 8 workers of 8 for evacuation
[2022-10-02T13:34:33.253-0400][3.271s] GC(5)   Pre Evacuate Collection Set: 0.1ms
[2022-10-02T13:34:33.254-0400][3.271s] GC(5)   Merge Heap Roots: 0.0ms
[2022-10-02T13:34:33.254-0400][3.271s] GC(5)   Evacuate Collection Set: 2.8ms
[2022-10-02T13:34:33.254-0400][3.271s] GC(5)   Post Evacuate Collection Set: 0.3ms
[2022-10-02T13:34:33.254-0400][3.271s] GC(5)   Other: 0.1ms
[2022-10-02T13:34:33.254-0400][3.271s] GC(5) Eden regions: 7->0(305)
[2022-10-02T13:34:33.254-0400][3.271s] GC(5) Survivor regions: 10->2(4)
[2022-10-02T13:34:33.254-0400][3.271s] GC(5) Old regions: 20->30
[2022-10-02T13:34:33.254-0400][3.271s] GC(5) Archive regions: 2->2
[2022-10-02T13:34:33.254-0400][3.271s] GC(5) Humongous regions: 5->5
[2022-10-02T13:34:33.254-0400][3.271s] GC(5) Metaspace: 35738K(36160K)->35738K(36160K) NonClass: 31588K(31808K)->31588K(31808K) Class: 4149K(4352K)->4149K(4352K)
[2022-10-02T13:34:33.254-0400][3.271s] GC(5) Pause Young (Mixed) (Metadata GC Threshold) 41M->36M(512M) 3.505ms
[2022-10-02T13:34:33.254-0400][3.271s] GC(5) User=0.02s Sys=0.00s Real=0.00s
[2022-10-02T13:34:33.279-0400][3.296s] GC(6) Pause Young (Concurrent Start) (Metadata GC Threshold)
[2022-10-02T13:34:33.279-0400][3.296s] GC(6) Using 8 workers of 8 for evacuation
[2022-10-02T13:34:33.280-0400][3.298s] GC(6)   Pre Evacuate Collection Set: 0.1ms
[2022-10-02T13:34:33.280-0400][3.298s] GC(6)   Merge Heap Roots: 0.1ms
[2022-10-02T13:34:33.280-0400][3.298s] GC(6)   Evacuate Collection Set: 0.7ms
[2022-10-02T13:34:33.280-0400][3.298s] GC(6)   Post Evacuate Collection Set: 0.3ms
[2022-10-02T13:34:33.280-0400][3.298s] GC(6)   Other: 0.1ms
[2022-10-02T13:34:33.281-0400][3.298s] GC(6) Eden regions: 2->0(306)
[2022-10-02T13:34:33.281-0400][3.298s] GC(6) Survivor regions: 2->1(39)
[2022-10-02T13:34:33.281-0400][3.298s] GC(6) Old regions: 30->30
[2022-10-02T13:34:33.281-0400][3.298s] GC(6) Archive regions: 2->2
[2022-10-02T13:34:33.281-0400][3.298s] GC(6) Humongous regions: 5->5
[2022-10-02T13:34:33.281-0400][3.298s] GC(6) Metaspace: 36135K(36480K)->36135K(36480K) NonClass: 31936K(32128K)->31936K(32128K) Class: 4199K(4352K)->4199K(4352K)
[2022-10-02T13:34:33.281-0400][3.298s] GC(6) Pause Young (Concurrent Start) (Metadata GC Threshold) 37M->35M(512M) 1.660ms
[2022-10-02T13:34:33.281-0400][3.298s] GC(6) User=0.01s Sys=0.00s Real=0.01s
[2022-10-02T13:34:33.281-0400][3.298s] GC(7) Concurrent Mark Cycle
[2022-10-02T13:34:33.281-0400][3.298s] GC(7) Concurrent Clear Claimed Marks
[2022-10-02T13:34:33.281-0400][3.298s] GC(7) Concurrent Clear Claimed Marks 0.015ms
[2022-10-02T13:34:33.281-0400][3.298s] GC(7) Concurrent Scan Root Regions
[2022-10-02T13:34:33.281-0400][3.299s] GC(7) Concurrent Scan Root Regions 0.745ms
[2022-10-02T13:34:33.281-0400][3.299s] GC(7) Concurrent Mark
[2022-10-02T13:34:33.281-0400][3.299s] GC(7) Concurrent Mark From Roots
[2022-10-02T13:34:33.281-0400][3.299s] GC(7) Using 2 workers of 2 for marking
[2022-10-02T13:34:33.294-0400][3.312s] GC(7) Concurrent Mark From Roots 12.776ms
[2022-10-02T13:34:33.294-0400][3.312s] GC(7) Concurrent Preclean
[2022-10-02T13:34:33.294-0400][3.312s] GC(7) Concurrent Preclean 0.066ms
[2022-10-02T13:34:33.294-0400][3.312s] GC(7) Pause Remark
[2022-10-02T13:34:33.296-0400][3.314s] GC(7) Pause Remark 37M->37M(512M) 1.719ms
[2022-10-02T13:34:33.296-0400][3.314s] GC(7) User=0.01s Sys=0.00s Real=0.00s
[2022-10-02T13:34:33.296-0400][3.314s] GC(7) Concurrent Mark 14.924ms
[2022-10-02T13:34:33.296-0400][3.314s] GC(7) Concurrent Rebuild Remembered Sets
[2022-10-02T13:34:33.304-0400][3.322s] GC(7) Concurrent Rebuild Remembered Sets 8.014ms
[2022-10-02T13:34:33.305-0400][3.322s] GC(7) Pause Cleanup
[2022-10-02T13:34:33.305-0400][3.322s] GC(7) Pause Cleanup 37M->37M(512M) 0.091ms
[2022-10-02T13:34:33.305-0400][3.322s] GC(7) User=0.00s Sys=0.00s Real=0.00s
[2022-10-02T13:34:33.305-0400][3.322s] GC(7) Concurrent Cleanup for Next Mark
[2022-10-02T13:34:33.306-0400][3.323s] GC(7) Concurrent Cleanup for Next Mark 0.771ms
[2022-10-02T13:34:33.306-0400][3.323s] GC(7) Concurrent Mark Cycle 24.923ms
[2022-10-02T13:38:57.920-0400][267.955s] Heap
[2022-10-02T13:38:57.921-0400][267.956s]  garbage-first heap   total 524288K, used 133995K [0x00000007e0000000, 0x0000000800000000)
[2022-10-02T13:38:57.921-0400][267.956s]   region size 1024K, 93 young (95232K), 1 survivors (1024K)
[2022-10-02T13:38:57.921-0400][267.956s]  Metaspace       used 48086K, committed 48576K, reserved 1114112K
[2022-10-02T13:38:57.921-0400][267.956s]   class space    used 5685K, committed 5888K, reserved 1048576K
