[2022-10-02T13:29:44.856-0400][0.009s] CardTable entry size: 512
[2022-10-02T13:29:44.857-0400][0.009s] Using G1
[2022-10-02T13:29:45.085-0400][0.237s] Version: 18+36-2087 (release)
[2022-10-02T13:29:45.085-0400][0.237s] CPUs: 8 total, 8 available
[2022-10-02T13:29:45.085-0400][0.237s] Memory: 16384M
[2022-10-02T13:29:45.085-0400][0.237s] Large Page Support: Disabled
[2022-10-02T13:29:45.085-0400][0.237s] NUMA Support: Disabled
[2022-10-02T13:29:45.085-0400][0.238s] Compressed Oops: Enabled (Zero based)
[2022-10-02T13:29:45.085-0400][0.238s] Heap Region Size: 1M
[2022-10-02T13:29:45.085-0400][0.238s] Heap Min Capacity: 512M
[2022-10-02T13:29:45.085-0400][0.238s] Heap Initial Capacity: 512M
[2022-10-02T13:29:45.085-0400][0.238s] Heap Max Capacity: 512M
[2022-10-02T13:29:45.085-0400][0.238s] Pre-touch: Enabled
[2022-10-02T13:29:45.086-0400][0.238s] Parallel Workers: 8
[2022-10-02T13:29:45.086-0400][0.238s] Concurrent Workers: 2
[2022-10-02T13:29:45.086-0400][0.238s] Concurrent Refinement Workers: 8
[2022-10-02T13:29:45.086-0400][0.238s] Periodic GC: Disabled
[2022-10-02T13:29:45.086-0400][0.238s] CDS archive(s) mapped at: [0x0000000800000000-0x0000000800ba8000-0x0000000800ba8000), size 12222464, SharedBaseAddress: 0x0000000800000000, ArchiveRelocationMode: 0.
[2022-10-02T13:29:45.086-0400][0.238s] Compressed class space mapped at: 0x0000000800c00000-0x0000000840c00000, reserved size: 1073741824
[2022-10-02T13:29:45.086-0400][0.238s] Narrow klass base: 0x0000000800000000, Narrow klass shift: 0, Narrow klass range: 0x100000000
[2022-10-02T13:29:45.685-0400][0.837s] GC(0) Pause Young (Normal) (G1 Evacuation Pause)
[2022-10-02T13:29:45.685-0400][0.837s] GC(0) Using 8 workers of 8 for evacuation
[2022-10-02T13:29:45.688-0400][0.840s] GC(0)   Pre Evacuate Collection Set: 0.1ms
[2022-10-02T13:29:45.688-0400][0.840s] GC(0)   Merge Heap Roots: 0.2ms
[2022-10-02T13:29:45.688-0400][0.840s] GC(0)   Evacuate Collection Set: 2.0ms
[2022-10-02T13:29:45.688-0400][0.840s] GC(0)   Post Evacuate Collection Set: 0.5ms
[2022-10-02T13:29:45.688-0400][0.840s] GC(0)   Other: 0.5ms
[2022-10-02T13:29:45.688-0400][0.840s] GC(0) Eden regions: 29->0(70)
[2022-10-02T13:29:45.688-0400][0.840s] GC(0) Survivor regions: 0->4(4)
[2022-10-02T13:29:45.688-0400][0.840s] GC(0) Old regions: 0->1
[2022-10-02T13:29:45.688-0400][0.840s] GC(0) Archive regions: 2->2
[2022-10-02T13:29:45.688-0400][0.840s] GC(0) Humongous regions: 0->0
[2022-10-02T13:29:45.688-0400][0.840s] GC(0) Metaspace: 9755K(10048K)->9755K(10048K) NonClass: 8619K(8768K)->8619K(8768K) Class: 1135K(1280K)->1135K(1280K)
[2022-10-02T13:29:45.688-0400][0.840s] GC(0) Pause Young (Normal) (G1 Evacuation Pause) 29M->5M(512M) 3.632ms
[2022-10-02T13:29:45.688-0400][0.840s] GC(0) User=0.02s Sys=0.01s Real=0.00s
[2022-10-02T13:29:46.301-0400][1.453s] GC(1) Pause Young (Normal) (G1 Evacuation Pause)
[2022-10-02T13:29:46.301-0400][1.453s] GC(1) Using 8 workers of 8 for evacuation
[2022-10-02T13:29:46.307-0400][1.459s] GC(1)   Pre Evacuate Collection Set: 0.1ms
[2022-10-02T13:29:46.307-0400][1.459s] GC(1)   Merge Heap Roots: 0.1ms
[2022-10-02T13:29:46.307-0400][1.459s] GC(1)   Evacuate Collection Set: 5.2ms
[2022-10-02T13:29:46.307-0400][1.459s] GC(1)   Post Evacuate Collection Set: 1.0ms
[2022-10-02T13:29:46.307-0400][1.459s] GC(1)   Other: 0.1ms
[2022-10-02T13:29:46.307-0400][1.459s] GC(1) Eden regions: 66->0(74)
[2022-10-02T13:29:46.307-0400][1.459s] GC(1) Survivor regions: 4->9(9)
[2022-10-02T13:29:46.307-0400][1.459s] GC(1) Old regions: 1->11
[2022-10-02T13:29:46.307-0400][1.459s] GC(1) Archive regions: 2->2
[2022-10-02T13:29:46.307-0400][1.459s] GC(1) Humongous regions: 4->4
[2022-10-02T13:29:46.307-0400][1.459s] GC(1) Metaspace: 18559K(18944K)->18559K(18944K) NonClass: 16414K(16640K)->16414K(16640K) Class: 2145K(2304K)->2145K(2304K)
[2022-10-02T13:29:46.307-0400][1.459s] GC(1) Pause Young (Normal) (G1 Evacuation Pause) 75M->24M(512M) 6.773ms
[2022-10-02T13:29:46.307-0400][1.459s] GC(1) User=0.04s Sys=0.00s Real=0.00s
[2022-10-02T13:29:46.414-0400][1.566s] GC(2) Pause Young (Concurrent Start) (Metadata GC Threshold)
[2022-10-02T13:29:46.414-0400][1.566s] GC(2) Using 8 workers of 8 for evacuation
[2022-10-02T13:29:46.418-0400][1.570s] GC(2)   Pre Evacuate Collection Set: 0.2ms
[2022-10-02T13:29:46.418-0400][1.570s] GC(2)   Merge Heap Roots: 0.1ms
[2022-10-02T13:29:46.418-0400][1.570s] GC(2)   Evacuate Collection Set: 2.9ms
[2022-10-02T13:29:46.418-0400][1.570s] GC(2)   Post Evacuate Collection Set: 0.6ms
[2022-10-02T13:29:46.418-0400][1.570s] GC(2)   Other: 0.1ms
[2022-10-02T13:29:46.418-0400][1.570s] GC(2) Eden regions: 11->0(106)
[2022-10-02T13:29:46.418-0400][1.570s] GC(2) Survivor regions: 9->1(11)
[2022-10-02T13:29:46.418-0400][1.570s] GC(2) Old regions: 11->20
[2022-10-02T13:29:46.418-0400][1.570s] GC(2) Archive regions: 2->2
[2022-10-02T13:29:46.418-0400][1.570s] GC(2) Humongous regions: 4->4
[2022-10-02T13:29:46.418-0400][1.570s] GC(2) Metaspace: 21185K(21504K)->21185K(21504K) NonClass: 18818K(19008K)->18818K(19008K) Class: 2367K(2496K)->2367K(2496K)
[2022-10-02T13:29:46.418-0400][1.570s] GC(2) Pause Young (Concurrent Start) (Metadata GC Threshold) 35M->25M(512M) 4.149ms
[2022-10-02T13:29:46.418-0400][1.570s] GC(2) User=0.02s Sys=0.00s Real=0.00s
[2022-10-02T13:29:46.418-0400][1.570s] GC(3) Concurrent Mark Cycle
[2022-10-02T13:29:46.418-0400][1.571s] GC(3) Concurrent Clear Claimed Marks
[2022-10-02T13:29:46.419-0400][1.571s] GC(3) Concurrent Clear Claimed Marks 0.048ms
[2022-10-02T13:29:46.419-0400][1.571s] GC(3) Concurrent Scan Root Regions
[2022-10-02T13:29:46.420-0400][1.572s] GC(3) Concurrent Scan Root Regions 1.390ms
[2022-10-02T13:29:46.420-0400][1.572s] GC(3) Concurrent Mark
[2022-10-02T13:29:46.420-0400][1.572s] GC(3) Concurrent Mark From Roots
[2022-10-02T13:29:46.420-0400][1.572s] GC(3) Using 2 workers of 2 for marking
[2022-10-02T13:29:46.427-0400][1.579s] GC(3) Concurrent Mark From Roots 6.696ms
[2022-10-02T13:29:46.427-0400][1.579s] GC(3) Concurrent Preclean
[2022-10-02T13:29:46.427-0400][1.579s] GC(3) Concurrent Preclean 0.044ms
[2022-10-02T13:29:46.427-0400][1.579s] GC(3) Pause Remark
[2022-10-02T13:29:46.428-0400][1.580s] GC(3) Pause Remark 26M->26M(512M) 1.574ms
[2022-10-02T13:29:46.428-0400][1.581s] GC(3) User=0.01s Sys=0.00s Real=0.00s
[2022-10-02T13:29:46.429-0400][1.581s] GC(3) Concurrent Mark 8.644ms
[2022-10-02T13:29:46.429-0400][1.581s] GC(3) Concurrent Rebuild Remembered Sets
[2022-10-02T13:29:46.434-0400][1.586s] GC(3) Concurrent Rebuild Remembered Sets 5.420ms
[2022-10-02T13:29:46.434-0400][1.586s] GC(3) Pause Cleanup
[2022-10-02T13:29:46.434-0400][1.586s] GC(3) Pause Cleanup 27M->27M(512M) 0.146ms
[2022-10-02T13:29:46.434-0400][1.586s] GC(3) User=0.00s Sys=0.00s Real=0.00s
[2022-10-02T13:29:46.434-0400][1.587s] GC(3) Concurrent Cleanup for Next Mark
[2022-10-02T13:29:46.435-0400][1.587s] GC(3) Concurrent Cleanup for Next Mark 0.739ms
[2022-10-02T13:29:46.435-0400][1.587s] GC(3) Concurrent Mark Cycle 16.839ms
[2022-10-02T13:29:47.695-0400][2.847s] GC(4) Pause Young (Concurrent Start) (Metadata GC Threshold)
[2022-10-02T13:29:47.695-0400][2.847s] GC(4) Using 8 workers of 8 for evacuation
[2022-10-02T13:29:47.699-0400][2.851s] GC(4)   Pre Evacuate Collection Set: 0.2ms
[2022-10-02T13:29:47.699-0400][2.851s] GC(4)   Merge Heap Roots: 0.1ms
[2022-10-02T13:29:47.699-0400][2.851s] GC(4)   Evacuate Collection Set: 3.0ms
[2022-10-02T13:29:47.699-0400][2.851s] GC(4)   Post Evacuate Collection Set: 0.9ms
[2022-10-02T13:29:47.699-0400][2.851s] GC(4)   Other: 0.1ms
[2022-10-02T13:29:47.699-0400][2.851s] GC(4) Eden regions: 88->0(296)
[2022-10-02T13:29:47.699-0400][2.852s] GC(4) Survivor regions: 1->11(14)
[2022-10-02T13:29:47.699-0400][2.852s] GC(4) Old regions: 20->20
[2022-10-02T13:29:47.699-0400][2.852s] GC(4) Archive regions: 2->2
[2022-10-02T13:29:47.699-0400][2.852s] GC(4) Humongous regions: 7->5
[2022-10-02T13:29:47.699-0400][2.852s] GC(4) Metaspace: 35948K(36288K)->35948K(36288K) NonClass: 31782K(31936K)->31782K(31936K) Class: 4166K(4352K)->4166K(4352K)
[2022-10-02T13:29:47.700-0400][2.852s] GC(4) Pause Young (Concurrent Start) (Metadata GC Threshold) 115M->36M(512M) 4.684ms
[2022-10-02T13:29:47.700-0400][2.852s] GC(4) User=0.03s Sys=0.00s Real=0.01s
[2022-10-02T13:29:47.700-0400][2.852s] GC(5) Concurrent Mark Cycle
[2022-10-02T13:29:47.700-0400][2.852s] GC(5) Concurrent Clear Claimed Marks
[2022-10-02T13:29:47.700-0400][2.852s] GC(5) Concurrent Clear Claimed Marks 0.018ms
[2022-10-02T13:29:47.700-0400][2.852s] GC(5) Concurrent Scan Root Regions
[2022-10-02T13:29:47.702-0400][2.854s] GC(5) Concurrent Scan Root Regions 2.241ms
[2022-10-02T13:29:47.702-0400][2.854s] GC(5) Concurrent Mark
[2022-10-02T13:29:47.702-0400][2.854s] GC(5) Concurrent Mark From Roots
[2022-10-02T13:29:47.702-0400][2.854s] GC(5) Using 2 workers of 2 for marking
[2022-10-02T13:29:47.712-0400][2.864s] GC(5) Concurrent Mark From Roots 9.472ms
[2022-10-02T13:29:47.712-0400][2.864s] GC(5) Concurrent Preclean
[2022-10-02T13:29:47.712-0400][2.864s] GC(5) Concurrent Preclean 0.038ms
[2022-10-02T13:29:47.712-0400][2.864s] GC(5) Pause Remark
[2022-10-02T13:29:47.714-0400][2.866s] GC(5) Pause Remark 37M->37M(512M) 1.868ms
[2022-10-02T13:29:47.714-0400][2.866s] GC(5) User=0.00s Sys=0.00s Real=0.00s
[2022-10-02T13:29:47.714-0400][2.866s] GC(5) Concurrent Mark 11.755ms
[2022-10-02T13:29:47.714-0400][2.866s] GC(5) Concurrent Rebuild Remembered Sets
[2022-10-02T13:29:47.720-0400][2.872s] GC(5) Concurrent Rebuild Remembered Sets 5.709ms
[2022-10-02T13:29:47.720-0400][2.872s] GC(5) Pause Cleanup
[2022-10-02T13:29:47.720-0400][2.872s] GC(5) Pause Cleanup 37M->37M(512M) 0.150ms
[2022-10-02T13:29:47.720-0400][2.872s] GC(5) User=0.00s Sys=0.00s Real=0.00s
[2022-10-02T13:29:47.720-0400][2.872s] GC(5) Concurrent Cleanup for Next Mark
[2022-10-02T13:29:47.721-0400][2.873s] GC(5) Concurrent Cleanup for Next Mark 0.761ms
[2022-10-02T13:29:47.721-0400][2.873s] GC(5) Concurrent Mark Cycle 21.175ms
[2022-10-02T13:33:33.982-0400][229.134s] Heap
[2022-10-02T13:33:33.982-0400][229.135s]  garbage-first heap   total 524288K, used 123998K [0x00000007e0000000, 0x0000000800000000)
[2022-10-02T13:33:33.982-0400][229.135s]   region size 1024K, 94 young (96256K), 11 survivors (11264K)
[2022-10-02T13:33:33.982-0400][229.135s]  Metaspace       used 47845K, committed 48320K, reserved 1114112K
[2022-10-02T13:33:33.982-0400][229.135s]   class space    used 5655K, committed 5888K, reserved 1048576K
