[2022-10-02T09:00:36.033-0400][0.008s] CardTable entry size: 512
[2022-10-02T09:00:36.033-0400][0.008s] Using G1
[2022-10-02T09:00:36.280-0400][0.256s] Version: 18+36-2087 (release)
[2022-10-02T09:00:36.281-0400][0.256s] CPUs: 8 total, 8 available
[2022-10-02T09:00:36.281-0400][0.256s] Memory: 16384M
[2022-10-02T09:00:36.281-0400][0.256s] Large Page Support: Disabled
[2022-10-02T09:00:36.281-0400][0.256s] NUMA Support: Disabled
[2022-10-02T09:00:36.281-0400][0.256s] Compressed Oops: Enabled (Zero based)
[2022-10-02T09:00:36.281-0400][0.256s] Heap Region Size: 1M
[2022-10-02T09:00:36.281-0400][0.256s] Heap Min Capacity: 512M
[2022-10-02T09:00:36.281-0400][0.256s] Heap Initial Capacity: 512M
[2022-10-02T09:00:36.281-0400][0.256s] Heap Max Capacity: 512M
[2022-10-02T09:00:36.281-0400][0.256s] Pre-touch: Enabled
[2022-10-02T09:00:36.281-0400][0.256s] Parallel Workers: 8
[2022-10-02T09:00:36.281-0400][0.256s] Concurrent Workers: 2
[2022-10-02T09:00:36.281-0400][0.256s] Concurrent Refinement Workers: 8
[2022-10-02T09:00:36.281-0400][0.256s] Periodic GC: Disabled
[2022-10-02T09:00:36.281-0400][0.256s] CDS archive(s) mapped at: [0x0000000800000000-0x0000000800ba8000-0x0000000800ba8000), size 12222464, SharedBaseAddress: 0x0000000800000000, ArchiveRelocationMode: 0.
[2022-10-02T09:00:36.281-0400][0.256s] Compressed class space mapped at: 0x0000000800c00000-0x0000000840c00000, reserved size: 1073741824
[2022-10-02T09:00:36.281-0400][0.256s] Narrow klass base: 0x0000000800000000, Narrow klass shift: 0, Narrow klass range: 0x100000000
[2022-10-02T09:00:37.051-0400][1.026s] GC(0) Pause Young (Normal) (G1 Evacuation Pause)
[2022-10-02T09:00:37.052-0400][1.027s] GC(0) Using 8 workers of 8 for evacuation
[2022-10-02T09:00:37.055-0400][1.030s] GC(0)   Pre Evacuate Collection Set: 0.1ms
[2022-10-02T09:00:37.055-0400][1.030s] GC(0)   Merge Heap Roots: 0.1ms
[2022-10-02T09:00:37.055-0400][1.030s] GC(0)   Evacuate Collection Set: 2.1ms
[2022-10-02T09:00:37.055-0400][1.030s] GC(0)   Post Evacuate Collection Set: 0.5ms
[2022-10-02T09:00:37.055-0400][1.030s] GC(0)   Other: 0.8ms
[2022-10-02T09:00:37.055-0400][1.030s] GC(0) Eden regions: 29->0(69)
[2022-10-02T09:00:37.055-0400][1.030s] GC(0) Survivor regions: 0->4(4)
[2022-10-02T09:00:37.055-0400][1.030s] GC(0) Old regions: 0->1
[2022-10-02T09:00:37.055-0400][1.030s] GC(0) Archive regions: 2->2
[2022-10-02T09:00:37.055-0400][1.030s] GC(0) Humongous regions: 0->0
[2022-10-02T09:00:37.055-0400][1.030s] GC(0) Metaspace: 9695K(9984K)->9695K(9984K) NonClass: 8563K(8704K)->8563K(8704K) Class: 1131K(1280K)->1131K(1280K)
[2022-10-02T09:00:37.055-0400][1.030s] GC(0) Pause Young (Normal) (G1 Evacuation Pause) 29M->5M(512M) 3.972ms
[2022-10-02T09:00:37.055-0400][1.030s] GC(0) User=0.01s Sys=0.00s Real=0.00s
[2022-10-02T09:00:37.954-0400][1.929s] GC(1) Pause Young (Normal) (G1 Evacuation Pause)
[2022-10-02T09:00:37.954-0400][1.929s] GC(1) Using 8 workers of 8 for evacuation
[2022-10-02T09:00:37.961-0400][1.936s] GC(1)   Pre Evacuate Collection Set: 0.1ms
[2022-10-02T09:00:37.961-0400][1.936s] GC(1)   Merge Heap Roots: 0.1ms
[2022-10-02T09:00:37.961-0400][1.936s] GC(1)   Evacuate Collection Set: 5.5ms
[2022-10-02T09:00:37.961-0400][1.936s] GC(1)   Post Evacuate Collection Set: 1.1ms
[2022-10-02T09:00:37.961-0400][1.936s] GC(1)   Other: 0.2ms
[2022-10-02T09:00:37.961-0400][1.936s] GC(1) Eden regions: 65->0(69)
[2022-10-02T09:00:37.961-0400][1.936s] GC(1) Survivor regions: 4->9(9)
[2022-10-02T09:00:37.961-0400][1.936s] GC(1) Old regions: 1->11
[2022-10-02T09:00:37.961-0400][1.936s] GC(1) Archive regions: 2->2
[2022-10-02T09:00:37.961-0400][1.936s] GC(1) Humongous regions: 4->4
[2022-10-02T09:00:37.961-0400][1.936s] GC(1) Metaspace: 18496K(18816K)->18496K(18816K) NonClass: 16358K(16512K)->16358K(16512K) Class: 2138K(2304K)->2138K(2304K)
[2022-10-02T09:00:37.961-0400][1.936s] GC(1) Pause Young (Normal) (G1 Evacuation Pause) 74M->24M(512M) 7.210ms
[2022-10-02T09:00:37.961-0400][1.936s] GC(1) User=0.04s Sys=0.00s Real=0.01s
[2022-10-02T09:00:38.140-0400][2.115s] GC(2) Pause Young (Concurrent Start) (Metadata GC Threshold)
[2022-10-02T09:00:38.140-0400][2.115s] GC(2) Using 8 workers of 8 for evacuation
[2022-10-02T09:00:38.144-0400][2.120s] GC(2)   Pre Evacuate Collection Set: 0.3ms
[2022-10-02T09:00:38.144-0400][2.120s] GC(2)   Merge Heap Roots: 0.1ms
[2022-10-02T09:00:38.144-0400][2.120s] GC(2)   Evacuate Collection Set: 3.3ms
[2022-10-02T09:00:38.144-0400][2.120s] GC(2)   Post Evacuate Collection Set: 0.5ms
[2022-10-02T09:00:38.144-0400][2.120s] GC(2)   Other: 0.1ms
[2022-10-02T09:00:38.144-0400][2.120s] GC(2) Eden regions: 12->0(93)
[2022-10-02T09:00:38.144-0400][2.120s] GC(2) Survivor regions: 9->1(10)
[2022-10-02T09:00:38.144-0400][2.120s] GC(2) Old regions: 11->20
[2022-10-02T09:00:38.144-0400][2.120s] GC(2) Archive regions: 2->2
[2022-10-02T09:00:38.144-0400][2.120s] GC(2) Humongous regions: 4->4
[2022-10-02T09:00:38.144-0400][2.120s] GC(2) Metaspace: 21171K(21504K)->21171K(21504K) NonClass: 18800K(18944K)->18800K(18944K) Class: 2370K(2560K)->2370K(2560K)
[2022-10-02T09:00:38.144-0400][2.120s] GC(2) Pause Young (Concurrent Start) (Metadata GC Threshold) 35M->25M(512M) 4.476ms
[2022-10-02T09:00:38.145-0400][2.120s] GC(2) User=0.02s Sys=0.00s Real=0.00s
[2022-10-02T09:00:38.145-0400][2.120s] GC(3) Concurrent Mark Cycle
[2022-10-02T09:00:38.145-0400][2.120s] GC(3) Concurrent Clear Claimed Marks
[2022-10-02T09:00:38.145-0400][2.120s] GC(3) Concurrent Clear Claimed Marks 0.053ms
[2022-10-02T09:00:38.145-0400][2.120s] GC(3) Concurrent Scan Root Regions
[2022-10-02T09:00:38.146-0400][2.121s] GC(3) Concurrent Scan Root Regions 1.437ms
[2022-10-02T09:00:38.146-0400][2.121s] GC(3) Concurrent Mark
[2022-10-02T09:00:38.146-0400][2.121s] GC(3) Concurrent Mark From Roots
[2022-10-02T09:00:38.146-0400][2.121s] GC(3) Using 2 workers of 2 for marking
[2022-10-02T09:00:38.155-0400][2.130s] GC(3) Concurrent Mark From Roots 8.552ms
[2022-10-02T09:00:38.155-0400][2.130s] GC(3) Concurrent Preclean
[2022-10-02T09:00:38.155-0400][2.130s] GC(3) Concurrent Preclean 0.083ms
[2022-10-02T09:00:38.155-0400][2.130s] GC(3) Pause Remark
[2022-10-02T09:00:38.156-0400][2.132s] GC(3) Pause Remark 26M->26M(512M) 1.437ms
[2022-10-02T09:00:38.156-0400][2.132s] GC(3) User=0.00s Sys=0.00s Real=0.00s
[2022-10-02T09:00:38.157-0400][2.132s] GC(3) Concurrent Mark 10.435ms
[2022-10-02T09:00:38.157-0400][2.132s] GC(3) Concurrent Rebuild Remembered Sets
[2022-10-02T09:00:38.163-0400][2.138s] GC(3) Concurrent Rebuild Remembered Sets 6.150ms
[2022-10-02T09:00:38.163-0400][2.138s] GC(3) Pause Cleanup
[2022-10-02T09:00:38.163-0400][2.138s] GC(3) Pause Cleanup 26M->26M(512M) 0.149ms
[2022-10-02T09:00:38.163-0400][2.138s] GC(3) User=0.00s Sys=0.00s Real=0.00s
[2022-10-02T09:00:38.163-0400][2.138s] GC(3) Concurrent Cleanup for Next Mark
[2022-10-02T09:00:38.164-0400][2.139s] GC(3) Concurrent Cleanup for Next Mark 0.752ms
[2022-10-02T09:00:38.164-0400][2.139s] GC(3) Concurrent Mark Cycle 19.436ms
[2022-10-02T09:05:01.260-0400][265.235s] GC(4) Pause Young (Concurrent Start) (Metadata GC Threshold)
[2022-10-02T09:05:01.260-0400][265.236s] GC(4) Using 8 workers of 8 for evacuation
[2022-10-02T09:05:01.265-0400][265.240s] GC(4)   Pre Evacuate Collection Set: 0.1ms
[2022-10-02T09:05:01.265-0400][265.240s] GC(4)   Merge Heap Roots: 0.0ms
[2022-10-02T09:05:01.265-0400][265.240s] GC(4)   Evacuate Collection Set: 3.5ms
[2022-10-02T09:05:01.265-0400][265.240s] GC(4)   Post Evacuate Collection Set: 0.9ms
[2022-10-02T09:05:01.265-0400][265.240s] GC(4)   Other: 0.1ms
[2022-10-02T09:05:01.265-0400][265.240s] GC(4) Eden regions: 84->0(295)
[2022-10-02T09:05:01.265-0400][265.240s] GC(4) Survivor regions: 1->12(12)
[2022-10-02T09:05:01.265-0400][265.240s] GC(4) Old regions: 20->20
[2022-10-02T09:05:01.265-0400][265.240s] GC(4) Archive regions: 2->2
[2022-10-02T09:05:01.265-0400][265.240s] GC(4) Humongous regions: 6->5
[2022-10-02T09:05:01.265-0400][265.240s] GC(4) Metaspace: 35785K(36096K)->35785K(36096K) NonClass: 31716K(31872K)->31716K(31872K) Class: 4069K(4224K)->4069K(4224K)
[2022-10-02T09:05:01.265-0400][265.241s] GC(4) Pause Young (Concurrent Start) (Metadata GC Threshold) 111M->37M(512M) 5.209ms
[2022-10-02T09:05:01.265-0400][265.241s] GC(4) User=0.03s Sys=0.00s Real=0.00s
[2022-10-02T09:05:01.265-0400][265.241s] GC(5) Concurrent Mark Cycle
[2022-10-02T09:05:01.265-0400][265.241s] GC(5) Concurrent Clear Claimed Marks
[2022-10-02T09:05:01.265-0400][265.241s] GC(5) Concurrent Clear Claimed Marks 0.030ms
[2022-10-02T09:05:01.265-0400][265.241s] GC(5) Concurrent Scan Root Regions
[2022-10-02T09:05:01.268-0400][265.244s] GC(5) Concurrent Scan Root Regions 2.889ms
[2022-10-02T09:05:01.268-0400][265.244s] GC(5) Concurrent Mark
[2022-10-02T09:05:01.268-0400][265.244s] GC(5) Concurrent Mark From Roots
[2022-10-02T09:05:01.268-0400][265.244s] GC(5) Using 2 workers of 2 for marking
[2022-10-02T09:05:01.280-0400][265.256s] GC(5) Concurrent Mark From Roots 12.200ms
[2022-10-02T09:05:01.280-0400][265.256s] GC(5) Concurrent Preclean
[2022-10-02T09:05:01.280-0400][265.256s] GC(5) Concurrent Preclean 0.075ms
[2022-10-02T09:05:01.280-0400][265.256s] GC(5) Pause Remark
[2022-10-02T09:05:01.284-0400][265.259s] GC(5) Pause Remark 38M->38M(512M) 3.214ms
[2022-10-02T09:05:01.284-0400][265.260s] GC(5) User=0.01s Sys=0.00s Real=0.00s
[2022-10-02T09:05:01.284-0400][265.260s] GC(5) Concurrent Mark 15.963ms
[2022-10-02T09:05:01.284-0400][265.260s] GC(5) Concurrent Rebuild Remembered Sets
[2022-10-02T09:05:01.291-0400][265.267s] GC(5) Concurrent Rebuild Remembered Sets 7.142ms
[2022-10-02T09:05:01.291-0400][265.267s] GC(5) Pause Cleanup
[2022-10-02T09:05:01.291-0400][265.267s] GC(5) Pause Cleanup 38M->38M(512M) 0.151ms
[2022-10-02T09:05:01.291-0400][265.267s] GC(5) User=0.00s Sys=0.00s Real=0.00s
[2022-10-02T09:05:01.291-0400][265.267s] GC(5) Concurrent Cleanup for Next Mark
[2022-10-02T09:05:01.292-0400][265.268s] GC(5) Concurrent Cleanup for Next Mark 0.712ms
[2022-10-02T09:05:01.292-0400][265.268s] GC(5) Concurrent Mark Cycle 27.328ms
[2022-10-02T11:07:44.207-0400][6050.562s] Heap
[2022-10-02T11:07:44.208-0400][6050.563s]  garbage-first heap   total 524288K, used 172469K [0x00000007e0000000, 0x0000000800000000)
[2022-10-02T11:07:44.208-0400][6050.563s]   region size 1024K, 140 young (143360K), 12 survivors (12288K)
[2022-10-02T11:07:44.208-0400][6050.563s]  Metaspace       used 48309K, committed 48768K, reserved 1114112K
[2022-10-02T11:07:44.208-0400][6050.563s]   class space    used 5661K, committed 5888K, reserved 1048576K
