[2022-10-02T13:21:16.073-0400][0.008s] CardTable entry size: 512
[2022-10-02T13:21:16.073-0400][0.009s] Using G1
[2022-10-02T13:21:16.320-0400][0.255s] Version: 18+36-2087 (release)
[2022-10-02T13:21:16.320-0400][0.256s] CPUs: 8 total, 8 available
[2022-10-02T13:21:16.320-0400][0.256s] Memory: 16384M
[2022-10-02T13:21:16.320-0400][0.256s] Large Page Support: Disabled
[2022-10-02T13:21:16.320-0400][0.256s] NUMA Support: Disabled
[2022-10-02T13:21:16.320-0400][0.256s] Compressed Oops: Enabled (Zero based)
[2022-10-02T13:21:16.320-0400][0.256s] Heap Region Size: 1M
[2022-10-02T13:21:16.320-0400][0.256s] Heap Min Capacity: 512M
[2022-10-02T13:21:16.320-0400][0.256s] Heap Initial Capacity: 512M
[2022-10-02T13:21:16.320-0400][0.256s] Heap Max Capacity: 512M
[2022-10-02T13:21:16.320-0400][0.256s] Pre-touch: Enabled
[2022-10-02T13:21:16.320-0400][0.256s] Parallel Workers: 8
[2022-10-02T13:21:16.320-0400][0.256s] Concurrent Workers: 2
[2022-10-02T13:21:16.320-0400][0.256s] Concurrent Refinement Workers: 8
[2022-10-02T13:21:16.320-0400][0.256s] Periodic GC: Disabled
[2022-10-02T13:21:16.323-0400][0.259s] CDS archive(s) mapped at: [0x0000000800000000-0x0000000800ba8000-0x0000000800ba8000), size 12222464, SharedBaseAddress: 0x0000000800000000, ArchiveRelocationMode: 0.
[2022-10-02T13:21:16.323-0400][0.259s] Compressed class space mapped at: 0x0000000800c00000-0x0000000840c00000, reserved size: 1073741824
[2022-10-02T13:21:16.323-0400][0.259s] Narrow klass base: 0x0000000800000000, Narrow klass shift: 0, Narrow klass range: 0x100000000
[2022-10-02T13:21:17.442-0400][1.378s] GC(0) Pause Young (Normal) (G1 Evacuation Pause)
[2022-10-02T13:21:17.443-0400][1.378s] GC(0) Using 8 workers of 8 for evacuation
[2022-10-02T13:21:17.447-0400][1.383s] GC(0)   Pre Evacuate Collection Set: 0.2ms
[2022-10-02T13:21:17.447-0400][1.383s] GC(0)   Merge Heap Roots: 0.3ms
[2022-10-02T13:21:17.447-0400][1.383s] GC(0)   Evacuate Collection Set: 2.6ms
[2022-10-02T13:21:17.447-0400][1.383s] GC(0)   Post Evacuate Collection Set: 0.5ms
[2022-10-02T13:21:17.447-0400][1.383s] GC(0)   Other: 1.3ms
[2022-10-02T13:21:17.447-0400][1.383s] GC(0) Eden regions: 29->0(69)
[2022-10-02T13:21:17.447-0400][1.383s] GC(0) Survivor regions: 0->4(4)
[2022-10-02T13:21:17.447-0400][1.383s] GC(0) Old regions: 0->1
[2022-10-02T13:21:17.447-0400][1.383s] GC(0) Archive regions: 2->2
[2022-10-02T13:21:17.447-0400][1.383s] GC(0) Humongous regions: 0->0
[2022-10-02T13:21:17.447-0400][1.383s] GC(0) Metaspace: 9761K(10048K)->9761K(10048K) NonClass: 8626K(8768K)->8626K(8768K) Class: 1135K(1280K)->1135K(1280K)
[2022-10-02T13:21:17.447-0400][1.383s] GC(0) Pause Young (Normal) (G1 Evacuation Pause) 29M->5M(512M) 5.985ms
[2022-10-02T13:21:17.447-0400][1.383s] GC(0) User=0.01s Sys=0.00s Real=0.00s
[2022-10-02T13:21:18.432-0400][2.368s] GC(1) Pause Young (Normal) (G1 Evacuation Pause)
[2022-10-02T13:21:18.432-0400][2.368s] GC(1) Using 8 workers of 8 for evacuation
[2022-10-02T13:21:18.440-0400][2.375s] GC(1)   Pre Evacuate Collection Set: 0.1ms
[2022-10-02T13:21:18.440-0400][2.376s] GC(1)   Merge Heap Roots: 0.1ms
[2022-10-02T13:21:18.440-0400][2.376s] GC(1)   Evacuate Collection Set: 6.0ms
[2022-10-02T13:21:18.440-0400][2.376s] GC(1)   Post Evacuate Collection Set: 1.4ms
[2022-10-02T13:21:18.440-0400][2.376s] GC(1)   Other: 0.1ms
[2022-10-02T13:21:18.440-0400][2.376s] GC(1) Eden regions: 66->0(74)
[2022-10-02T13:21:18.440-0400][2.376s] GC(1) Survivor regions: 4->9(9)
[2022-10-02T13:21:18.440-0400][2.376s] GC(1) Old regions: 1->11
[2022-10-02T13:21:18.440-0400][2.376s] GC(1) Archive regions: 2->2
[2022-10-02T13:21:18.440-0400][2.376s] GC(1) Humongous regions: 4->4
[2022-10-02T13:21:18.440-0400][2.376s] GC(1) Metaspace: 18597K(18944K)->18597K(18944K) NonClass: 16452K(16640K)->16452K(16640K) Class: 2145K(2304K)->2145K(2304K)
[2022-10-02T13:21:18.440-0400][2.376s] GC(1) Pause Young (Normal) (G1 Evacuation Pause) 75M->24M(512M) 7.959ms
[2022-10-02T13:21:18.440-0400][2.376s] GC(1) User=0.03s Sys=0.00s Real=0.01s
[2022-10-02T13:21:18.617-0400][2.553s] GC(2) Pause Young (Concurrent Start) (Metadata GC Threshold)
[2022-10-02T13:21:18.617-0400][2.553s] GC(2) Using 8 workers of 8 for evacuation
[2022-10-02T13:21:18.621-0400][2.556s] GC(2)   Pre Evacuate Collection Set: 0.2ms
[2022-10-02T13:21:18.621-0400][2.556s] GC(2)   Merge Heap Roots: 0.1ms
[2022-10-02T13:21:18.621-0400][2.556s] GC(2)   Evacuate Collection Set: 2.7ms
[2022-10-02T13:21:18.621-0400][2.556s] GC(2)   Post Evacuate Collection Set: 0.6ms
[2022-10-02T13:21:18.621-0400][2.556s] GC(2)   Other: 0.0ms
[2022-10-02T13:21:18.621-0400][2.556s] GC(2) Eden regions: 11->0(107)
[2022-10-02T13:21:18.621-0400][2.556s] GC(2) Survivor regions: 9->1(11)
[2022-10-02T13:21:18.621-0400][2.556s] GC(2) Old regions: 11->20
[2022-10-02T13:21:18.621-0400][2.556s] GC(2) Archive regions: 2->2
[2022-10-02T13:21:18.621-0400][2.556s] GC(2) Humongous regions: 4->4
[2022-10-02T13:21:18.621-0400][2.556s] GC(2) Metaspace: 21219K(21504K)->21219K(21504K) NonClass: 18851K(19008K)->18851K(19008K) Class: 2367K(2496K)->2367K(2496K)
[2022-10-02T13:21:18.621-0400][2.556s] GC(2) Pause Young (Concurrent Start) (Metadata GC Threshold) 35M->25M(512M) 3.827ms
[2022-10-02T13:21:18.621-0400][2.557s] GC(2) User=0.02s Sys=0.00s Real=0.01s
[2022-10-02T13:21:18.621-0400][2.557s] GC(3) Concurrent Mark Cycle
[2022-10-02T13:21:18.621-0400][2.557s] GC(3) Concurrent Clear Claimed Marks
[2022-10-02T13:21:18.621-0400][2.557s] GC(3) Concurrent Clear Claimed Marks 0.062ms
[2022-10-02T13:21:18.621-0400][2.557s] GC(3) Concurrent Scan Root Regions
[2022-10-02T13:21:18.622-0400][2.558s] GC(3) Concurrent Scan Root Regions 1.393ms
[2022-10-02T13:21:18.622-0400][2.558s] GC(3) Concurrent Mark
[2022-10-02T13:21:18.622-0400][2.558s] GC(3) Concurrent Mark From Roots
[2022-10-02T13:21:18.622-0400][2.558s] GC(3) Using 2 workers of 2 for marking
[2022-10-02T13:21:18.630-0400][2.566s] GC(3) Concurrent Mark From Roots 7.370ms
[2022-10-02T13:21:18.630-0400][2.566s] GC(3) Concurrent Preclean
[2022-10-02T13:21:18.630-0400][2.566s] GC(3) Concurrent Preclean 0.041ms
[2022-10-02T13:21:18.630-0400][2.566s] GC(3) Pause Remark
[2022-10-02T13:21:18.631-0400][2.567s] GC(3) Pause Remark 25M->25M(512M) 1.187ms
[2022-10-02T13:21:18.631-0400][2.567s] GC(3) User=0.01s Sys=0.00s Real=0.00s
[2022-10-02T13:21:18.631-0400][2.567s] GC(3) Concurrent Mark 8.902ms
[2022-10-02T13:21:18.631-0400][2.567s] GC(3) Concurrent Rebuild Remembered Sets
[2022-10-02T13:21:18.637-0400][2.573s] GC(3) Concurrent Rebuild Remembered Sets 5.444ms
[2022-10-02T13:21:18.637-0400][2.573s] GC(3) Pause Cleanup
[2022-10-02T13:21:18.637-0400][2.573s] GC(3) Pause Cleanup 26M->26M(512M) 0.153ms
[2022-10-02T13:21:18.637-0400][2.573s] GC(3) User=0.00s Sys=0.00s Real=0.00s
[2022-10-02T13:21:18.637-0400][2.573s] GC(3) Concurrent Cleanup for Next Mark
[2022-10-02T13:21:18.638-0400][2.574s] GC(3) Concurrent Cleanup for Next Mark 0.707ms
[2022-10-02T13:21:18.638-0400][2.574s] GC(3) Concurrent Mark Cycle 17.137ms
[2022-10-02T13:21:20.530-0400][4.465s] GC(4) Pause Young (Normal) (G1 Evacuation Pause)
[2022-10-02T13:21:20.530-0400][4.465s] GC(4) Using 8 workers of 8 for evacuation
[2022-10-02T13:21:20.533-0400][4.469s] GC(4)   Pre Evacuate Collection Set: 0.1ms
[2022-10-02T13:21:20.533-0400][4.469s] GC(4)   Merge Heap Roots: 0.1ms
[2022-10-02T13:21:20.533-0400][4.469s] GC(4)   Evacuate Collection Set: 2.8ms
[2022-10-02T13:21:20.533-0400][4.469s] GC(4)   Post Evacuate Collection Set: 0.4ms
[2022-10-02T13:21:20.533-0400][4.469s] GC(4)   Other: 0.1ms
[2022-10-02T13:21:20.533-0400][4.469s] GC(4) Eden regions: 107->0(297)
[2022-10-02T13:21:20.533-0400][4.469s] GC(4) Survivor regions: 1->10(14)
[2022-10-02T13:21:20.533-0400][4.469s] GC(4) Old regions: 20->20
[2022-10-02T13:21:20.533-0400][4.469s] GC(4) Archive regions: 2->2
[2022-10-02T13:21:20.533-0400][4.469s] GC(4) Humongous regions: 7->5
[2022-10-02T13:21:20.533-0400][4.469s] GC(4) Metaspace: 34619K(35072K)->34619K(35072K) NonClass: 30610K(30848K)->30610K(30848K) Class: 4009K(4224K)->4009K(4224K)
[2022-10-02T13:21:20.533-0400][4.469s] GC(4) Pause Young (Normal) (G1 Evacuation Pause) 135M->34M(512M) 3.613ms
[2022-10-02T13:21:20.533-0400][4.469s] GC(4) User=0.03s Sys=0.00s Real=0.00s
[2022-10-02T13:21:31.308-0400][15.244s] GC(5) Pause Young (Concurrent Start) (Metadata GC Threshold)
[2022-10-02T13:21:31.309-0400][15.245s] GC(5) Using 8 workers of 8 for evacuation
[2022-10-02T13:21:31.313-0400][15.248s] GC(5)   Pre Evacuate Collection Set: 0.2ms
[2022-10-02T13:21:31.313-0400][15.248s] GC(5)   Merge Heap Roots: 0.0ms
[2022-10-02T13:21:31.313-0400][15.248s] GC(5)   Evacuate Collection Set: 2.8ms
[2022-10-02T13:21:31.313-0400][15.248s] GC(5)   Post Evacuate Collection Set: 0.7ms
[2022-10-02T13:21:31.313-0400][15.248s] GC(5)   Other: 0.1ms
[2022-10-02T13:21:31.313-0400][15.248s] GC(5) Eden regions: 7->0(297)
[2022-10-02T13:21:31.313-0400][15.248s] GC(5) Survivor regions: 10->10(39)
[2022-10-02T13:21:31.313-0400][15.248s] GC(5) Old regions: 20->20
[2022-10-02T13:21:31.313-0400][15.248s] GC(5) Archive regions: 2->2
[2022-10-02T13:21:31.313-0400][15.249s] GC(5) Humongous regions: 5->5
[2022-10-02T13:21:31.313-0400][15.249s] GC(5) Metaspace: 35758K(36160K)->35758K(36160K) NonClass: 31616K(31808K)->31616K(31808K) Class: 4142K(4352K)->4142K(4352K)
[2022-10-02T13:21:31.313-0400][15.249s] GC(5) Pause Young (Concurrent Start) (Metadata GC Threshold) 41M->34M(512M) 4.550ms
[2022-10-02T13:21:31.313-0400][15.249s] GC(5) User=0.01s Sys=0.00s Real=0.01s
[2022-10-02T13:21:31.313-0400][15.249s] GC(6) Concurrent Mark Cycle
[2022-10-02T13:21:31.313-0400][15.249s] GC(6) Concurrent Clear Claimed Marks
[2022-10-02T13:21:31.313-0400][15.249s] GC(6) Concurrent Clear Claimed Marks 0.046ms
[2022-10-02T13:21:31.313-0400][15.249s] GC(6) Concurrent Scan Root Regions
[2022-10-02T13:21:31.316-0400][15.252s] GC(6) Concurrent Scan Root Regions 2.962ms
[2022-10-02T13:21:31.316-0400][15.252s] GC(6) Concurrent Mark
[2022-10-02T13:21:31.316-0400][15.252s] GC(6) Concurrent Mark From Roots
[2022-10-02T13:21:31.316-0400][15.252s] GC(6) Using 2 workers of 2 for marking
[2022-10-02T13:21:31.329-0400][15.265s] GC(6) Concurrent Mark From Roots 13.017ms
[2022-10-02T13:21:31.329-0400][15.265s] GC(6) Concurrent Preclean
[2022-10-02T13:21:31.329-0400][15.265s] GC(6) Concurrent Preclean 0.066ms
[2022-10-02T13:21:31.329-0400][15.265s] GC(6) Pause Remark
[2022-10-02T13:21:31.333-0400][15.269s] GC(6) Pause Remark 35M->35M(512M) 3.765ms
[2022-10-02T13:21:31.333-0400][15.269s] GC(6) User=0.01s Sys=0.01s Real=0.01s
[2022-10-02T13:21:31.334-0400][15.269s] GC(6) Concurrent Mark 17.509ms
[2022-10-02T13:21:31.334-0400][15.269s] GC(6) Concurrent Rebuild Remembered Sets
[2022-10-02T13:21:31.342-0400][15.277s] GC(6) Concurrent Rebuild Remembered Sets 8.044ms
[2022-10-02T13:21:31.342-0400][15.278s] GC(6) Pause Cleanup
[2022-10-02T13:21:31.342-0400][15.278s] GC(6) Pause Cleanup 37M->37M(512M) 0.096ms
[2022-10-02T13:21:31.342-0400][15.278s] GC(6) User=0.00s Sys=0.00s Real=0.00s
[2022-10-02T13:21:31.342-0400][15.278s] GC(6) Concurrent Cleanup for Next Mark
[2022-10-02T13:21:31.343-0400][15.279s] GC(6) Concurrent Cleanup for Next Mark 0.832ms
[2022-10-02T13:21:31.343-0400][15.279s] GC(6) Concurrent Mark Cycle 29.962ms
