[2022-10-02T13:27:36.936-0400][0.008s] CardTable entry size: 512
[2022-10-02T13:27:36.937-0400][0.008s] Using G1
[2022-10-02T13:27:37.157-0400][0.228s] Version: 18+36-2087 (release)
[2022-10-02T13:27:37.157-0400][0.228s] CPUs: 8 total, 8 available
[2022-10-02T13:27:37.157-0400][0.228s] Memory: 16384M
[2022-10-02T13:27:37.157-0400][0.228s] Large Page Support: Disabled
[2022-10-02T13:27:37.157-0400][0.228s] NUMA Support: Disabled
[2022-10-02T13:27:37.157-0400][0.229s] Compressed Oops: Enabled (Zero based)
[2022-10-02T13:27:37.157-0400][0.229s] Heap Region Size: 1M
[2022-10-02T13:27:37.157-0400][0.229s] Heap Min Capacity: 512M
[2022-10-02T13:27:37.157-0400][0.229s] Heap Initial Capacity: 512M
[2022-10-02T13:27:37.157-0400][0.229s] Heap Max Capacity: 512M
[2022-10-02T13:27:37.157-0400][0.229s] Pre-touch: Enabled
[2022-10-02T13:27:37.157-0400][0.229s] Parallel Workers: 8
[2022-10-02T13:27:37.157-0400][0.229s] Concurrent Workers: 2
[2022-10-02T13:27:37.157-0400][0.229s] Concurrent Refinement Workers: 8
[2022-10-02T13:27:37.157-0400][0.229s] Periodic GC: Disabled
[2022-10-02T13:27:37.158-0400][0.229s] CDS archive(s) mapped at: [0x0000000800000000-0x0000000800ba8000-0x0000000800ba8000), size 12222464, SharedBaseAddress: 0x0000000800000000, ArchiveRelocationMode: 0.
[2022-10-02T13:27:37.158-0400][0.229s] Compressed class space mapped at: 0x0000000800c00000-0x0000000840c00000, reserved size: 1073741824
[2022-10-02T13:27:37.158-0400][0.229s] Narrow klass base: 0x0000000800000000, Narrow klass shift: 0, Narrow klass range: 0x100000000
[2022-10-02T13:27:37.773-0400][0.844s] GC(0) Pause Young (Normal) (G1 Evacuation Pause)
[2022-10-02T13:27:37.773-0400][0.845s] GC(0) Using 8 workers of 8 for evacuation
[2022-10-02T13:27:37.776-0400][0.848s] GC(0)   Pre Evacuate Collection Set: 0.1ms
[2022-10-02T13:27:37.776-0400][0.848s] GC(0)   Merge Heap Roots: 0.1ms
[2022-10-02T13:27:37.776-0400][0.848s] GC(0)   Evacuate Collection Set: 2.0ms
[2022-10-02T13:27:37.776-0400][0.848s] GC(0)   Post Evacuate Collection Set: 0.6ms
[2022-10-02T13:27:37.776-0400][0.848s] GC(0)   Other: 0.6ms
[2022-10-02T13:27:37.776-0400][0.848s] GC(0) Eden regions: 29->0(70)
[2022-10-02T13:27:37.776-0400][0.848s] GC(0) Survivor regions: 0->4(4)
[2022-10-02T13:27:37.776-0400][0.848s] GC(0) Old regions: 0->1
[2022-10-02T13:27:37.776-0400][0.848s] GC(0) Archive regions: 2->2
[2022-10-02T13:27:37.776-0400][0.848s] GC(0) Humongous regions: 0->0
[2022-10-02T13:27:37.776-0400][0.848s] GC(0) Metaspace: 9766K(10048K)->9766K(10048K) NonClass: 8631K(8768K)->8631K(8768K) Class: 1135K(1280K)->1135K(1280K)
[2022-10-02T13:27:37.776-0400][0.848s] GC(0) Pause Young (Normal) (G1 Evacuation Pause) 29M->5M(512M) 3.679ms
[2022-10-02T13:27:37.776-0400][0.848s] GC(0) User=0.02s Sys=0.00s Real=0.00s
[2022-10-02T13:27:38.390-0400][1.461s] GC(1) Pause Young (Normal) (G1 Evacuation Pause)
[2022-10-02T13:27:38.390-0400][1.461s] GC(1) Using 8 workers of 8 for evacuation
[2022-10-02T13:27:38.397-0400][1.468s] GC(1)   Pre Evacuate Collection Set: 0.1ms
[2022-10-02T13:27:38.397-0400][1.468s] GC(1)   Merge Heap Roots: 0.0ms
[2022-10-02T13:27:38.397-0400][1.468s] GC(1)   Evacuate Collection Set: 5.3ms
[2022-10-02T13:27:38.397-0400][1.468s] GC(1)   Post Evacuate Collection Set: 1.2ms
[2022-10-02T13:27:38.397-0400][1.468s] GC(1)   Other: 0.2ms
[2022-10-02T13:27:38.397-0400][1.468s] GC(1) Eden regions: 66->0(73)
[2022-10-02T13:27:38.397-0400][1.468s] GC(1) Survivor regions: 4->9(9)
[2022-10-02T13:27:38.397-0400][1.468s] GC(1) Old regions: 1->11
[2022-10-02T13:27:38.397-0400][1.468s] GC(1) Archive regions: 2->2
[2022-10-02T13:27:38.397-0400][1.468s] GC(1) Humongous regions: 4->4
[2022-10-02T13:27:38.397-0400][1.468s] GC(1) Metaspace: 18572K(18944K)->18572K(18944K) NonClass: 16427K(16640K)->16427K(16640K) Class: 2145K(2304K)->2145K(2304K)
[2022-10-02T13:27:38.397-0400][1.468s] GC(1) Pause Young (Normal) (G1 Evacuation Pause) 75M->23M(512M) 7.094ms
[2022-10-02T13:27:38.397-0400][1.468s] GC(1) User=0.04s Sys=0.00s Real=0.00s
[2022-10-02T13:27:38.496-0400][1.567s] GC(2) Pause Young (Concurrent Start) (Metadata GC Threshold)
[2022-10-02T13:27:38.496-0400][1.567s] GC(2) Using 8 workers of 8 for evacuation
[2022-10-02T13:27:38.500-0400][1.571s] GC(2)   Pre Evacuate Collection Set: 0.2ms
[2022-10-02T13:27:38.500-0400][1.571s] GC(2)   Merge Heap Roots: 0.1ms
[2022-10-02T13:27:38.500-0400][1.571s] GC(2)   Evacuate Collection Set: 3.0ms
[2022-10-02T13:27:38.500-0400][1.571s] GC(2)   Post Evacuate Collection Set: 0.5ms
[2022-10-02T13:27:38.500-0400][1.571s] GC(2)   Other: 0.0ms
[2022-10-02T13:27:38.500-0400][1.571s] GC(2) Eden regions: 12->0(106)
[2022-10-02T13:27:38.500-0400][1.571s] GC(2) Survivor regions: 9->1(11)
[2022-10-02T13:27:38.500-0400][1.571s] GC(2) Old regions: 11->20
[2022-10-02T13:27:38.500-0400][1.571s] GC(2) Archive regions: 2->2
[2022-10-02T13:27:38.500-0400][1.571s] GC(2) Humongous regions: 4->4
[2022-10-02T13:27:38.500-0400][1.571s] GC(2) Metaspace: 21194K(21504K)->21194K(21504K) NonClass: 18828K(19008K)->18828K(19008K) Class: 2366K(2496K)->2366K(2496K)
[2022-10-02T13:27:38.500-0400][1.571s] GC(2) Pause Young (Concurrent Start) (Metadata GC Threshold) 35M->25M(512M) 4.230ms
[2022-10-02T13:27:38.500-0400][1.571s] GC(2) User=0.02s Sys=0.00s Real=0.01s
[2022-10-02T13:27:38.500-0400][1.571s] GC(3) Concurrent Mark Cycle
[2022-10-02T13:27:38.500-0400][1.571s] GC(3) Concurrent Clear Claimed Marks
[2022-10-02T13:27:38.500-0400][1.571s] GC(3) Concurrent Clear Claimed Marks 0.041ms
[2022-10-02T13:27:38.500-0400][1.571s] GC(3) Concurrent Scan Root Regions
[2022-10-02T13:27:38.501-0400][1.573s] GC(3) Concurrent Scan Root Regions 1.425ms
[2022-10-02T13:27:38.501-0400][1.573s] GC(3) Concurrent Mark
[2022-10-02T13:27:38.501-0400][1.573s] GC(3) Concurrent Mark From Roots
[2022-10-02T13:27:38.501-0400][1.573s] GC(3) Using 2 workers of 2 for marking
[2022-10-02T13:27:38.508-0400][1.580s] GC(3) Concurrent Mark From Roots 7.041ms
[2022-10-02T13:27:38.509-0400][1.580s] GC(3) Concurrent Preclean
[2022-10-02T13:27:38.509-0400][1.580s] GC(3) Concurrent Preclean 0.017ms
[2022-10-02T13:27:38.509-0400][1.580s] GC(3) Pause Remark
[2022-10-02T13:27:38.510-0400][1.582s] GC(3) Pause Remark 27M->27M(512M) 1.400ms
[2022-10-02T13:27:38.511-0400][1.582s] GC(3) User=0.01s Sys=0.00s Real=0.01s
[2022-10-02T13:27:38.511-0400][1.582s] GC(3) Concurrent Mark 9.250ms
[2022-10-02T13:27:38.511-0400][1.582s] GC(3) Concurrent Rebuild Remembered Sets
[2022-10-02T13:27:38.516-0400][1.587s] GC(3) Concurrent Rebuild Remembered Sets 4.851ms
[2022-10-02T13:27:38.516-0400][1.587s] GC(3) Pause Cleanup
[2022-10-02T13:27:38.516-0400][1.588s] GC(3) Pause Cleanup 27M->27M(512M) 0.156ms
[2022-10-02T13:27:38.516-0400][1.588s] GC(3) User=0.00s Sys=0.00s Real=0.00s
[2022-10-02T13:27:38.516-0400][1.588s] GC(3) Concurrent Cleanup for Next Mark
[2022-10-02T13:27:38.517-0400][1.588s] GC(3) Concurrent Cleanup for Next Mark 0.766ms
[2022-10-02T13:27:38.517-0400][1.588s] GC(3) Concurrent Mark Cycle 17.241ms
[2022-10-02T13:27:40.211-0400][3.282s] GC(4) Pause Young (Prepare Mixed) (G1 Evacuation Pause)
[2022-10-02T13:27:40.211-0400][3.283s] GC(4) Using 8 workers of 8 for evacuation
[2022-10-02T13:27:40.216-0400][3.287s] GC(4)   Pre Evacuate Collection Set: 0.1ms
[2022-10-02T13:27:40.216-0400][3.287s] GC(4)   Merge Heap Roots: 0.1ms
[2022-10-02T13:27:40.216-0400][3.287s] GC(4)   Evacuate Collection Set: 3.6ms
[2022-10-02T13:27:40.216-0400][3.287s] GC(4)   Post Evacuate Collection Set: 0.7ms
[2022-10-02T13:27:40.216-0400][3.287s] GC(4)   Other: 0.1ms
[2022-10-02T13:27:40.216-0400][3.287s] GC(4) Eden regions: 106->0(14)
[2022-10-02T13:27:40.216-0400][3.287s] GC(4) Survivor regions: 1->11(14)
[2022-10-02T13:27:40.216-0400][3.287s] GC(4) Old regions: 20->20
[2022-10-02T13:27:40.216-0400][3.287s] GC(4) Archive regions: 2->2
[2022-10-02T13:27:40.216-0400][3.287s] GC(4) Humongous regions: 7->5
[2022-10-02T13:27:40.216-0400][3.287s] GC(4) Metaspace: 35844K(36288K)->35844K(36288K) NonClass: 31688K(31936K)->31688K(31936K) Class: 4155K(4352K)->4155K(4352K)
[2022-10-02T13:27:40.216-0400][3.287s] GC(4) Pause Young (Prepare Mixed) (G1 Evacuation Pause) 134M->36M(512M) 4.787ms
[2022-10-02T13:27:40.216-0400][3.287s] GC(4) User=0.03s Sys=0.00s Real=0.00s
[2022-10-02T13:27:40.230-0400][3.302s] GC(5) Pause Young (Mixed) (Metadata GC Threshold)
[2022-10-02T13:27:40.230-0400][3.302s] GC(5) Using 8 workers of 8 for evacuation
[2022-10-02T13:27:40.234-0400][3.305s] GC(5)   Pre Evacuate Collection Set: 0.1ms
[2022-10-02T13:27:40.234-0400][3.305s] GC(5)   Merge Heap Roots: 0.0ms
[2022-10-02T13:27:40.234-0400][3.305s] GC(5)   Evacuate Collection Set: 2.4ms
[2022-10-02T13:27:40.234-0400][3.305s] GC(5)   Post Evacuate Collection Set: 0.4ms
[2022-10-02T13:27:40.234-0400][3.305s] GC(5)   Other: 0.1ms
[2022-10-02T13:27:40.234-0400][3.305s] GC(5) Eden regions: 1->0(306)
[2022-10-02T13:27:40.234-0400][3.305s] GC(5) Survivor regions: 11->1(4)
[2022-10-02T13:27:40.234-0400][3.305s] GC(5) Old regions: 20->30
[2022-10-02T13:27:40.234-0400][3.305s] GC(5) Archive regions: 2->2
[2022-10-02T13:27:40.234-0400][3.305s] GC(5) Humongous regions: 5->5
[2022-10-02T13:27:40.234-0400][3.305s] GC(5) Metaspace: 36100K(36416K)->36100K(36416K) NonClass: 31914K(32064K)->31914K(32064K) Class: 4186K(4352K)->4186K(4352K)
[2022-10-02T13:27:40.234-0400][3.305s] GC(5) Pause Young (Mixed) (Metadata GC Threshold) 37M->36M(512M) 3.339ms
[2022-10-02T13:27:40.234-0400][3.305s] GC(5) User=0.02s Sys=0.00s Real=0.00s
[2022-10-02T13:27:40.249-0400][3.320s] GC(6) Pause Young (Concurrent Start) (Metadata GC Threshold)
[2022-10-02T13:27:40.249-0400][3.320s] GC(6) Using 8 workers of 8 for evacuation
[2022-10-02T13:27:40.250-0400][3.321s] GC(6)   Pre Evacuate Collection Set: 0.2ms
[2022-10-02T13:27:40.250-0400][3.322s] GC(6)   Merge Heap Roots: 0.0ms
[2022-10-02T13:27:40.250-0400][3.322s] GC(6)   Evacuate Collection Set: 0.5ms
[2022-10-02T13:27:40.250-0400][3.322s] GC(6)   Post Evacuate Collection Set: 0.3ms
[2022-10-02T13:27:40.250-0400][3.322s] GC(6)   Other: 0.1ms
[2022-10-02T13:27:40.250-0400][3.322s] GC(6) Eden regions: 2->0(306)
[2022-10-02T13:27:40.250-0400][3.322s] GC(6) Survivor regions: 1->1(39)
[2022-10-02T13:27:40.250-0400][3.322s] GC(6) Old regions: 30->30
[2022-10-02T13:27:40.250-0400][3.322s] GC(6) Archive regions: 2->2
[2022-10-02T13:27:40.250-0400][3.322s] GC(6) Humongous regions: 5->5
[2022-10-02T13:27:40.250-0400][3.322s] GC(6) Metaspace: 36341K(36736K)->36341K(36736K) NonClass: 32126K(32320K)->32126K(32320K) Class: 4215K(4416K)->4215K(4416K)
[2022-10-02T13:27:40.250-0400][3.322s] GC(6) Pause Young (Concurrent Start) (Metadata GC Threshold) 37M->35M(512M) 1.442ms
[2022-10-02T13:27:40.250-0400][3.322s] GC(6) User=0.01s Sys=0.00s Real=0.01s
[2022-10-02T13:27:40.250-0400][3.322s] GC(7) Concurrent Mark Cycle
[2022-10-02T13:27:40.250-0400][3.322s] GC(7) Concurrent Clear Claimed Marks
[2022-10-02T13:27:40.250-0400][3.322s] GC(7) Concurrent Clear Claimed Marks 0.012ms
[2022-10-02T13:27:40.250-0400][3.322s] GC(7) Concurrent Scan Root Regions
[2022-10-02T13:27:40.251-0400][3.322s] GC(7) Concurrent Scan Root Regions 0.558ms
[2022-10-02T13:27:40.251-0400][3.322s] GC(7) Concurrent Mark
[2022-10-02T13:27:40.251-0400][3.322s] GC(7) Concurrent Mark From Roots
[2022-10-02T13:27:40.251-0400][3.322s] GC(7) Using 2 workers of 2 for marking
[2022-10-02T13:27:40.270-0400][3.341s] GC(7) Concurrent Mark From Roots 18.552ms
[2022-10-02T13:27:40.270-0400][3.341s] GC(7) Concurrent Preclean
[2022-10-02T13:27:40.270-0400][3.341s] GC(7) Concurrent Preclean 0.075ms
[2022-10-02T13:27:40.270-0400][3.341s] GC(7) Pause Remark
[2022-10-02T13:27:40.271-0400][3.343s] GC(7) Pause Remark 37M->37M(512M) 1.635ms
[2022-10-02T13:27:40.271-0400][3.343s] GC(7) User=0.01s Sys=0.00s Real=0.00s
[2022-10-02T13:27:40.272-0400][3.343s] GC(7) Concurrent Mark 20.739ms
[2022-10-02T13:27:40.272-0400][3.343s] GC(7) Concurrent Rebuild Remembered Sets
[2022-10-02T13:27:40.281-0400][3.352s] GC(7) Concurrent Rebuild Remembered Sets 9.153ms
[2022-10-02T13:27:40.281-0400][3.352s] GC(7) Pause Cleanup
[2022-10-02T13:27:40.281-0400][3.353s] GC(7) Pause Cleanup 37M->37M(512M) 0.111ms
[2022-10-02T13:27:40.281-0400][3.353s] GC(7) User=0.00s Sys=0.00s Real=0.00s
[2022-10-02T13:27:40.281-0400][3.353s] GC(7) Concurrent Cleanup for Next Mark
[2022-10-02T13:27:40.282-0400][3.353s] GC(7) Concurrent Cleanup for Next Mark 0.791ms
[2022-10-02T13:27:40.282-0400][3.353s] GC(7) Concurrent Mark Cycle 31.754ms
[2022-10-02T13:29:40.274-0400][123.345s] Heap
[2022-10-02T13:29:40.274-0400][123.346s]  garbage-first heap   total 524288K, used 59683K [0x00000007e0000000, 0x0000000800000000)
[2022-10-02T13:29:40.274-0400][123.346s]   region size 1024K, 24 young (24576K), 1 survivors (1024K)
[2022-10-02T13:29:40.274-0400][123.346s]  Metaspace       used 39626K, committed 40128K, reserved 1114112K
[2022-10-02T13:29:40.274-0400][123.346s]   class space    used 4627K, committed 4864K, reserved 1048576K
