[2022-10-03T10:07:29.746-0400][0.008s] CardTable entry size: 512
[2022-10-03T10:07:29.746-0400][0.008s] Using G1
[2022-10-03T10:07:29.958-0400][0.221s] Version: 18+36-2087 (release)
[2022-10-03T10:07:29.958-0400][0.221s] CPUs: 8 total, 8 available
[2022-10-03T10:07:29.958-0400][0.221s] Memory: 16384M
[2022-10-03T10:07:29.958-0400][0.221s] Large Page Support: Disabled
[2022-10-03T10:07:29.958-0400][0.221s] NUMA Support: Disabled
[2022-10-03T10:07:29.958-0400][0.221s] Compressed Oops: Enabled (Zero based)
[2022-10-03T10:07:29.958-0400][0.221s] Heap Region Size: 1M
[2022-10-03T10:07:29.958-0400][0.221s] Heap Min Capacity: 512M
[2022-10-03T10:07:29.958-0400][0.221s] Heap Initial Capacity: 512M
[2022-10-03T10:07:29.958-0400][0.221s] Heap Max Capacity: 512M
[2022-10-03T10:07:29.958-0400][0.221s] Pre-touch: Enabled
[2022-10-03T10:07:29.958-0400][0.221s] Parallel Workers: 8
[2022-10-03T10:07:29.958-0400][0.221s] Concurrent Workers: 2
[2022-10-03T10:07:29.958-0400][0.221s] Concurrent Refinement Workers: 8
[2022-10-03T10:07:29.958-0400][0.221s] Periodic GC: Disabled
[2022-10-03T10:07:29.959-0400][0.221s] CDS archive(s) mapped at: [0x0000000800000000-0x0000000800ba8000-0x0000000800ba8000), size 12222464, SharedBaseAddress: 0x0000000800000000, ArchiveRelocationMode: 0.
[2022-10-03T10:07:29.959-0400][0.221s] Compressed class space mapped at: 0x0000000800c00000-0x0000000840c00000, reserved size: 1073741824
[2022-10-03T10:07:29.959-0400][0.221s] Narrow klass base: 0x0000000800000000, Narrow klass shift: 0, Narrow klass range: 0x100000000
[2022-10-03T10:07:30.641-0400][0.903s] GC(0) Pause Young (Normal) (G1 Evacuation Pause)
[2022-10-03T10:07:30.641-0400][0.904s] GC(0) Using 8 workers of 8 for evacuation
[2022-10-03T10:07:30.644-0400][0.907s] GC(0)   Pre Evacuate Collection Set: 0.2ms
[2022-10-03T10:07:30.644-0400][0.907s] GC(0)   Merge Heap Roots: 0.1ms
[2022-10-03T10:07:30.644-0400][0.907s] GC(0)   Evacuate Collection Set: 2.1ms
[2022-10-03T10:07:30.644-0400][0.907s] GC(0)   Post Evacuate Collection Set: 0.5ms
[2022-10-03T10:07:30.644-0400][0.907s] GC(0)   Other: 0.7ms
[2022-10-03T10:07:30.645-0400][0.907s] GC(0) Eden regions: 29->0(71)
[2022-10-03T10:07:30.645-0400][0.907s] GC(0) Survivor regions: 0->4(4)
[2022-10-03T10:07:30.645-0400][0.907s] GC(0) Old regions: 0->1
[2022-10-03T10:07:30.645-0400][0.907s] GC(0) Archive regions: 2->2
[2022-10-03T10:07:30.645-0400][0.907s] GC(0) Humongous regions: 0->0
[2022-10-03T10:07:30.645-0400][0.907s] GC(0) Metaspace: 9666K(9920K)->9666K(9920K) NonClass: 8553K(8704K)->8553K(8704K) Class: 1112K(1216K)->1112K(1216K)
[2022-10-03T10:07:30.645-0400][0.907s] GC(0) Pause Young (Normal) (G1 Evacuation Pause) 29M->5M(512M) 3.921ms
[2022-10-03T10:07:30.645-0400][0.907s] GC(0) User=0.02s Sys=0.00s Real=0.00s
[2022-10-03T10:07:31.388-0400][1.650s] GC(1) Pause Young (Normal) (G1 Evacuation Pause)
[2022-10-03T10:07:31.388-0400][1.650s] GC(1) Using 8 workers of 8 for evacuation
[2022-10-03T10:07:31.395-0400][1.658s] GC(1)   Pre Evacuate Collection Set: 0.1ms
[2022-10-03T10:07:31.395-0400][1.658s] GC(1)   Merge Heap Roots: 0.1ms
[2022-10-03T10:07:31.395-0400][1.658s] GC(1)   Evacuate Collection Set: 5.7ms
[2022-10-03T10:07:31.395-0400][1.658s] GC(1)   Post Evacuate Collection Set: 1.1ms
[2022-10-03T10:07:31.395-0400][1.658s] GC(1)   Other: 0.1ms
[2022-10-03T10:07:31.395-0400][1.658s] GC(1) Eden regions: 68->0(113)
[2022-10-03T10:07:31.395-0400][1.658s] GC(1) Survivor regions: 4->9(9)
[2022-10-03T10:07:31.395-0400][1.658s] GC(1) Old regions: 1->11
[2022-10-03T10:07:31.395-0400][1.658s] GC(1) Archive regions: 2->2
[2022-10-03T10:07:31.395-0400][1.658s] GC(1) Humongous regions: 4->4
[2022-10-03T10:07:31.395-0400][1.658s] GC(1) Metaspace: 18585K(18944K)->18585K(18944K) NonClass: 16437K(16640K)->16437K(16640K) Class: 2148K(2304K)->2148K(2304K)
[2022-10-03T10:07:31.395-0400][1.658s] GC(1) Pause Young (Normal) (G1 Evacuation Pause) 77M->24M(512M) 7.393ms
[2022-10-03T10:07:31.395-0400][1.658s] GC(1) User=0.04s Sys=0.00s Real=0.01s
[2022-10-03T10:07:31.655-0400][1.917s] GC(2) Pause Young (Concurrent Start) (Metadata GC Threshold)
[2022-10-03T10:07:31.655-0400][1.917s] GC(2) Using 8 workers of 8 for evacuation
[2022-10-03T10:07:31.659-0400][1.922s] GC(2)   Pre Evacuate Collection Set: 0.2ms
[2022-10-03T10:07:31.659-0400][1.922s] GC(2)   Merge Heap Roots: 0.1ms
[2022-10-03T10:07:31.659-0400][1.922s] GC(2)   Evacuate Collection Set: 3.4ms
[2022-10-03T10:07:31.659-0400][1.922s] GC(2)   Post Evacuate Collection Set: 0.5ms
[2022-10-03T10:07:31.659-0400][1.922s] GC(2)   Other: 0.1ms
[2022-10-03T10:07:31.659-0400][1.922s] GC(2) Eden regions: 11->0(226)
[2022-10-03T10:07:31.659-0400][1.922s] GC(2) Survivor regions: 9->8(16)
[2022-10-03T10:07:31.659-0400][1.922s] GC(2) Old regions: 11->13
[2022-10-03T10:07:31.659-0400][1.922s] GC(2) Archive regions: 2->2
[2022-10-03T10:07:31.659-0400][1.922s] GC(2) Humongous regions: 4->4
[2022-10-03T10:07:31.659-0400][1.922s] GC(2) Metaspace: 21186K(21504K)->21186K(21504K) NonClass: 18819K(19008K)->18819K(19008K) Class: 2366K(2496K)->2366K(2496K)
[2022-10-03T10:07:31.659-0400][1.922s] GC(2) Pause Young (Concurrent Start) (Metadata GC Threshold) 34M->25M(512M) 4.695ms
[2022-10-03T10:07:31.659-0400][1.922s] GC(2) User=0.02s Sys=0.00s Real=0.00s
[2022-10-03T10:07:31.660-0400][1.922s] GC(3) Concurrent Mark Cycle
[2022-10-03T10:07:31.660-0400][1.922s] GC(3) Concurrent Clear Claimed Marks
[2022-10-03T10:07:31.660-0400][1.922s] GC(3) Concurrent Clear Claimed Marks 0.035ms
[2022-10-03T10:07:31.660-0400][1.922s] GC(3) Concurrent Scan Root Regions
[2022-10-03T10:07:31.662-0400][1.925s] GC(3) Concurrent Scan Root Regions 2.705ms
[2022-10-03T10:07:31.663-0400][1.925s] GC(3) Concurrent Mark
[2022-10-03T10:07:31.663-0400][1.925s] GC(3) Concurrent Mark From Roots
[2022-10-03T10:07:31.663-0400][1.925s] GC(3) Using 2 workers of 2 for marking
[2022-10-03T10:07:31.675-0400][1.938s] GC(3) Concurrent Mark From Roots 12.815ms
[2022-10-03T10:07:31.675-0400][1.938s] GC(3) Concurrent Preclean
[2022-10-03T10:07:31.676-0400][1.938s] GC(3) Concurrent Preclean 0.029ms
[2022-10-03T10:07:31.676-0400][1.938s] GC(3) Pause Remark
[2022-10-03T10:07:31.678-0400][1.940s] GC(3) Pause Remark 26M->26M(512M) 1.772ms
[2022-10-03T10:07:31.678-0400][1.940s] GC(3) User=0.00s Sys=0.00s Real=0.00s
[2022-10-03T10:07:31.678-0400][1.940s] GC(3) Concurrent Mark 15.194ms
[2022-10-03T10:07:31.678-0400][1.940s] GC(3) Concurrent Rebuild Remembered Sets
[2022-10-03T10:07:31.686-0400][1.948s] GC(3) Concurrent Rebuild Remembered Sets 7.835ms
[2022-10-03T10:07:31.686-0400][1.949s] GC(3) Pause Cleanup
[2022-10-03T10:07:31.686-0400][1.949s] GC(3) Pause Cleanup 26M->26M(512M) 0.183ms
[2022-10-03T10:07:31.686-0400][1.949s] GC(3) User=0.00s Sys=0.00s Real=0.00s
[2022-10-03T10:07:31.686-0400][1.949s] GC(3) Concurrent Cleanup for Next Mark
[2022-10-03T10:07:31.687-0400][1.950s] GC(3) Concurrent Cleanup for Next Mark 0.699ms
[2022-10-03T10:07:31.687-0400][1.950s] GC(3) Concurrent Mark Cycle 27.556ms
[2022-10-03T10:07:33.314-0400][3.577s] GC(4) Pause Young (Prepare Mixed) (Metadata GC Threshold)
[2022-10-03T10:07:33.314-0400][3.577s] GC(4) Using 8 workers of 8 for evacuation
[2022-10-03T10:07:33.320-0400][3.582s] GC(4)   Pre Evacuate Collection Set: 0.1ms
[2022-10-03T10:07:33.320-0400][3.582s] GC(4)   Merge Heap Roots: 0.1ms
[2022-10-03T10:07:33.320-0400][3.582s] GC(4)   Evacuate Collection Set: 4.7ms
[2022-10-03T10:07:33.320-0400][3.582s] GC(4)   Post Evacuate Collection Set: 0.7ms
[2022-10-03T10:07:33.320-0400][3.582s] GC(4)   Other: 0.1ms
[2022-10-03T10:07:33.320-0400][3.583s] GC(4) Eden regions: 88->0(8)
[2022-10-03T10:07:33.320-0400][3.583s] GC(4) Survivor regions: 8->17(30)
[2022-10-03T10:07:33.320-0400][3.583s] GC(4) Old regions: 13->13
[2022-10-03T10:07:33.320-0400][3.583s] GC(4) Archive regions: 2->2
[2022-10-03T10:07:33.320-0400][3.583s] GC(4) Humongous regions: 7->5
[2022-10-03T10:07:33.320-0400][3.583s] GC(4) Metaspace: 35890K(36288K)->35890K(36288K) NonClass: 31730K(31936K)->31730K(31936K) Class: 4159K(4352K)->4159K(4352K)
[2022-10-03T10:07:33.320-0400][3.583s] GC(4) Pause Young (Prepare Mixed) (Metadata GC Threshold) 116M->35M(512M) 5.856ms
[2022-10-03T10:07:33.320-0400][3.583s] GC(4) User=0.03s Sys=0.00s Real=0.01s
[2022-10-03T10:07:33.354-0400][3.616s] GC(5) Pause Young (Mixed) (Metadata GC Threshold)
[2022-10-03T10:07:33.354-0400][3.617s] GC(5) Using 8 workers of 8 for evacuation
[2022-10-03T10:07:33.360-0400][3.622s] GC(5)   Pre Evacuate Collection Set: 0.1ms
[2022-10-03T10:07:33.360-0400][3.622s] GC(5)   Merge Heap Roots: 0.1ms
[2022-10-03T10:07:33.360-0400][3.622s] GC(5)   Evacuate Collection Set: 4.7ms
[2022-10-03T10:07:33.360-0400][3.622s] GC(5)   Post Evacuate Collection Set: 0.6ms
[2022-10-03T10:07:33.360-0400][3.622s] GC(5)   Other: 0.1ms
[2022-10-03T10:07:33.360-0400][3.622s] GC(5) Eden regions: 3->0(305)
[2022-10-03T10:07:33.360-0400][3.622s] GC(5) Survivor regions: 17->2(4)
[2022-10-03T10:07:33.360-0400][3.622s] GC(5) Old regions: 13->29
[2022-10-03T10:07:33.360-0400][3.622s] GC(5) Archive regions: 2->2
[2022-10-03T10:07:33.360-0400][3.622s] GC(5) Humongous regions: 5->5
[2022-10-03T10:07:33.360-0400][3.622s] GC(5) Metaspace: 36241K(36608K)->36241K(36608K) NonClass: 32034K(32192K)->32034K(32192K) Class: 4206K(4416K)->4206K(4416K)
[2022-10-03T10:07:33.360-0400][3.622s] GC(5) Pause Young (Mixed) (Metadata GC Threshold) 37M->35M(512M) 5.870ms
[2022-10-03T10:07:33.360-0400][3.622s] GC(5) User=0.03s Sys=0.00s Real=0.01s
[2022-10-03T10:07:33.408-0400][3.670s] GC(6) Pause Young (Concurrent Start) (Metadata GC Threshold)
[2022-10-03T10:07:33.408-0400][3.670s] GC(6) Using 8 workers of 8 for evacuation
[2022-10-03T10:07:33.409-0400][3.672s] GC(6)   Pre Evacuate Collection Set: 0.2ms
[2022-10-03T10:07:33.409-0400][3.672s] GC(6)   Merge Heap Roots: 0.1ms
[2022-10-03T10:07:33.409-0400][3.672s] GC(6)   Evacuate Collection Set: 0.5ms
[2022-10-03T10:07:33.409-0400][3.672s] GC(6)   Post Evacuate Collection Set: 0.3ms
[2022-10-03T10:07:33.409-0400][3.672s] GC(6)   Other: 0.1ms
[2022-10-03T10:07:33.409-0400][3.672s] GC(6) Eden regions: 3->0(306)
[2022-10-03T10:07:33.409-0400][3.672s] GC(6) Survivor regions: 2->1(39)
[2022-10-03T10:07:33.409-0400][3.672s] GC(6) Old regions: 29->29
[2022-10-03T10:07:33.409-0400][3.672s] GC(6) Archive regions: 2->2
[2022-10-03T10:07:33.409-0400][3.672s] GC(6) Humongous regions: 5->5
[2022-10-03T10:07:33.409-0400][3.672s] GC(6) Metaspace: 36600K(36928K)->36600K(36928K) NonClass: 32349K(32512K)->32349K(32512K) Class: 4251K(4416K)->4251K(4416K)
[2022-10-03T10:07:33.409-0400][3.672s] GC(6) Pause Young (Concurrent Start) (Metadata GC Threshold) 38M->34M(512M) 1.556ms
[2022-10-03T10:07:33.409-0400][3.672s] GC(7) Concurrent Mark Cycle
[2022-10-03T10:07:33.409-0400][3.672s] GC(6) User=0.00s Sys=0.00s Real=0.00s
[2022-10-03T10:07:33.410-0400][3.672s] GC(7) Concurrent Clear Claimed Marks
[2022-10-03T10:07:33.410-0400][3.672s] GC(7) Concurrent Clear Claimed Marks 0.083ms
[2022-10-03T10:07:33.410-0400][3.672s] GC(7) Concurrent Scan Root Regions
[2022-10-03T10:07:33.410-0400][3.673s] GC(7) Concurrent Scan Root Regions 0.734ms
[2022-10-03T10:07:33.410-0400][3.673s] GC(7) Concurrent Mark
[2022-10-03T10:07:33.410-0400][3.673s] GC(7) Concurrent Mark From Roots
[2022-10-03T10:07:33.410-0400][3.673s] GC(7) Using 2 workers of 2 for marking
[2022-10-03T10:07:33.428-0400][3.690s] GC(7) Concurrent Mark From Roots 17.397ms
[2022-10-03T10:07:33.428-0400][3.690s] GC(7) Concurrent Preclean
[2022-10-03T10:07:33.428-0400][3.690s] GC(7) Concurrent Preclean 0.070ms
[2022-10-03T10:07:33.428-0400][3.691s] GC(7) Pause Remark
[2022-10-03T10:07:33.430-0400][3.692s] GC(7) Pause Remark 36M->36M(512M) 1.881ms
[2022-10-03T10:07:33.430-0400][3.692s] GC(7) User=0.01s Sys=0.00s Real=0.01s
[2022-10-03T10:07:33.430-0400][3.693s] GC(7) Concurrent Mark 19.744ms
[2022-10-03T10:07:33.430-0400][3.693s] GC(7) Concurrent Rebuild Remembered Sets
[2022-10-03T10:07:33.440-0400][3.703s] GC(7) Concurrent Rebuild Remembered Sets 9.953ms
[2022-10-03T10:07:33.440-0400][3.703s] GC(7) Pause Cleanup
[2022-10-03T10:07:33.441-0400][3.703s] GC(7) Pause Cleanup 36M->36M(512M) 0.173ms
[2022-10-03T10:07:33.441-0400][3.703s] GC(7) User=0.00s Sys=0.00s Real=0.00s
[2022-10-03T10:07:33.441-0400][3.703s] GC(7) Concurrent Cleanup for Next Mark
[2022-10-03T10:07:33.442-0400][3.704s] GC(7) Concurrent Cleanup for Next Mark 0.757ms
[2022-10-03T10:07:33.442-0400][3.704s] GC(7) Concurrent Mark Cycle 32.060ms
[2022-10-03T10:11:49.143-0400][259.406s] Heap
[2022-10-03T10:11:49.144-0400][259.406s]  garbage-first heap   total 524288K, used 291807K [0x00000007e0000000, 0x0000000800000000)
[2022-10-03T10:11:49.144-0400][259.406s]   region size 1024K, 249 young (254976K), 1 survivors (1024K)
[2022-10-03T10:11:49.144-0400][259.406s]  Metaspace       used 54523K, committed 55040K, reserved 1114112K
[2022-10-03T10:11:49.144-0400][259.406s]   class space    used 6394K, committed 6656K, reserved 1048576K
