[2022-10-03T09:32:24.911-0400][0.014s] CardTable entry size: 512
[2022-10-03T09:32:24.912-0400][0.014s] Using G1
[2022-10-03T09:32:25.149-0400][0.251s] Version: 18+36-2087 (release)
[2022-10-03T09:32:25.149-0400][0.251s] CPUs: 8 total, 8 available
[2022-10-03T09:32:25.149-0400][0.251s] Memory: 16384M
[2022-10-03T09:32:25.149-0400][0.251s] Large Page Support: Disabled
[2022-10-03T09:32:25.149-0400][0.251s] NUMA Support: Disabled
[2022-10-03T09:32:25.149-0400][0.251s] Compressed Oops: Enabled (Zero based)
[2022-10-03T09:32:25.149-0400][0.251s] Heap Region Size: 1M
[2022-10-03T09:32:25.149-0400][0.251s] Heap Min Capacity: 512M
[2022-10-03T09:32:25.149-0400][0.251s] Heap Initial Capacity: 512M
[2022-10-03T09:32:25.149-0400][0.251s] Heap Max Capacity: 512M
[2022-10-03T09:32:25.149-0400][0.251s] Pre-touch: Enabled
[2022-10-03T09:32:25.149-0400][0.251s] Parallel Workers: 8
[2022-10-03T09:32:25.149-0400][0.251s] Concurrent Workers: 2
[2022-10-03T09:32:25.149-0400][0.251s] Concurrent Refinement Workers: 8
[2022-10-03T09:32:25.149-0400][0.251s] Periodic GC: Disabled
[2022-10-03T09:32:25.150-0400][0.252s] CDS archive(s) mapped at: [0x0000000800000000-0x0000000800ba8000-0x0000000800ba8000), size 12222464, SharedBaseAddress: 0x0000000800000000, ArchiveRelocationMode: 0.
[2022-10-03T09:32:25.150-0400][0.252s] Compressed class space mapped at: 0x0000000800c00000-0x0000000840c00000, reserved size: 1073741824
[2022-10-03T09:32:25.150-0400][0.252s] Narrow klass base: 0x0000000800000000, Narrow klass shift: 0, Narrow klass range: 0x100000000
[2022-10-03T09:32:26.056-0400][1.158s] GC(0) Pause Young (Normal) (G1 Evacuation Pause)
[2022-10-03T09:32:26.056-0400][1.158s] GC(0) Using 8 workers of 8 for evacuation
[2022-10-03T09:32:26.061-0400][1.163s] GC(0)   Pre Evacuate Collection Set: 0.2ms
[2022-10-03T09:32:26.061-0400][1.163s] GC(0)   Merge Heap Roots: 0.1ms
[2022-10-03T09:32:26.061-0400][1.163s] GC(0)   Evacuate Collection Set: 3.5ms
[2022-10-03T09:32:26.061-0400][1.163s] GC(0)   Post Evacuate Collection Set: 0.9ms
[2022-10-03T09:32:26.061-0400][1.163s] GC(0)   Other: 0.7ms
[2022-10-03T09:32:26.061-0400][1.163s] GC(0) Eden regions: 29->0(71)
[2022-10-03T09:32:26.061-0400][1.163s] GC(0) Survivor regions: 0->4(4)
[2022-10-03T09:32:26.061-0400][1.163s] GC(0) Old regions: 0->1
[2022-10-03T09:32:26.061-0400][1.163s] GC(0) Archive regions: 2->2
[2022-10-03T09:32:26.061-0400][1.163s] GC(0) Humongous regions: 0->0
[2022-10-03T09:32:26.061-0400][1.163s] GC(0) Metaspace: 9663K(9920K)->9663K(9920K) NonClass: 8550K(8704K)->8550K(8704K) Class: 1112K(1216K)->1112K(1216K)
[2022-10-03T09:32:26.061-0400][1.164s] GC(0) Pause Young (Normal) (G1 Evacuation Pause) 29M->5M(512M) 5.796ms
[2022-10-03T09:32:26.061-0400][1.164s] GC(0) User=0.02s Sys=0.00s Real=0.01s
[2022-10-03T09:32:26.944-0400][2.046s] GC(1) Pause Young (Normal) (G1 Evacuation Pause)
[2022-10-03T09:32:26.944-0400][2.046s] GC(1) Using 8 workers of 8 for evacuation
[2022-10-03T09:32:26.952-0400][2.054s] GC(1)   Pre Evacuate Collection Set: 0.1ms
[2022-10-03T09:32:26.952-0400][2.054s] GC(1)   Merge Heap Roots: 0.0ms
[2022-10-03T09:32:26.952-0400][2.054s] GC(1)   Evacuate Collection Set: 6.6ms
[2022-10-03T09:32:26.952-0400][2.054s] GC(1)   Post Evacuate Collection Set: 0.9ms
[2022-10-03T09:32:26.952-0400][2.054s] GC(1)   Other: 0.1ms
[2022-10-03T09:32:26.952-0400][2.054s] GC(1) Eden regions: 68->0(113)
[2022-10-03T09:32:26.952-0400][2.054s] GC(1) Survivor regions: 4->9(9)
[2022-10-03T09:32:26.952-0400][2.054s] GC(1) Old regions: 1->11
[2022-10-03T09:32:26.952-0400][2.054s] GC(1) Archive regions: 2->2
[2022-10-03T09:32:26.952-0400][2.054s] GC(1) Humongous regions: 4->4
[2022-10-03T09:32:26.952-0400][2.054s] GC(1) Metaspace: 18571K(18944K)->18571K(18944K) NonClass: 16425K(16640K)->16425K(16640K) Class: 2145K(2304K)->2145K(2304K)
[2022-10-03T09:32:26.952-0400][2.054s] GC(1) Pause Young (Normal) (G1 Evacuation Pause) 77M->24M(512M) 8.019ms
[2022-10-03T09:32:26.952-0400][2.054s] GC(1) User=0.05s Sys=0.00s Real=0.01s
[2022-10-03T09:32:27.134-0400][2.236s] GC(2) Pause Young (Concurrent Start) (Metadata GC Threshold)
[2022-10-03T09:32:27.134-0400][2.236s] GC(2) Using 8 workers of 8 for evacuation
[2022-10-03T09:32:27.138-0400][2.241s] GC(2)   Pre Evacuate Collection Set: 0.3ms
[2022-10-03T09:32:27.138-0400][2.241s] GC(2)   Merge Heap Roots: 0.1ms
[2022-10-03T09:32:27.138-0400][2.241s] GC(2)   Evacuate Collection Set: 3.6ms
[2022-10-03T09:32:27.138-0400][2.241s] GC(2)   Post Evacuate Collection Set: 0.6ms
[2022-10-03T09:32:27.138-0400][2.241s] GC(2)   Other: 0.0ms
[2022-10-03T09:32:27.138-0400][2.241s] GC(2) Eden regions: 11->0(259)
[2022-10-03T09:32:27.138-0400][2.241s] GC(2) Survivor regions: 9->7(16)
[2022-10-03T09:32:27.138-0400][2.241s] GC(2) Old regions: 11->14
[2022-10-03T09:32:27.138-0400][2.241s] GC(2) Archive regions: 2->2
[2022-10-03T09:32:27.139-0400][2.241s] GC(2) Humongous regions: 4->4
[2022-10-03T09:32:27.139-0400][2.241s] GC(2) Metaspace: 21188K(21504K)->21188K(21504K) NonClass: 18820K(19008K)->18820K(19008K) Class: 2367K(2496K)->2367K(2496K)
[2022-10-03T09:32:27.139-0400][2.241s] GC(2) Pause Young (Concurrent Start) (Metadata GC Threshold) 34M->25M(512M) 4.949ms
[2022-10-03T09:32:27.139-0400][2.241s] GC(2) User=0.02s Sys=0.00s Real=0.00s
[2022-10-03T09:32:27.139-0400][2.241s] GC(3) Concurrent Mark Cycle
[2022-10-03T09:32:27.139-0400][2.241s] GC(3) Concurrent Clear Claimed Marks
[2022-10-03T09:32:27.139-0400][2.241s] GC(3) Concurrent Clear Claimed Marks 0.034ms
[2022-10-03T09:32:27.139-0400][2.241s] GC(3) Concurrent Scan Root Regions
[2022-10-03T09:32:27.141-0400][2.243s] GC(3) Concurrent Scan Root Regions 2.495ms
[2022-10-03T09:32:27.141-0400][2.244s] GC(3) Concurrent Mark
[2022-10-03T09:32:27.141-0400][2.244s] GC(3) Concurrent Mark From Roots
[2022-10-03T09:32:27.141-0400][2.244s] GC(3) Using 2 workers of 2 for marking
[2022-10-03T09:32:27.151-0400][2.253s] GC(3) Concurrent Mark From Roots 9.204ms
[2022-10-03T09:32:27.151-0400][2.253s] GC(3) Concurrent Preclean
[2022-10-03T09:32:27.151-0400][2.253s] GC(3) Concurrent Preclean 0.024ms
[2022-10-03T09:32:27.151-0400][2.253s] GC(3) Pause Remark
[2022-10-03T09:32:27.152-0400][2.255s] GC(3) Pause Remark 26M->26M(512M) 1.604ms
[2022-10-03T09:32:27.152-0400][2.255s] GC(3) User=0.00s Sys=0.00s Real=0.00s
[2022-10-03T09:32:27.153-0400][2.255s] GC(3) Concurrent Mark 11.178ms
[2022-10-03T09:32:27.153-0400][2.255s] GC(3) Concurrent Rebuild Remembered Sets
[2022-10-03T09:32:27.158-0400][2.261s] GC(3) Concurrent Rebuild Remembered Sets 5.760ms
[2022-10-03T09:32:27.158-0400][2.261s] GC(3) Pause Cleanup
[2022-10-03T09:32:27.159-0400][2.261s] GC(3) Pause Cleanup 26M->26M(512M) 0.134ms
[2022-10-03T09:32:27.159-0400][2.261s] GC(3) User=0.00s Sys=0.00s Real=0.00s
[2022-10-03T09:32:27.159-0400][2.261s] GC(3) Concurrent Cleanup for Next Mark
[2022-10-03T09:32:27.159-0400][2.262s] GC(3) Concurrent Cleanup for Next Mark 0.782ms
[2022-10-03T09:32:27.160-0400][2.262s] GC(3) Concurrent Mark Cycle 20.962ms
[2022-10-03T09:32:28.982-0400][4.084s] GC(4) Pause Young (Concurrent Start) (Metadata GC Threshold)
[2022-10-03T09:32:28.982-0400][4.084s] GC(4) Using 8 workers of 8 for evacuation
[2022-10-03T09:32:28.986-0400][4.089s] GC(4)   Pre Evacuate Collection Set: 0.1ms
[2022-10-03T09:32:28.987-0400][4.089s] GC(4)   Merge Heap Roots: 0.1ms
[2022-10-03T09:32:28.987-0400][4.089s] GC(4)   Evacuate Collection Set: 3.4ms
[2022-10-03T09:32:28.987-0400][4.089s] GC(4)   Post Evacuate Collection Set: 1.0ms
[2022-10-03T09:32:28.987-0400][4.089s] GC(4)   Other: 0.1ms
[2022-10-03T09:32:28.987-0400][4.089s] GC(4) Eden regions: 105->0(290)
[2022-10-03T09:32:28.987-0400][4.089s] GC(4) Survivor regions: 7->17(34)
[2022-10-03T09:32:28.987-0400][4.089s] GC(4) Old regions: 14->14
[2022-10-03T09:32:28.987-0400][4.089s] GC(4) Archive regions: 2->2
[2022-10-03T09:32:28.987-0400][4.089s] GC(4) Humongous regions: 7->5
[2022-10-03T09:32:28.987-0400][4.089s] GC(4) Metaspace: 35945K(36288K)->35945K(36288K) NonClass: 31781K(31936K)->31781K(31936K) Class: 4163K(4352K)->4163K(4352K)
[2022-10-03T09:32:28.987-0400][4.089s] GC(4) Pause Young (Concurrent Start) (Metadata GC Threshold) 132M->36M(512M) 5.074ms
[2022-10-03T09:32:28.987-0400][4.089s] GC(4) User=0.03s Sys=0.00s Real=0.00s
[2022-10-03T09:32:28.987-0400][4.089s] GC(5) Concurrent Mark Cycle
[2022-10-03T09:32:28.987-0400][4.089s] GC(5) Concurrent Clear Claimed Marks
[2022-10-03T09:32:28.987-0400][4.089s] GC(5) Concurrent Clear Claimed Marks 0.018ms
[2022-10-03T09:32:28.987-0400][4.089s] GC(5) Concurrent Scan Root Regions
[2022-10-03T09:32:28.989-0400][4.092s] GC(5) Concurrent Scan Root Regions 2.710ms
[2022-10-03T09:32:28.990-0400][4.092s] GC(5) Concurrent Mark
[2022-10-03T09:32:28.990-0400][4.092s] GC(5) Concurrent Mark From Roots
[2022-10-03T09:32:28.990-0400][4.092s] GC(5) Using 2 workers of 2 for marking
[2022-10-03T09:32:28.999-0400][4.101s] GC(5) Concurrent Mark From Roots 9.378ms
[2022-10-03T09:32:28.999-0400][4.101s] GC(5) Concurrent Preclean
[2022-10-03T09:32:28.999-0400][4.101s] GC(5) Concurrent Preclean 0.027ms
[2022-10-03T09:32:28.999-0400][4.101s] GC(5) Pause Remark
[2022-10-03T09:32:29.001-0400][4.103s] GC(5) Pause Remark 37M->37M(512M) 1.408ms
[2022-10-03T09:32:29.001-0400][4.103s] GC(5) User=0.01s Sys=0.00s Real=0.01s
[2022-10-03T09:32:29.001-0400][4.103s] GC(5) Concurrent Mark 11.087ms
[2022-10-03T09:32:29.001-0400][4.103s] GC(5) Concurrent Rebuild Remembered Sets
[2022-10-03T09:32:29.008-0400][4.110s] GC(5) Concurrent Rebuild Remembered Sets 6.955ms
[2022-10-03T09:32:29.008-0400][4.110s] GC(5) Pause Cleanup
[2022-10-03T09:32:29.008-0400][4.110s] GC(5) Pause Cleanup 37M->37M(512M) 0.092ms
[2022-10-03T09:32:29.008-0400][4.110s] GC(5) User=0.00s Sys=0.00s Real=0.00s
[2022-10-03T09:32:29.008-0400][4.110s] GC(5) Concurrent Cleanup for Next Mark
[2022-10-03T09:32:29.009-0400][4.112s] GC(5) Concurrent Cleanup for Next Mark 1.355ms
[2022-10-03T09:32:29.009-0400][4.112s] GC(5) Concurrent Mark Cycle 22.660ms
[2022-10-03T09:35:57.912-0400][213.017s] GC(6) Pause Young (Normal) (G1 Evacuation Pause)
[2022-10-03T09:35:57.912-0400][213.018s] GC(6) Using 8 workers of 8 for evacuation
[2022-10-03T09:35:57.950-0400][213.055s] GC(6)   Pre Evacuate Collection Set: 0.2ms
[2022-10-03T09:35:57.950-0400][213.055s] GC(6)   Merge Heap Roots: 0.2ms
[2022-10-03T09:35:57.950-0400][213.055s] GC(6)   Evacuate Collection Set: 33.1ms
[2022-10-03T09:35:57.950-0400][213.055s] GC(6)   Post Evacuate Collection Set: 3.6ms
[2022-10-03T09:35:57.950-0400][213.055s] GC(6)   Other: 0.2ms
[2022-10-03T09:35:57.950-0400][213.055s] GC(6) Eden regions: 290->0(280)
[2022-10-03T09:35:57.950-0400][213.055s] GC(6) Survivor regions: 17->27(39)
[2022-10-03T09:35:57.950-0400][213.055s] GC(6) Old regions: 14->14
[2022-10-03T09:35:57.950-0400][213.055s] GC(6) Archive regions: 2->2
[2022-10-03T09:35:57.950-0400][213.055s] GC(6) Humongous regions: 8->8
[2022-10-03T09:35:57.950-0400][213.055s] GC(6) Metaspace: 54590K(55168K)->54590K(55168K) NonClass: 48154K(48448K)->48154K(48448K) Class: 6435K(6720K)->6435K(6720K)
[2022-10-03T09:35:57.950-0400][213.055s] GC(6) Pause Young (Normal) (G1 Evacuation Pause) 329M->49M(512M) 38.177ms
[2022-10-03T09:35:57.950-0400][213.055s] GC(6) User=0.05s Sys=0.05s Real=0.04s
[2022-10-03T09:38:37.515-0400][372.623s] Heap
[2022-10-03T09:38:37.515-0400][372.623s]  garbage-first heap   total 524288K, used 64653K [0x00000007e0000000, 0x0000000800000000)
[2022-10-03T09:38:37.515-0400][372.623s]   region size 1024K, 42 young (43008K), 27 survivors (27648K)
[2022-10-03T09:38:37.516-0400][372.624s]  Metaspace       used 54951K, committed 55424K, reserved 1114112K
[2022-10-03T09:38:37.516-0400][372.624s]   class space    used 6477K, committed 6720K, reserved 1048576K
