[2022-10-03T10:38:41.457-0400][0.009s] CardTable entry size: 512
[2022-10-03T10:38:41.457-0400][0.009s] Using G1
[2022-10-03T10:38:41.677-0400][0.229s] Version: 18+36-2087 (release)
[2022-10-03T10:38:41.677-0400][0.229s] CPUs: 8 total, 8 available
[2022-10-03T10:38:41.677-0400][0.229s] Memory: 16384M
[2022-10-03T10:38:41.677-0400][0.229s] Large Page Support: Disabled
[2022-10-03T10:38:41.677-0400][0.229s] NUMA Support: Disabled
[2022-10-03T10:38:41.677-0400][0.229s] Compressed Oops: Enabled (Zero based)
[2022-10-03T10:38:41.677-0400][0.229s] Heap Region Size: 1M
[2022-10-03T10:38:41.677-0400][0.229s] Heap Min Capacity: 512M
[2022-10-03T10:38:41.677-0400][0.229s] Heap Initial Capacity: 512M
[2022-10-03T10:38:41.677-0400][0.229s] Heap Max Capacity: 512M
[2022-10-03T10:38:41.677-0400][0.229s] Pre-touch: Enabled
[2022-10-03T10:38:41.677-0400][0.229s] Parallel Workers: 8
[2022-10-03T10:38:41.677-0400][0.229s] Concurrent Workers: 2
[2022-10-03T10:38:41.677-0400][0.229s] Concurrent Refinement Workers: 8
[2022-10-03T10:38:41.677-0400][0.229s] Periodic GC: Disabled
[2022-10-03T10:38:41.678-0400][0.230s] CDS archive(s) mapped at: [0x0000000800000000-0x0000000800ba8000-0x0000000800ba8000), size 12222464, SharedBaseAddress: 0x0000000800000000, ArchiveRelocationMode: 0.
[2022-10-03T10:38:41.678-0400][0.230s] Compressed class space mapped at: 0x0000000800c00000-0x0000000840c00000, reserved size: 1073741824
[2022-10-03T10:38:41.678-0400][0.230s] Narrow klass base: 0x0000000800000000, Narrow klass shift: 0, Narrow klass range: 0x100000000
[2022-10-03T10:38:42.658-0400][1.210s] GC(0) Pause Young (Normal) (G1 Evacuation Pause)
[2022-10-03T10:38:42.659-0400][1.210s] GC(0) Using 8 workers of 8 for evacuation
[2022-10-03T10:38:42.662-0400][1.214s] GC(0)   Pre Evacuate Collection Set: 0.1ms
[2022-10-03T10:38:42.662-0400][1.214s] GC(0)   Merge Heap Roots: 0.3ms
[2022-10-03T10:38:42.662-0400][1.214s] GC(0)   Evacuate Collection Set: 2.4ms
[2022-10-03T10:38:42.662-0400][1.214s] GC(0)   Post Evacuate Collection Set: 0.5ms
[2022-10-03T10:38:42.663-0400][1.214s] GC(0)   Other: 0.6ms
[2022-10-03T10:38:42.663-0400][1.214s] GC(0) Eden regions: 29->0(71)
[2022-10-03T10:38:42.663-0400][1.214s] GC(0) Survivor regions: 0->4(4)
[2022-10-03T10:38:42.663-0400][1.214s] GC(0) Old regions: 0->1
[2022-10-03T10:38:42.663-0400][1.214s] GC(0) Archive regions: 2->2
[2022-10-03T10:38:42.663-0400][1.214s] GC(0) Humongous regions: 0->0
[2022-10-03T10:38:42.663-0400][1.214s] GC(0) Metaspace: 9696K(9920K)->9696K(9920K) NonClass: 8583K(8704K)->8583K(8704K) Class: 1112K(1216K)->1112K(1216K)
[2022-10-03T10:38:42.663-0400][1.214s] GC(0) Pause Young (Normal) (G1 Evacuation Pause) 29M->5M(512M) 4.975ms
[2022-10-03T10:38:42.663-0400][1.214s] GC(0) User=0.02s Sys=0.00s Real=0.01s
[2022-10-03T10:38:43.636-0400][2.187s] GC(1) Pause Young (Normal) (G1 Evacuation Pause)
[2022-10-03T10:38:43.636-0400][2.187s] GC(1) Using 8 workers of 8 for evacuation
[2022-10-03T10:38:43.642-0400][2.194s] GC(1)   Pre Evacuate Collection Set: 0.1ms
[2022-10-03T10:38:43.643-0400][2.194s] GC(1)   Merge Heap Roots: 0.1ms
[2022-10-03T10:38:43.643-0400][2.194s] GC(1)   Evacuate Collection Set: 5.1ms
[2022-10-03T10:38:43.643-0400][2.194s] GC(1)   Post Evacuate Collection Set: 1.3ms
[2022-10-03T10:38:43.643-0400][2.194s] GC(1)   Other: 0.1ms
[2022-10-03T10:38:43.643-0400][2.194s] GC(1) Eden regions: 67->0(113)
[2022-10-03T10:38:43.643-0400][2.194s] GC(1) Survivor regions: 4->9(9)
[2022-10-03T10:38:43.643-0400][2.194s] GC(1) Old regions: 1->11
[2022-10-03T10:38:43.643-0400][2.194s] GC(1) Archive regions: 2->2
[2022-10-03T10:38:43.643-0400][2.194s] GC(1) Humongous regions: 4->4
[2022-10-03T10:38:43.643-0400][2.194s] GC(1) Metaspace: 18577K(18944K)->18577K(18944K) NonClass: 16431K(16640K)->16431K(16640K) Class: 2145K(2304K)->2145K(2304K)
[2022-10-03T10:38:43.643-0400][2.194s] GC(1) Pause Young (Normal) (G1 Evacuation Pause) 76M->24M(512M) 7.033ms
[2022-10-03T10:38:43.643-0400][2.194s] GC(1) User=0.04s Sys=0.00s Real=0.01s
[2022-10-03T10:38:43.821-0400][2.373s] GC(2) Pause Young (Concurrent Start) (Metadata GC Threshold)
[2022-10-03T10:38:43.821-0400][2.373s] GC(2) Using 8 workers of 8 for evacuation
[2022-10-03T10:38:43.826-0400][2.377s] GC(2)   Pre Evacuate Collection Set: 0.2ms
[2022-10-03T10:38:43.826-0400][2.377s] GC(2)   Merge Heap Roots: 0.1ms
[2022-10-03T10:38:43.826-0400][2.377s] GC(2)   Evacuate Collection Set: 3.5ms
[2022-10-03T10:38:43.826-0400][2.377s] GC(2)   Post Evacuate Collection Set: 0.4ms
[2022-10-03T10:38:43.826-0400][2.377s] GC(2)   Other: 0.0ms
[2022-10-03T10:38:43.826-0400][2.377s] GC(2) Eden regions: 12->0(234)
[2022-10-03T10:38:43.826-0400][2.377s] GC(2) Survivor regions: 9->8(16)
[2022-10-03T10:38:43.826-0400][2.377s] GC(2) Old regions: 11->13
[2022-10-03T10:38:43.826-0400][2.377s] GC(2) Archive regions: 2->2
[2022-10-03T10:38:43.826-0400][2.377s] GC(2) Humongous regions: 4->4
[2022-10-03T10:38:43.826-0400][2.377s] GC(2) Metaspace: 21200K(21504K)->21200K(21504K) NonClass: 18833K(19008K)->18833K(19008K) Class: 2366K(2496K)->2366K(2496K)
[2022-10-03T10:38:43.826-0400][2.377s] GC(2) Pause Young (Concurrent Start) (Metadata GC Threshold) 35M->25M(512M) 4.501ms
[2022-10-03T10:38:43.826-0400][2.377s] GC(3) Concurrent Mark Cycle
[2022-10-03T10:38:43.826-0400][2.377s] GC(2) User=0.02s Sys=0.00s Real=0.00s
[2022-10-03T10:38:43.826-0400][2.378s] GC(3) Concurrent Clear Claimed Marks
[2022-10-03T10:38:43.826-0400][2.378s] GC(3) Concurrent Clear Claimed Marks 0.057ms
[2022-10-03T10:38:43.826-0400][2.378s] GC(3) Concurrent Scan Root Regions
[2022-10-03T10:38:43.828-0400][2.380s] GC(3) Concurrent Scan Root Regions 2.004ms
[2022-10-03T10:38:43.828-0400][2.380s] GC(3) Concurrent Mark
[2022-10-03T10:38:43.828-0400][2.380s] GC(3) Concurrent Mark From Roots
[2022-10-03T10:38:43.828-0400][2.380s] GC(3) Using 2 workers of 2 for marking
[2022-10-03T10:38:43.839-0400][2.390s] GC(3) Concurrent Mark From Roots 10.536ms
[2022-10-03T10:38:43.839-0400][2.390s] GC(3) Concurrent Preclean
[2022-10-03T10:38:43.839-0400][2.390s] GC(3) Concurrent Preclean 0.062ms
[2022-10-03T10:38:43.839-0400][2.391s] GC(3) Pause Remark
[2022-10-03T10:38:43.840-0400][2.392s] GC(3) Pause Remark 26M->26M(512M) 1.150ms
[2022-10-03T10:38:43.840-0400][2.392s] GC(3) User=0.01s Sys=0.00s Real=0.01s
[2022-10-03T10:38:43.840-0400][2.392s] GC(3) Concurrent Mark 12.226ms
[2022-10-03T10:38:43.840-0400][2.392s] GC(3) Concurrent Rebuild Remembered Sets
[2022-10-03T10:38:43.846-0400][2.397s] GC(3) Concurrent Rebuild Remembered Sets 5.248ms
[2022-10-03T10:38:43.846-0400][2.397s] GC(3) Pause Cleanup
[2022-10-03T10:38:43.846-0400][2.397s] GC(3) Pause Cleanup 26M->26M(512M) 0.121ms
[2022-10-03T10:38:43.846-0400][2.398s] GC(3) User=0.00s Sys=0.00s Real=0.00s
[2022-10-03T10:38:43.846-0400][2.398s] GC(3) Concurrent Cleanup for Next Mark
[2022-10-03T10:38:43.847-0400][2.398s] GC(3) Concurrent Cleanup for Next Mark 0.736ms
[2022-10-03T10:38:43.847-0400][2.398s] GC(3) Concurrent Mark Cycle 21.047ms
[2022-10-03T10:38:45.545-0400][4.097s] GC(4) Pause Young (Prepare Mixed) (Metadata GC Threshold)
[2022-10-03T10:38:45.546-0400][4.097s] GC(4) Using 8 workers of 8 for evacuation
[2022-10-03T10:38:45.552-0400][4.104s] GC(4)   Pre Evacuate Collection Set: 0.1ms
[2022-10-03T10:38:45.553-0400][4.104s] GC(4)   Merge Heap Roots: 0.1ms
[2022-10-03T10:38:45.553-0400][4.104s] GC(4)   Evacuate Collection Set: 5.6ms
[2022-10-03T10:38:45.553-0400][4.104s] GC(4)   Post Evacuate Collection Set: 1.1ms
[2022-10-03T10:38:45.553-0400][4.104s] GC(4)   Other: 0.1ms
[2022-10-03T10:38:45.553-0400][4.104s] GC(4) Eden regions: 83->0(7)
[2022-10-03T10:38:45.553-0400][4.104s] GC(4) Survivor regions: 8->18(31)
[2022-10-03T10:38:45.553-0400][4.104s] GC(4) Old regions: 13->13
[2022-10-03T10:38:45.553-0400][4.104s] GC(4) Archive regions: 2->2
[2022-10-03T10:38:45.553-0400][4.104s] GC(4) Humongous regions: 7->5
[2022-10-03T10:38:45.553-0400][4.104s] GC(4) Metaspace: 35900K(36288K)->35900K(36288K) NonClass: 31741K(31936K)->31741K(31936K) Class: 4158K(4352K)->4158K(4352K)
[2022-10-03T10:38:45.553-0400][4.104s] GC(4) Pause Young (Prepare Mixed) (Metadata GC Threshold) 110M->35M(512M) 7.299ms
[2022-10-03T10:38:45.553-0400][4.104s] GC(4) User=0.04s Sys=0.00s Real=0.01s
[2022-10-03T10:38:45.587-0400][4.139s] GC(5) Pause Young (Mixed) (Metadata GC Threshold)
[2022-10-03T10:38:45.587-0400][4.139s] GC(5) Using 8 workers of 8 for evacuation
[2022-10-03T10:38:45.593-0400][4.144s] GC(5)   Pre Evacuate Collection Set: 0.1ms
[2022-10-03T10:38:45.593-0400][4.145s] GC(5)   Merge Heap Roots: 0.1ms
[2022-10-03T10:38:45.593-0400][4.145s] GC(5)   Evacuate Collection Set: 4.8ms
[2022-10-03T10:38:45.593-0400][4.145s] GC(5)   Post Evacuate Collection Set: 0.5ms
[2022-10-03T10:38:45.593-0400][4.145s] GC(5)   Other: 0.1ms
[2022-10-03T10:38:45.593-0400][4.145s] GC(5) Eden regions: 2->0(305)
[2022-10-03T10:38:45.593-0400][4.145s] GC(5) Survivor regions: 18->2(4)
[2022-10-03T10:38:45.593-0400][4.145s] GC(5) Old regions: 13->29
[2022-10-03T10:38:45.593-0400][4.145s] GC(5) Archive regions: 2->2
[2022-10-03T10:38:45.593-0400][4.145s] GC(5) Humongous regions: 5->5
[2022-10-03T10:38:45.593-0400][4.145s] GC(5) Metaspace: 36239K(36608K)->36239K(36608K) NonClass: 32037K(32256K)->32037K(32256K) Class: 4202K(4352K)->4202K(4352K)
[2022-10-03T10:38:45.593-0400][4.145s] GC(5) Pause Young (Mixed) (Metadata GC Threshold) 37M->36M(512M) 5.808ms
[2022-10-03T10:38:45.593-0400][4.145s] GC(5) User=0.03s Sys=0.00s Real=0.01s
[2022-10-03T10:38:45.633-0400][4.185s] GC(6) Pause Young (Concurrent Start) (Metadata GC Threshold)
[2022-10-03T10:38:45.634-0400][4.185s] GC(6) Using 8 workers of 8 for evacuation
[2022-10-03T10:38:45.635-0400][4.186s] GC(6)   Pre Evacuate Collection Set: 0.1ms
[2022-10-03T10:38:45.635-0400][4.186s] GC(6)   Merge Heap Roots: 0.0ms
[2022-10-03T10:38:45.635-0400][4.186s] GC(6)   Evacuate Collection Set: 0.5ms
[2022-10-03T10:38:45.635-0400][4.186s] GC(6)   Post Evacuate Collection Set: 0.3ms
[2022-10-03T10:38:45.635-0400][4.186s] GC(6)   Other: 0.1ms
[2022-10-03T10:38:45.635-0400][4.186s] GC(6) Eden regions: 3->0(306)
[2022-10-03T10:38:45.635-0400][4.186s] GC(6) Survivor regions: 2->1(39)
[2022-10-03T10:38:45.635-0400][4.186s] GC(6) Old regions: 29->29
[2022-10-03T10:38:45.635-0400][4.186s] GC(6) Archive regions: 2->2
[2022-10-03T10:38:45.635-0400][4.186s] GC(6) Humongous regions: 5->5
[2022-10-03T10:38:45.635-0400][4.186s] GC(6) Metaspace: 36554K(36928K)->36554K(36928K) NonClass: 32313K(32512K)->32313K(32512K) Class: 4241K(4416K)->4241K(4416K)
[2022-10-03T10:38:45.635-0400][4.186s] GC(6) Pause Young (Concurrent Start) (Metadata GC Threshold) 38M->35M(512M) 1.327ms
[2022-10-03T10:38:45.635-0400][4.186s] GC(6) User=0.01s Sys=0.00s Real=0.00s
[2022-10-03T10:38:45.635-0400][4.186s] GC(7) Concurrent Mark Cycle
[2022-10-03T10:38:45.635-0400][4.187s] GC(7) Concurrent Clear Claimed Marks
[2022-10-03T10:38:45.635-0400][4.187s] GC(7) Concurrent Clear Claimed Marks 0.014ms
[2022-10-03T10:38:45.635-0400][4.187s] GC(7) Concurrent Scan Root Regions
[2022-10-03T10:38:45.635-0400][4.187s] GC(7) Concurrent Scan Root Regions 0.527ms
[2022-10-03T10:38:45.636-0400][4.187s] GC(7) Concurrent Mark
[2022-10-03T10:38:45.636-0400][4.187s] GC(7) Concurrent Mark From Roots
[2022-10-03T10:38:45.636-0400][4.187s] GC(7) Using 2 workers of 2 for marking
[2022-10-03T10:38:45.653-0400][4.204s] GC(7) Concurrent Mark From Roots 17.334ms
[2022-10-03T10:38:45.653-0400][4.204s] GC(7) Concurrent Preclean
[2022-10-03T10:38:45.653-0400][4.205s] GC(7) Concurrent Preclean 0.068ms
[2022-10-03T10:38:45.653-0400][4.205s] GC(7) Pause Remark
[2022-10-03T10:38:45.655-0400][4.206s] GC(7) Pause Remark 36M->36M(512M) 1.586ms
[2022-10-03T10:38:45.655-0400][4.206s] GC(7) User=0.01s Sys=0.00s Real=0.00s
[2022-10-03T10:38:45.655-0400][4.206s] GC(7) Concurrent Mark 19.338ms
[2022-10-03T10:38:45.655-0400][4.206s] GC(7) Concurrent Rebuild Remembered Sets
[2022-10-03T10:38:45.666-0400][4.217s] GC(7) Concurrent Rebuild Remembered Sets 10.697ms
[2022-10-03T10:38:45.666-0400][4.217s] GC(7) Pause Cleanup
[2022-10-03T10:38:45.666-0400][4.217s] GC(7) Pause Cleanup 36M->36M(512M) 0.119ms
[2022-10-03T10:38:45.666-0400][4.218s] GC(7) User=0.00s Sys=0.00s Real=0.00s
[2022-10-03T10:38:45.666-0400][4.218s] GC(7) Concurrent Cleanup for Next Mark
[2022-10-03T10:38:45.667-0400][4.218s] GC(7) Concurrent Cleanup for Next Mark 0.821ms
[2022-10-03T10:38:45.667-0400][4.218s] GC(7) Concurrent Mark Cycle 31.909ms
[2022-10-03T14:08:25.535-0400][8206.411s] GC(8) Pause Young (Normal) (G1 Evacuation Pause)
[2022-10-03T14:08:25.538-0400][8206.413s] GC(8) Using 8 workers of 8 for evacuation
[2022-10-03T14:08:25.553-0400][8206.429s] GC(8)   Pre Evacuate Collection Set: 1.0ms
[2022-10-03T14:08:25.554-0400][8206.429s] GC(8)   Merge Heap Roots: 0.3ms
[2022-10-03T14:08:25.554-0400][8206.429s] GC(8)   Evacuate Collection Set: 12.7ms
[2022-10-03T14:08:25.554-0400][8206.429s] GC(8)   Post Evacuate Collection Set: 1.4ms
[2022-10-03T14:08:25.554-0400][8206.429s] GC(8)   Other: 0.5ms
[2022-10-03T14:08:25.554-0400][8206.429s] GC(8) Eden regions: 306->0(298)
[2022-10-03T14:08:25.554-0400][8206.429s] GC(8) Survivor regions: 1->9(39)
[2022-10-03T14:08:25.554-0400][8206.429s] GC(8) Old regions: 29->29
[2022-10-03T14:08:25.554-0400][8206.429s] GC(8) Archive regions: 2->2
[2022-10-03T14:08:25.554-0400][8206.429s] GC(8) Humongous regions: 8->8
[2022-10-03T14:08:25.554-0400][8206.429s] GC(8) Metaspace: 50780K(51264K)->50780K(51264K) NonClass: 44887K(45120K)->44887K(45120K) Class: 5893K(6144K)->5893K(6144K)
[2022-10-03T14:08:25.554-0400][8206.429s] GC(8) Pause Young (Normal) (G1 Evacuation Pause) 344M->45M(512M) 18.815ms
[2022-10-03T14:08:25.554-0400][8206.429s] GC(8) User=0.06s Sys=0.03s Real=0.02s
[2022-10-03T21:21:27.794-0400][34189.056s] Heap
[2022-10-03T21:21:27.794-0400][34189.057s]  garbage-first heap   total 524288K, used 227735K [0x00000007e0000000, 0x0000000800000000)
[2022-10-03T21:21:27.794-0400][34189.057s]   region size 1024K, 186 young (190464K), 9 survivors (9216K)
[2022-10-03T21:21:27.795-0400][34189.057s]  Metaspace       used 51453K, committed 51968K, reserved 1114112K
[2022-10-03T21:21:27.795-0400][34189.057s]   class space    used 5947K, committed 6144K, reserved 1048576K
