[2022-10-03T09:49:16.483-0400][0.010s] CardTable entry size: 512
[2022-10-03T09:49:16.483-0400][0.010s] Using G1
[2022-10-03T09:49:16.704-0400][0.231s] Version: 18+36-2087 (release)
[2022-10-03T09:49:16.704-0400][0.231s] CPUs: 8 total, 8 available
[2022-10-03T09:49:16.704-0400][0.231s] Memory: 16384M
[2022-10-03T09:49:16.704-0400][0.231s] Large Page Support: Disabled
[2022-10-03T09:49:16.704-0400][0.231s] NUMA Support: Disabled
[2022-10-03T09:49:16.704-0400][0.231s] Compressed Oops: Enabled (Zero based)
[2022-10-03T09:49:16.704-0400][0.231s] Heap Region Size: 1M
[2022-10-03T09:49:16.704-0400][0.231s] Heap Min Capacity: 512M
[2022-10-03T09:49:16.704-0400][0.231s] Heap Initial Capacity: 512M
[2022-10-03T09:49:16.704-0400][0.231s] Heap Max Capacity: 512M
[2022-10-03T09:49:16.704-0400][0.231s] Pre-touch: Enabled
[2022-10-03T09:49:16.705-0400][0.231s] Parallel Workers: 8
[2022-10-03T09:49:16.705-0400][0.231s] Concurrent Workers: 2
[2022-10-03T09:49:16.705-0400][0.231s] Concurrent Refinement Workers: 8
[2022-10-03T09:49:16.705-0400][0.231s] Periodic GC: Disabled
[2022-10-03T09:49:16.706-0400][0.233s] CDS archive(s) mapped at: [0x0000000800000000-0x0000000800ba8000-0x0000000800ba8000), size 12222464, SharedBaseAddress: 0x0000000800000000, ArchiveRelocationMode: 0.
[2022-10-03T09:49:16.706-0400][0.233s] Compressed class space mapped at: 0x0000000800c00000-0x0000000840c00000, reserved size: 1073741824
[2022-10-03T09:49:16.706-0400][0.233s] Narrow klass base: 0x0000000800000000, Narrow klass shift: 0, Narrow klass range: 0x100000000
[2022-10-03T09:49:17.619-0400][1.146s] GC(0) Pause Young (Normal) (G1 Evacuation Pause)
[2022-10-03T09:49:17.620-0400][1.146s] GC(0) Using 8 workers of 8 for evacuation
[2022-10-03T09:49:17.623-0400][1.149s] GC(0)   Pre Evacuate Collection Set: 0.1ms
[2022-10-03T09:49:17.623-0400][1.149s] GC(0)   Merge Heap Roots: 0.1ms
[2022-10-03T09:49:17.623-0400][1.149s] GC(0)   Evacuate Collection Set: 2.0ms
[2022-10-03T09:49:17.623-0400][1.149s] GC(0)   Post Evacuate Collection Set: 0.5ms
[2022-10-03T09:49:17.623-0400][1.149s] GC(0)   Other: 0.4ms
[2022-10-03T09:49:17.623-0400][1.149s] GC(0) Eden regions: 29->0(71)
[2022-10-03T09:49:17.623-0400][1.149s] GC(0) Survivor regions: 0->4(4)
[2022-10-03T09:49:17.623-0400][1.149s] GC(0) Old regions: 0->1
[2022-10-03T09:49:17.623-0400][1.149s] GC(0) Archive regions: 2->2
[2022-10-03T09:49:17.623-0400][1.149s] GC(0) Humongous regions: 0->0
[2022-10-03T09:49:17.623-0400][1.149s] GC(0) Metaspace: 9664K(9920K)->9664K(9920K) NonClass: 8551K(8704K)->8551K(8704K) Class: 1112K(1216K)->1112K(1216K)
[2022-10-03T09:49:17.623-0400][1.150s] GC(0) Pause Young (Normal) (G1 Evacuation Pause) 29M->5M(512M) 3.497ms
[2022-10-03T09:49:17.623-0400][1.150s] GC(0) User=0.01s Sys=0.00s Real=0.01s
[2022-10-03T09:49:18.510-0400][2.037s] GC(1) Pause Young (Normal) (G1 Evacuation Pause)
[2022-10-03T09:49:18.510-0400][2.037s] GC(1) Using 8 workers of 8 for evacuation
[2022-10-03T09:49:18.519-0400][2.045s] GC(1)   Pre Evacuate Collection Set: 0.1ms
[2022-10-03T09:49:18.519-0400][2.045s] GC(1)   Merge Heap Roots: 0.1ms
[2022-10-03T09:49:18.519-0400][2.045s] GC(1)   Evacuate Collection Set: 6.9ms
[2022-10-03T09:49:18.519-0400][2.045s] GC(1)   Post Evacuate Collection Set: 1.0ms
[2022-10-03T09:49:18.519-0400][2.045s] GC(1)   Other: 0.1ms
[2022-10-03T09:49:18.519-0400][2.046s] GC(1) Eden regions: 68->0(114)
[2022-10-03T09:49:18.519-0400][2.046s] GC(1) Survivor regions: 4->9(9)
[2022-10-03T09:49:18.519-0400][2.046s] GC(1) Old regions: 1->11
[2022-10-03T09:49:18.519-0400][2.046s] GC(1) Archive regions: 2->2
[2022-10-03T09:49:18.519-0400][2.046s] GC(1) Humongous regions: 4->4
[2022-10-03T09:49:18.519-0400][2.046s] GC(1) Metaspace: 18599K(18944K)->18599K(18944K) NonClass: 16453K(16640K)->16453K(16640K) Class: 2145K(2304K)->2145K(2304K)
[2022-10-03T09:49:18.519-0400][2.046s] GC(1) Pause Young (Normal) (G1 Evacuation Pause) 77M->24M(512M) 8.354ms
[2022-10-03T09:49:18.519-0400][2.046s] GC(1) User=0.04s Sys=0.00s Real=0.00s
[2022-10-03T09:49:18.720-0400][2.247s] GC(2) Pause Young (Concurrent Start) (Metadata GC Threshold)
[2022-10-03T09:49:18.720-0400][2.247s] GC(2) Using 8 workers of 8 for evacuation
[2022-10-03T09:49:18.724-0400][2.251s] GC(2)   Pre Evacuate Collection Set: 0.2ms
[2022-10-03T09:49:18.724-0400][2.251s] GC(2)   Merge Heap Roots: 0.1ms
[2022-10-03T09:49:18.724-0400][2.251s] GC(2)   Evacuate Collection Set: 3.3ms
[2022-10-03T09:49:18.724-0400][2.251s] GC(2)   Post Evacuate Collection Set: 0.6ms
[2022-10-03T09:49:18.724-0400][2.251s] GC(2)   Other: 0.1ms
[2022-10-03T09:49:18.724-0400][2.251s] GC(2) Eden regions: 11->0(236)
[2022-10-03T09:49:18.724-0400][2.251s] GC(2) Survivor regions: 9->8(16)
[2022-10-03T09:49:18.724-0400][2.251s] GC(2) Old regions: 11->13
[2022-10-03T09:49:18.724-0400][2.251s] GC(2) Archive regions: 2->2
[2022-10-03T09:49:18.724-0400][2.251s] GC(2) Humongous regions: 4->4
[2022-10-03T09:49:18.724-0400][2.251s] GC(2) Metaspace: 21216K(21504K)->21216K(21504K) NonClass: 18850K(19008K)->18850K(19008K) Class: 2366K(2496K)->2366K(2496K)
[2022-10-03T09:49:18.724-0400][2.251s] GC(2) Pause Young (Concurrent Start) (Metadata GC Threshold) 34M->25M(512M) 4.397ms
[2022-10-03T09:49:18.724-0400][2.251s] GC(2) User=0.02s Sys=0.01s Real=0.00s
[2022-10-03T09:49:18.724-0400][2.251s] GC(3) Concurrent Mark Cycle
[2022-10-03T09:49:18.724-0400][2.251s] GC(3) Concurrent Clear Claimed Marks
[2022-10-03T09:49:18.725-0400][2.251s] GC(3) Concurrent Clear Claimed Marks 0.022ms
[2022-10-03T09:49:18.725-0400][2.251s] GC(3) Concurrent Scan Root Regions
[2022-10-03T09:49:18.726-0400][2.253s] GC(3) Concurrent Scan Root Regions 1.838ms
[2022-10-03T09:49:18.726-0400][2.253s] GC(3) Concurrent Mark
[2022-10-03T09:49:18.726-0400][2.253s] GC(3) Concurrent Mark From Roots
[2022-10-03T09:49:18.726-0400][2.253s] GC(3) Using 2 workers of 2 for marking
[2022-10-03T09:49:18.737-0400][2.264s] GC(3) Concurrent Mark From Roots 11.031ms
[2022-10-03T09:49:18.738-0400][2.264s] GC(3) Concurrent Preclean
[2022-10-03T09:49:18.738-0400][2.264s] GC(3) Concurrent Preclean 0.050ms
[2022-10-03T09:49:18.738-0400][2.265s] GC(3) Pause Remark
[2022-10-03T09:49:18.739-0400][2.266s] GC(3) Pause Remark 26M->26M(512M) 1.202ms
[2022-10-03T09:49:18.739-0400][2.266s] GC(3) User=0.00s Sys=0.00s Real=0.00s
[2022-10-03T09:49:18.739-0400][2.266s] GC(3) Concurrent Mark 12.648ms
[2022-10-03T09:49:18.739-0400][2.266s] GC(3) Concurrent Rebuild Remembered Sets
[2022-10-03T09:49:18.746-0400][2.273s] GC(3) Concurrent Rebuild Remembered Sets 7.207ms
[2022-10-03T09:49:18.747-0400][2.274s] GC(3) Pause Cleanup
[2022-10-03T09:49:18.747-0400][2.274s] GC(3) Pause Cleanup 26M->26M(512M) 0.104ms
[2022-10-03T09:49:18.747-0400][2.274s] GC(3) User=0.00s Sys=0.00s Real=0.00s
[2022-10-03T09:49:18.747-0400][2.274s] GC(3) Concurrent Cleanup for Next Mark
[2022-10-03T09:49:18.748-0400][2.275s] GC(3) Concurrent Cleanup for Next Mark 0.953ms
[2022-10-03T09:49:18.748-0400][2.275s] GC(3) Concurrent Mark Cycle 23.518ms
[2022-10-03T09:49:20.422-0400][3.949s] GC(4) Pause Young (Prepare Mixed) (Metadata GC Threshold)
[2022-10-03T09:49:20.422-0400][3.949s] GC(4) Using 8 workers of 8 for evacuation
[2022-10-03T09:49:20.427-0400][3.954s] GC(4)   Pre Evacuate Collection Set: 0.1ms
[2022-10-03T09:49:20.427-0400][3.954s] GC(4)   Merge Heap Roots: 0.1ms
[2022-10-03T09:49:20.427-0400][3.954s] GC(4)   Evacuate Collection Set: 4.3ms
[2022-10-03T09:49:20.427-0400][3.954s] GC(4)   Post Evacuate Collection Set: 0.6ms
[2022-10-03T09:49:20.427-0400][3.954s] GC(4)   Other: 0.1ms
[2022-10-03T09:49:20.427-0400][3.954s] GC(4) Eden regions: 85->0(7)
[2022-10-03T09:49:20.427-0400][3.954s] GC(4) Survivor regions: 8->18(31)
[2022-10-03T09:49:20.427-0400][3.954s] GC(4) Old regions: 13->13
[2022-10-03T09:49:20.427-0400][3.954s] GC(4) Archive regions: 2->2
[2022-10-03T09:49:20.427-0400][3.954s] GC(4) Humongous regions: 7->5
[2022-10-03T09:49:20.427-0400][3.954s] GC(4) Metaspace: 35904K(36288K)->35904K(36288K) NonClass: 31745K(31936K)->31745K(31936K) Class: 4159K(4352K)->4159K(4352K)
[2022-10-03T09:49:20.427-0400][3.954s] GC(4) Pause Young (Prepare Mixed) (Metadata GC Threshold) 113M->35M(512M) 5.602ms
[2022-10-03T09:49:20.427-0400][3.954s] GC(4) User=0.03s Sys=0.00s Real=0.00s
[2022-10-03T09:49:20.471-0400][3.998s] GC(5) Pause Young (Mixed) (Metadata GC Threshold)
[2022-10-03T09:49:20.471-0400][3.998s] GC(5) Using 8 workers of 8 for evacuation
[2022-10-03T09:49:20.478-0400][4.005s] GC(5)   Pre Evacuate Collection Set: 0.1ms
[2022-10-03T09:49:20.478-0400][4.005s] GC(5)   Merge Heap Roots: 0.1ms
[2022-10-03T09:49:20.478-0400][4.005s] GC(5)   Evacuate Collection Set: 5.1ms
[2022-10-03T09:49:20.478-0400][4.005s] GC(5)   Post Evacuate Collection Set: 1.4ms
[2022-10-03T09:49:20.478-0400][4.005s] GC(5)   Other: 0.1ms
[2022-10-03T09:49:20.478-0400][4.005s] GC(5) Eden regions: 2->0(305)
[2022-10-03T09:49:20.478-0400][4.005s] GC(5) Survivor regions: 18->2(4)
[2022-10-03T09:49:20.478-0400][4.005s] GC(5) Old regions: 13->29
[2022-10-03T09:49:20.478-0400][4.005s] GC(5) Archive regions: 2->2
[2022-10-03T09:49:20.478-0400][4.005s] GC(5) Humongous regions: 5->5
[2022-10-03T09:49:20.478-0400][4.005s] GC(5) Metaspace: 36239K(36608K)->36239K(36608K) NonClass: 32037K(32256K)->32037K(32256K) Class: 4201K(4352K)->4201K(4352K)
[2022-10-03T09:49:20.478-0400][4.005s] GC(5) Pause Young (Mixed) (Metadata GC Threshold) 37M->36M(512M) 7.095ms
[2022-10-03T09:49:20.478-0400][4.005s] GC(5) User=0.03s Sys=0.00s Real=0.00s
[2022-10-03T09:49:20.543-0400][4.070s] GC(6) Pause Young (Concurrent Start) (Metadata GC Threshold)
[2022-10-03T09:49:20.543-0400][4.070s] GC(6) Using 8 workers of 8 for evacuation
[2022-10-03T09:49:20.545-0400][4.071s] GC(6)   Pre Evacuate Collection Set: 0.1ms
[2022-10-03T09:49:20.545-0400][4.072s] GC(6)   Merge Heap Roots: 0.2ms
[2022-10-03T09:49:20.545-0400][4.072s] GC(6)   Evacuate Collection Set: 0.6ms
[2022-10-03T09:49:20.545-0400][4.072s] GC(6)   Post Evacuate Collection Set: 0.3ms
[2022-10-03T09:49:20.545-0400][4.072s] GC(6)   Other: 0.2ms
[2022-10-03T09:49:20.545-0400][4.072s] GC(6) Eden regions: 3->0(306)
[2022-10-03T09:49:20.545-0400][4.072s] GC(6) Survivor regions: 2->1(39)
[2022-10-03T09:49:20.545-0400][4.072s] GC(6) Old regions: 29->29
[2022-10-03T09:49:20.545-0400][4.072s] GC(6) Archive regions: 2->2
[2022-10-03T09:49:20.545-0400][4.072s] GC(6) Humongous regions: 5->5
[2022-10-03T09:49:20.545-0400][4.072s] GC(6) Metaspace: 36548K(36928K)->36548K(36928K) NonClass: 32308K(32512K)->32308K(32512K) Class: 4240K(4416K)->4240K(4416K)
[2022-10-03T09:49:20.545-0400][4.072s] GC(6) Pause Young (Concurrent Start) (Metadata GC Threshold) 38M->35M(512M) 1.654ms
[2022-10-03T09:49:20.545-0400][4.072s] GC(7) Concurrent Mark Cycle
[2022-10-03T09:49:20.545-0400][4.072s] GC(6) User=0.01s Sys=0.00s Real=0.00s
[2022-10-03T09:49:20.545-0400][4.072s] GC(7) Concurrent Clear Claimed Marks
[2022-10-03T09:49:20.545-0400][4.072s] GC(7) Concurrent Clear Claimed Marks 0.064ms
[2022-10-03T09:49:20.545-0400][4.072s] GC(7) Concurrent Scan Root Regions
[2022-10-03T09:49:20.546-0400][4.073s] GC(7) Concurrent Scan Root Regions 0.805ms
[2022-10-03T09:49:20.546-0400][4.073s] GC(7) Concurrent Mark
[2022-10-03T09:49:20.546-0400][4.073s] GC(7) Concurrent Mark From Roots
[2022-10-03T09:49:20.546-0400][4.073s] GC(7) Using 2 workers of 2 for marking
[2022-10-03T09:49:20.569-0400][4.096s] GC(7) Concurrent Mark From Roots 22.875ms
[2022-10-03T09:49:20.569-0400][4.096s] GC(7) Concurrent Preclean
[2022-10-03T09:49:20.569-0400][4.096s] GC(7) Concurrent Preclean 0.081ms
[2022-10-03T09:49:20.569-0400][4.096s] GC(7) Pause Remark
[2022-10-03T09:49:20.571-0400][4.098s] GC(7) Pause Remark 36M->36M(512M) 2.108ms
[2022-10-03T09:49:20.572-0400][4.099s] GC(7) User=0.00s Sys=0.00s Real=0.01s
[2022-10-03T09:49:20.574-0400][4.100s] GC(7) Concurrent Mark 27.680ms
[2022-10-03T09:49:20.574-0400][4.100s] GC(7) Concurrent Rebuild Remembered Sets
[2022-10-03T09:49:20.586-0400][4.113s] GC(7) Concurrent Rebuild Remembered Sets 12.400ms
[2022-10-03T09:49:20.587-0400][4.114s] GC(7) Pause Cleanup
[2022-10-03T09:49:20.588-0400][4.115s] GC(7) Pause Cleanup 36M->36M(512M) 0.305ms
[2022-10-03T09:49:20.588-0400][4.115s] GC(7) User=0.00s Sys=0.00s Real=0.00s
[2022-10-03T09:49:20.588-0400][4.115s] GC(7) Concurrent Cleanup for Next Mark
[2022-10-03T09:49:20.589-0400][4.116s] GC(7) Concurrent Cleanup for Next Mark 0.984ms
[2022-10-03T09:49:20.589-0400][4.116s] GC(7) Concurrent Mark Cycle 43.937ms
[2022-10-03T10:00:04.498-0400][647.981s] Heap
[2022-10-03T10:00:04.499-0400][647.982s]  garbage-first heap   total 524288K, used 345281K [0x00000007e0000000, 0x0000000800000000)
[2022-10-03T10:00:04.499-0400][647.982s]   region size 1024K, 300 young (307200K), 1 survivors (1024K)
[2022-10-03T10:00:04.499-0400][647.982s]  Metaspace       used 54881K, committed 55424K, reserved 1114112K
[2022-10-03T10:00:04.499-0400][647.982s]   class space    used 6460K, committed 6720K, reserved 1048576K
