[2022-10-03T10:03:39.720-0400][0.009s] CardTable entry size: 512
[2022-10-03T10:03:39.720-0400][0.009s] Using G1
[2022-10-03T10:03:39.946-0400][0.235s] Version: 18+36-2087 (release)
[2022-10-03T10:03:39.946-0400][0.235s] CPUs: 8 total, 8 available
[2022-10-03T10:03:39.946-0400][0.235s] Memory: 16384M
[2022-10-03T10:03:39.946-0400][0.235s] Large Page Support: Disabled
[2022-10-03T10:03:39.946-0400][0.235s] NUMA Support: Disabled
[2022-10-03T10:03:39.946-0400][0.235s] Compressed Oops: Enabled (Zero based)
[2022-10-03T10:03:39.946-0400][0.235s] Heap Region Size: 1M
[2022-10-03T10:03:39.946-0400][0.235s] Heap Min Capacity: 512M
[2022-10-03T10:03:39.946-0400][0.235s] Heap Initial Capacity: 512M
[2022-10-03T10:03:39.946-0400][0.235s] Heap Max Capacity: 512M
[2022-10-03T10:03:39.946-0400][0.235s] Pre-touch: Enabled
[2022-10-03T10:03:39.946-0400][0.235s] Parallel Workers: 8
[2022-10-03T10:03:39.946-0400][0.235s] Concurrent Workers: 2
[2022-10-03T10:03:39.946-0400][0.235s] Concurrent Refinement Workers: 8
[2022-10-03T10:03:39.946-0400][0.235s] Periodic GC: Disabled
[2022-10-03T10:03:39.947-0400][0.236s] CDS archive(s) mapped at: [0x0000000800000000-0x0000000800ba8000-0x0000000800ba8000), size 12222464, SharedBaseAddress: 0x0000000800000000, ArchiveRelocationMode: 0.
[2022-10-03T10:03:39.947-0400][0.236s] Compressed class space mapped at: 0x0000000800c00000-0x0000000840c00000, reserved size: 1073741824
[2022-10-03T10:03:39.947-0400][0.236s] Narrow klass base: 0x0000000800000000, Narrow klass shift: 0, Narrow klass range: 0x100000000
[2022-10-03T10:03:40.788-0400][1.077s] GC(0) Pause Young (Normal) (G1 Evacuation Pause)
[2022-10-03T10:03:40.789-0400][1.078s] GC(0) Using 8 workers of 8 for evacuation
[2022-10-03T10:03:40.792-0400][1.081s] GC(0)   Pre Evacuate Collection Set: 0.1ms
[2022-10-03T10:03:40.792-0400][1.081s] GC(0)   Merge Heap Roots: 0.1ms
[2022-10-03T10:03:40.792-0400][1.081s] GC(0)   Evacuate Collection Set: 2.0ms
[2022-10-03T10:03:40.792-0400][1.081s] GC(0)   Post Evacuate Collection Set: 0.6ms
[2022-10-03T10:03:40.792-0400][1.081s] GC(0)   Other: 0.5ms
[2022-10-03T10:03:40.792-0400][1.081s] GC(0) Eden regions: 29->0(71)
[2022-10-03T10:03:40.792-0400][1.081s] GC(0) Survivor regions: 0->4(4)
[2022-10-03T10:03:40.792-0400][1.081s] GC(0) Old regions: 0->1
[2022-10-03T10:03:40.792-0400][1.081s] GC(0) Archive regions: 2->2
[2022-10-03T10:03:40.792-0400][1.081s] GC(0) Humongous regions: 0->0
[2022-10-03T10:03:40.792-0400][1.081s] GC(0) Metaspace: 9647K(9856K)->9647K(9856K) NonClass: 8535K(8640K)->8535K(8640K) Class: 1112K(1216K)->1112K(1216K)
[2022-10-03T10:03:40.792-0400][1.081s] GC(0) Pause Young (Normal) (G1 Evacuation Pause) 29M->5M(512M) 3.668ms
[2022-10-03T10:03:40.792-0400][1.081s] GC(0) User=0.01s Sys=0.00s Real=0.01s
[2022-10-03T10:03:41.485-0400][1.774s] GC(1) Pause Young (Normal) (G1 Evacuation Pause)
[2022-10-03T10:03:41.485-0400][1.774s] GC(1) Using 8 workers of 8 for evacuation
[2022-10-03T10:03:41.492-0400][1.781s] GC(1)   Pre Evacuate Collection Set: 0.1ms
[2022-10-03T10:03:41.492-0400][1.781s] GC(1)   Merge Heap Roots: 0.1ms
[2022-10-03T10:03:41.492-0400][1.781s] GC(1)   Evacuate Collection Set: 5.5ms
[2022-10-03T10:03:41.492-0400][1.781s] GC(1)   Post Evacuate Collection Set: 1.1ms
[2022-10-03T10:03:41.492-0400][1.781s] GC(1)   Other: 0.1ms
[2022-10-03T10:03:41.492-0400][1.781s] GC(1) Eden regions: 68->0(111)
[2022-10-03T10:03:41.492-0400][1.781s] GC(1) Survivor regions: 4->9(9)
[2022-10-03T10:03:41.492-0400][1.781s] GC(1) Old regions: 1->10
[2022-10-03T10:03:41.492-0400][1.781s] GC(1) Archive regions: 2->2
[2022-10-03T10:03:41.492-0400][1.781s] GC(1) Humongous regions: 4->4
[2022-10-03T10:03:41.492-0400][1.781s] GC(1) Metaspace: 18567K(18944K)->18567K(18944K) NonClass: 16419K(16640K)->16419K(16640K) Class: 2148K(2304K)->2148K(2304K)
[2022-10-03T10:03:41.492-0400][1.781s] GC(1) Pause Young (Normal) (G1 Evacuation Pause) 77M->23M(512M) 7.156ms
[2022-10-03T10:03:41.492-0400][1.781s] GC(1) User=0.04s Sys=0.01s Real=0.01s
[2022-10-03T10:03:41.641-0400][1.930s] GC(2) Pause Young (Concurrent Start) (Metadata GC Threshold)
[2022-10-03T10:03:41.641-0400][1.930s] GC(2) Using 8 workers of 8 for evacuation
[2022-10-03T10:03:41.645-0400][1.934s] GC(2)   Pre Evacuate Collection Set: 0.2ms
[2022-10-03T10:03:41.645-0400][1.934s] GC(2)   Merge Heap Roots: 0.1ms
[2022-10-03T10:03:41.645-0400][1.934s] GC(2)   Evacuate Collection Set: 2.9ms
[2022-10-03T10:03:41.645-0400][1.934s] GC(2)   Post Evacuate Collection Set: 0.6ms
[2022-10-03T10:03:41.645-0400][1.934s] GC(2)   Other: 0.2ms
[2022-10-03T10:03:41.645-0400][1.934s] GC(2) Eden regions: 11->0(222)
[2022-10-03T10:03:41.645-0400][1.934s] GC(2) Survivor regions: 9->8(15)
[2022-10-03T10:03:41.645-0400][1.934s] GC(2) Old regions: 10->13
[2022-10-03T10:03:41.645-0400][1.934s] GC(2) Archive regions: 2->2
[2022-10-03T10:03:41.645-0400][1.934s] GC(2) Humongous regions: 4->4
[2022-10-03T10:03:41.645-0400][1.934s] GC(2) Metaspace: 21190K(21504K)->21190K(21504K) NonClass: 18819K(19008K)->18819K(19008K) Class: 2370K(2496K)->2370K(2496K)
[2022-10-03T10:03:41.645-0400][1.934s] GC(2) Pause Young (Concurrent Start) (Metadata GC Threshold) 34M->25M(512M) 4.349ms
[2022-10-03T10:03:41.645-0400][1.934s] GC(2) User=0.02s Sys=0.00s Real=0.00s
[2022-10-03T10:03:41.645-0400][1.934s] GC(3) Concurrent Mark Cycle
[2022-10-03T10:03:41.645-0400][1.934s] GC(3) Concurrent Clear Claimed Marks
[2022-10-03T10:03:41.645-0400][1.934s] GC(3) Concurrent Clear Claimed Marks 0.016ms
[2022-10-03T10:03:41.645-0400][1.934s] GC(3) Concurrent Scan Root Regions
[2022-10-03T10:03:41.647-0400][1.935s] GC(3) Concurrent Scan Root Regions 1.310ms
[2022-10-03T10:03:41.647-0400][1.936s] GC(3) Concurrent Mark
[2022-10-03T10:03:41.647-0400][1.936s] GC(3) Concurrent Mark From Roots
[2022-10-03T10:03:41.647-0400][1.936s] GC(3) Using 2 workers of 2 for marking
[2022-10-03T10:03:41.654-0400][1.942s] GC(3) Concurrent Mark From Roots 6.924ms
[2022-10-03T10:03:41.654-0400][1.942s] GC(3) Concurrent Preclean
[2022-10-03T10:03:41.654-0400][1.943s] GC(3) Concurrent Preclean 0.021ms
[2022-10-03T10:03:41.654-0400][1.943s] GC(3) Pause Remark
[2022-10-03T10:03:41.655-0400][1.944s] GC(3) Pause Remark 26M->26M(512M) 1.474ms
[2022-10-03T10:03:41.655-0400][1.944s] GC(3) User=0.00s Sys=0.00s Real=0.00s
[2022-10-03T10:03:41.655-0400][1.944s] GC(3) Concurrent Mark 8.912ms
[2022-10-03T10:03:41.655-0400][1.944s] GC(3) Concurrent Rebuild Remembered Sets
[2022-10-03T10:03:41.660-0400][1.949s] GC(3) Concurrent Rebuild Remembered Sets 4.580ms
[2022-10-03T10:03:41.660-0400][1.949s] GC(3) Pause Cleanup
[2022-10-03T10:03:41.660-0400][1.949s] GC(3) Pause Cleanup 27M->27M(512M) 0.132ms
[2022-10-03T10:03:41.660-0400][1.949s] GC(3) User=0.00s Sys=0.00s Real=0.00s
[2022-10-03T10:03:41.660-0400][1.949s] GC(3) Concurrent Cleanup for Next Mark
[2022-10-03T10:03:41.661-0400][1.950s] GC(3) Concurrent Cleanup for Next Mark 0.754ms
[2022-10-03T10:03:41.661-0400][1.950s] GC(3) Concurrent Mark Cycle 16.115ms
[2022-10-03T10:03:43.246-0400][3.535s] GC(4) Pause Young (Prepare Mixed) (Metadata GC Threshold)
[2022-10-03T10:03:43.246-0400][3.535s] GC(4) Using 8 workers of 8 for evacuation
[2022-10-03T10:03:43.251-0400][3.540s] GC(4)   Pre Evacuate Collection Set: 0.1ms
[2022-10-03T10:03:43.251-0400][3.540s] GC(4)   Merge Heap Roots: 0.1ms
[2022-10-03T10:03:43.251-0400][3.540s] GC(4)   Evacuate Collection Set: 3.8ms
[2022-10-03T10:03:43.251-0400][3.540s] GC(4)   Post Evacuate Collection Set: 0.8ms
[2022-10-03T10:03:43.251-0400][3.540s] GC(4)   Other: 0.1ms
[2022-10-03T10:03:43.251-0400][3.540s] GC(4) Eden regions: 102->0(7)
[2022-10-03T10:03:43.251-0400][3.540s] GC(4) Survivor regions: 8->18(29)
[2022-10-03T10:03:43.251-0400][3.540s] GC(4) Old regions: 13->13
[2022-10-03T10:03:43.251-0400][3.540s] GC(4) Archive regions: 2->2
[2022-10-03T10:03:43.251-0400][3.540s] GC(4) Humongous regions: 7->5
[2022-10-03T10:03:43.251-0400][3.540s] GC(4) Metaspace: 35809K(36160K)->35809K(36160K) NonClass: 31653K(31808K)->31653K(31808K) Class: 4156K(4352K)->4156K(4352K)
[2022-10-03T10:03:43.251-0400][3.540s] GC(4) Pause Young (Prepare Mixed) (Metadata GC Threshold) 130M->36M(512M) 5.047ms
[2022-10-03T10:03:43.251-0400][3.540s] GC(4) User=0.03s Sys=0.00s Real=0.01s
[2022-10-03T10:03:43.276-0400][3.565s] GC(5) Pause Young (Mixed) (Metadata GC Threshold)
[2022-10-03T10:03:43.277-0400][3.566s] GC(5) Using 8 workers of 8 for evacuation
[2022-10-03T10:03:43.281-0400][3.570s] GC(5)   Pre Evacuate Collection Set: 0.1ms
[2022-10-03T10:03:43.281-0400][3.570s] GC(5)   Merge Heap Roots: 0.1ms
[2022-10-03T10:03:43.281-0400][3.570s] GC(5)   Evacuate Collection Set: 3.7ms
[2022-10-03T10:03:43.281-0400][3.570s] GC(5)   Post Evacuate Collection Set: 0.4ms
[2022-10-03T10:03:43.281-0400][3.570s] GC(5)   Other: 0.1ms
[2022-10-03T10:03:43.281-0400][3.570s] GC(5) Eden regions: 2->0(305)
[2022-10-03T10:03:43.281-0400][3.570s] GC(5) Survivor regions: 18->2(4)
[2022-10-03T10:03:43.281-0400][3.570s] GC(5) Old regions: 13->30
[2022-10-03T10:03:43.281-0400][3.570s] GC(5) Archive regions: 2->2
[2022-10-03T10:03:43.281-0400][3.570s] GC(5) Humongous regions: 5->5
[2022-10-03T10:03:43.281-0400][3.570s] GC(5) Metaspace: 36133K(36480K)->36133K(36480K) NonClass: 31933K(32128K)->31933K(32128K) Class: 4199K(4352K)->4199K(4352K)
[2022-10-03T10:03:43.281-0400][3.570s] GC(5) Pause Young (Mixed) (Metadata GC Threshold) 38M->36M(512M) 4.743ms
[2022-10-03T10:03:43.281-0400][3.570s] GC(5) User=0.03s Sys=0.00s Real=0.01s
[2022-10-03T10:03:43.317-0400][3.606s] GC(6) Pause Young (Concurrent Start) (Metadata GC Threshold)
[2022-10-03T10:03:43.317-0400][3.606s] GC(6) Using 8 workers of 8 for evacuation
[2022-10-03T10:03:43.318-0400][3.607s] GC(6)   Pre Evacuate Collection Set: 0.2ms
[2022-10-03T10:03:43.318-0400][3.607s] GC(6)   Merge Heap Roots: 0.1ms
[2022-10-03T10:03:43.318-0400][3.607s] GC(6)   Evacuate Collection Set: 0.5ms
[2022-10-03T10:03:43.318-0400][3.607s] GC(6)   Post Evacuate Collection Set: 0.4ms
[2022-10-03T10:03:43.318-0400][3.607s] GC(6)   Other: 0.1ms
[2022-10-03T10:03:43.318-0400][3.607s] GC(6) Eden regions: 3->0(306)
[2022-10-03T10:03:43.318-0400][3.607s] GC(6) Survivor regions: 2->1(39)
[2022-10-03T10:03:43.318-0400][3.607s] GC(6) Old regions: 30->30
[2022-10-03T10:03:43.318-0400][3.607s] GC(6) Archive regions: 2->2
[2022-10-03T10:03:43.318-0400][3.607s] GC(6) Humongous regions: 5->5
[2022-10-03T10:03:43.318-0400][3.607s] GC(6) Metaspace: 36438K(36800K)->36438K(36800K) NonClass: 32202K(32384K)->32202K(32384K) Class: 4236K(4416K)->4236K(4416K)
[2022-10-03T10:03:43.318-0400][3.607s] GC(6) Pause Young (Concurrent Start) (Metadata GC Threshold) 38M->35M(512M) 1.492ms
[2022-10-03T10:03:43.318-0400][3.607s] GC(6) User=0.00s Sys=0.00s Real=0.00s
[2022-10-03T10:03:43.318-0400][3.607s] GC(7) Concurrent Mark Cycle
[2022-10-03T10:03:43.318-0400][3.607s] GC(7) Concurrent Clear Claimed Marks
[2022-10-03T10:03:43.318-0400][3.607s] GC(7) Concurrent Clear Claimed Marks 0.013ms
[2022-10-03T10:03:43.318-0400][3.607s] GC(7) Concurrent Scan Root Regions
[2022-10-03T10:03:43.319-0400][3.608s] GC(7) Concurrent Scan Root Regions 0.512ms
[2022-10-03T10:03:43.319-0400][3.608s] GC(7) Concurrent Mark
[2022-10-03T10:03:43.319-0400][3.608s] GC(7) Concurrent Mark From Roots
[2022-10-03T10:03:43.319-0400][3.608s] GC(7) Using 2 workers of 2 for marking
[2022-10-03T10:03:43.333-0400][3.622s] GC(7) Concurrent Mark From Roots 14.514ms
[2022-10-03T10:03:43.333-0400][3.622s] GC(7) Concurrent Preclean
[2022-10-03T10:03:43.333-0400][3.622s] GC(7) Concurrent Preclean 0.057ms
[2022-10-03T10:03:43.334-0400][3.623s] GC(7) Pause Remark
[2022-10-03T10:03:43.335-0400][3.624s] GC(7) Pause Remark 37M->37M(512M) 1.762ms
[2022-10-03T10:03:43.335-0400][3.624s] GC(7) User=0.01s Sys=0.00s Real=0.00s
[2022-10-03T10:03:43.336-0400][3.624s] GC(7) Concurrent Mark 16.666ms
[2022-10-03T10:03:43.336-0400][3.624s] GC(7) Concurrent Rebuild Remembered Sets
[2022-10-03T10:03:43.344-0400][3.633s] GC(7) Concurrent Rebuild Remembered Sets 8.435ms
[2022-10-03T10:03:43.344-0400][3.633s] GC(7) Pause Cleanup
[2022-10-03T10:03:43.344-0400][3.633s] GC(7) Pause Cleanup 37M->37M(512M) 0.159ms
[2022-10-03T10:03:43.344-0400][3.633s] GC(7) User=0.00s Sys=0.00s Real=0.00s
[2022-10-03T10:03:43.345-0400][3.633s] GC(7) Concurrent Cleanup for Next Mark
[2022-10-03T10:03:43.345-0400][3.634s] GC(7) Concurrent Cleanup for Next Mark 0.746ms
[2022-10-03T10:03:43.345-0400][3.634s] GC(7) Concurrent Mark Cycle 27.053ms
[2022-10-03T10:04:14.137-0400][34.426s] GC(8) Pause Young (Normal) (G1 Evacuation Pause)
[2022-10-03T10:04:14.138-0400][34.427s] GC(8) Using 8 workers of 8 for evacuation
[2022-10-03T10:04:14.147-0400][34.436s] GC(8)   Pre Evacuate Collection Set: 0.1ms
[2022-10-03T10:04:14.147-0400][34.436s] GC(8)   Merge Heap Roots: 0.1ms
[2022-10-03T10:04:14.147-0400][34.436s] GC(8)   Evacuate Collection Set: 7.5ms
[2022-10-03T10:04:14.147-0400][34.436s] GC(8)   Post Evacuate Collection Set: 1.0ms
[2022-10-03T10:04:14.147-0400][34.436s] GC(8)   Other: 0.1ms
[2022-10-03T10:04:14.147-0400][34.436s] GC(8) Eden regions: 306->0(268)
[2022-10-03T10:04:14.147-0400][34.436s] GC(8) Survivor regions: 1->39(39)
[2022-10-03T10:04:14.147-0400][34.436s] GC(8) Old regions: 30->37
[2022-10-03T10:04:14.147-0400][34.436s] GC(8) Archive regions: 2->2
[2022-10-03T10:04:14.147-0400][34.436s] GC(8) Humongous regions: 8->8
[2022-10-03T10:04:14.147-0400][34.436s] GC(8) Metaspace: 54050K(54528K)->54050K(54528K) NonClass: 47681K(47936K)->47681K(47936K) Class: 6369K(6592K)->6369K(6592K)
[2022-10-03T10:04:14.147-0400][34.436s] GC(8) Pause Young (Normal) (G1 Evacuation Pause) 344M->84M(512M) 9.865ms
[2022-10-03T10:04:14.147-0400][34.436s] GC(8) User=0.05s Sys=0.01s Real=0.01s
[2022-10-03T10:07:25.733-0400][226.022s] Heap
[2022-10-03T10:07:25.733-0400][226.022s]  garbage-first heap   total 524288K, used 167808K [0x00000007e0000000, 0x0000000800000000)
[2022-10-03T10:07:25.733-0400][226.022s]   region size 1024K, 119 young (121856K), 39 survivors (39936K)
[2022-10-03T10:07:25.733-0400][226.022s]  Metaspace       used 55047K, committed 55552K, reserved 1114112K
[2022-10-03T10:07:25.733-0400][226.022s]   class space    used 6467K, committed 6720K, reserved 1048576K
