[2022-10-03T09:09:44.673-0400][0.011s] CardTable entry size: 512
[2022-10-03T09:09:44.673-0400][0.011s] Using G1
[2022-10-03T09:09:44.931-0400][0.269s] Version: 18+36-2087 (release)
[2022-10-03T09:09:44.931-0400][0.269s] CPUs: 8 total, 8 available
[2022-10-03T09:09:44.931-0400][0.269s] Memory: 16384M
[2022-10-03T09:09:44.931-0400][0.269s] Large Page Support: Disabled
[2022-10-03T09:09:44.931-0400][0.269s] NUMA Support: Disabled
[2022-10-03T09:09:44.932-0400][0.269s] Compressed Oops: Enabled (Zero based)
[2022-10-03T09:09:44.932-0400][0.269s] Heap Region Size: 1M
[2022-10-03T09:09:44.932-0400][0.269s] Heap Min Capacity: 512M
[2022-10-03T09:09:44.932-0400][0.269s] Heap Initial Capacity: 512M
[2022-10-03T09:09:44.932-0400][0.269s] Heap Max Capacity: 512M
[2022-10-03T09:09:44.932-0400][0.269s] Pre-touch: Enabled
[2022-10-03T09:09:44.932-0400][0.269s] Parallel Workers: 8
[2022-10-03T09:09:44.932-0400][0.269s] Concurrent Workers: 2
[2022-10-03T09:09:44.932-0400][0.269s] Concurrent Refinement Workers: 8
[2022-10-03T09:09:44.932-0400][0.269s] Periodic GC: Disabled
[2022-10-03T09:09:44.934-0400][0.271s] CDS archive(s) mapped at: [0x0000000800000000-0x0000000800ba8000-0x0000000800ba8000), size 12222464, SharedBaseAddress: 0x0000000800000000, ArchiveRelocationMode: 0.
[2022-10-03T09:09:44.934-0400][0.271s] Compressed class space mapped at: 0x0000000800c00000-0x0000000840c00000, reserved size: 1073741824
[2022-10-03T09:09:44.934-0400][0.271s] Narrow klass base: 0x0000000800000000, Narrow klass shift: 0, Narrow klass range: 0x100000000
[2022-10-03T09:09:45.976-0400][1.314s] GC(0) Pause Young (Normal) (G1 Evacuation Pause)
[2022-10-03T09:09:45.977-0400][1.315s] GC(0) Using 8 workers of 8 for evacuation
[2022-10-03T09:09:45.980-0400][1.317s] GC(0)   Pre Evacuate Collection Set: 0.1ms
[2022-10-03T09:09:45.980-0400][1.317s] GC(0)   Merge Heap Roots: 0.1ms
[2022-10-03T09:09:45.980-0400][1.317s] GC(0)   Evacuate Collection Set: 2.0ms
[2022-10-03T09:09:45.980-0400][1.317s] GC(0)   Post Evacuate Collection Set: 0.4ms
[2022-10-03T09:09:45.980-0400][1.317s] GC(0)   Other: 0.6ms
[2022-10-03T09:09:45.980-0400][1.317s] GC(0) Eden regions: 29->0(71)
[2022-10-03T09:09:45.980-0400][1.317s] GC(0) Survivor regions: 0->4(4)
[2022-10-03T09:09:45.980-0400][1.317s] GC(0) Old regions: 0->1
[2022-10-03T09:09:45.980-0400][1.317s] GC(0) Archive regions: 2->2
[2022-10-03T09:09:45.980-0400][1.317s] GC(0) Humongous regions: 0->0
[2022-10-03T09:09:45.980-0400][1.317s] GC(0) Metaspace: 9665K(9920K)->9665K(9920K) NonClass: 8552K(8704K)->8552K(8704K) Class: 1112K(1216K)->1112K(1216K)
[2022-10-03T09:09:45.980-0400][1.317s] GC(0) Pause Young (Normal) (G1 Evacuation Pause) 29M->5M(512M) 3.392ms
[2022-10-03T09:09:45.980-0400][1.317s] GC(0) User=0.02s Sys=0.00s Real=0.01s
[2022-10-03T09:09:47.125-0400][2.463s] GC(1) Pause Young (Normal) (G1 Evacuation Pause)
[2022-10-03T09:09:47.126-0400][2.463s] GC(1) Using 8 workers of 8 for evacuation
[2022-10-03T09:09:47.133-0400][2.471s] GC(1)   Pre Evacuate Collection Set: 0.1ms
[2022-10-03T09:09:47.133-0400][2.471s] GC(1)   Merge Heap Roots: 0.1ms
[2022-10-03T09:09:47.133-0400][2.471s] GC(1)   Evacuate Collection Set: 6.0ms
[2022-10-03T09:09:47.133-0400][2.471s] GC(1)   Post Evacuate Collection Set: 1.3ms
[2022-10-03T09:09:47.133-0400][2.471s] GC(1)   Other: 0.1ms
[2022-10-03T09:09:47.133-0400][2.471s] GC(1) Eden regions: 68->0(110)
[2022-10-03T09:09:47.133-0400][2.471s] GC(1) Survivor regions: 4->9(9)
[2022-10-03T09:09:47.133-0400][2.471s] GC(1) Old regions: 1->10
[2022-10-03T09:09:47.133-0400][2.471s] GC(1) Archive regions: 2->2
[2022-10-03T09:09:47.133-0400][2.471s] GC(1) Humongous regions: 4->4
[2022-10-03T09:09:47.133-0400][2.471s] GC(1) Metaspace: 18611K(18944K)->18611K(18944K) NonClass: 16463K(16640K)->16463K(16640K) Class: 2148K(2304K)->2148K(2304K)
[2022-10-03T09:09:47.133-0400][2.471s] GC(1) Pause Young (Normal) (G1 Evacuation Pause) 77M->23M(512M) 7.928ms
[2022-10-03T09:09:47.133-0400][2.471s] GC(1) User=0.04s Sys=0.01s Real=0.01s
[2022-10-03T09:09:47.317-0400][2.655s] GC(2) Pause Young (Concurrent Start) (Metadata GC Threshold)
[2022-10-03T09:09:47.317-0400][2.655s] GC(2) Using 8 workers of 8 for evacuation
[2022-10-03T09:09:47.321-0400][2.659s] GC(2)   Pre Evacuate Collection Set: 0.2ms
[2022-10-03T09:09:47.321-0400][2.659s] GC(2)   Merge Heap Roots: 0.1ms
[2022-10-03T09:09:47.321-0400][2.659s] GC(2)   Evacuate Collection Set: 2.8ms
[2022-10-03T09:09:47.321-0400][2.659s] GC(2)   Post Evacuate Collection Set: 0.6ms
[2022-10-03T09:09:47.321-0400][2.659s] GC(2)   Other: 0.1ms
[2022-10-03T09:09:47.321-0400][2.659s] GC(2) Eden regions: 11->0(224)
[2022-10-03T09:09:47.321-0400][2.659s] GC(2) Survivor regions: 9->7(15)
[2022-10-03T09:09:47.321-0400][2.659s] GC(2) Old regions: 10->14
[2022-10-03T09:09:47.321-0400][2.659s] GC(2) Archive regions: 2->2
[2022-10-03T09:09:47.321-0400][2.659s] GC(2) Humongous regions: 4->4
[2022-10-03T09:09:47.321-0400][2.659s] GC(2) Metaspace: 21215K(21504K)->21215K(21504K) NonClass: 18847K(19008K)->18847K(19008K) Class: 2367K(2496K)->2367K(2496K)
[2022-10-03T09:09:47.321-0400][2.659s] GC(2) Pause Young (Concurrent Start) (Metadata GC Threshold) 34M->25M(512M) 4.077ms
[2022-10-03T09:09:47.321-0400][2.659s] GC(2) User=0.02s Sys=0.00s Real=0.01s
[2022-10-03T09:09:47.321-0400][2.659s] GC(3) Concurrent Mark Cycle
[2022-10-03T09:09:47.321-0400][2.659s] GC(3) Concurrent Clear Claimed Marks
[2022-10-03T09:09:47.321-0400][2.659s] GC(3) Concurrent Clear Claimed Marks 0.016ms
[2022-10-03T09:09:47.321-0400][2.659s] GC(3) Concurrent Scan Root Regions
[2022-10-03T09:09:47.323-0400][2.661s] GC(3) Concurrent Scan Root Regions 1.578ms
[2022-10-03T09:09:47.323-0400][2.661s] GC(3) Concurrent Mark
[2022-10-03T09:09:47.323-0400][2.661s] GC(3) Concurrent Mark From Roots
[2022-10-03T09:09:47.323-0400][2.661s] GC(3) Using 2 workers of 2 for marking
[2022-10-03T09:09:47.334-0400][2.672s] GC(3) Concurrent Mark From Roots 10.914ms
[2022-10-03T09:09:47.334-0400][2.672s] GC(3) Concurrent Preclean
[2022-10-03T09:09:47.334-0400][2.672s] GC(3) Concurrent Preclean 0.031ms
[2022-10-03T09:09:47.334-0400][2.672s] GC(3) Pause Remark
[2022-10-03T09:09:47.335-0400][2.673s] GC(3) Pause Remark 25M->25M(512M) 1.261ms
[2022-10-03T09:09:47.336-0400][2.673s] GC(3) User=0.01s Sys=0.00s Real=0.00s
[2022-10-03T09:09:47.336-0400][2.673s] GC(3) Concurrent Mark 12.756ms
[2022-10-03T09:09:47.336-0400][2.674s] GC(3) Concurrent Rebuild Remembered Sets
[2022-10-03T09:09:47.342-0400][2.680s] GC(3) Concurrent Rebuild Remembered Sets 6.256ms
[2022-10-03T09:09:47.342-0400][2.680s] GC(3) Pause Cleanup
[2022-10-03T09:09:47.342-0400][2.680s] GC(3) Pause Cleanup 26M->26M(512M) 0.088ms
[2022-10-03T09:09:47.342-0400][2.680s] GC(3) User=0.00s Sys=0.00s Real=0.00s
[2022-10-03T09:09:47.342-0400][2.680s] GC(3) Concurrent Cleanup for Next Mark
[2022-10-03T09:09:47.343-0400][2.681s] GC(3) Concurrent Cleanup for Next Mark 0.756ms
[2022-10-03T09:09:47.343-0400][2.681s] GC(3) Concurrent Mark Cycle 21.880ms
[2022-10-03T09:09:49.416-0400][4.754s] GC(4) Pause Young (Prepare Mixed) (Metadata GC Threshold)
[2022-10-03T09:09:49.416-0400][4.754s] GC(4) Using 8 workers of 8 for evacuation
[2022-10-03T09:09:49.421-0400][4.759s] GC(4)   Pre Evacuate Collection Set: 0.1ms
[2022-10-03T09:09:49.421-0400][4.759s] GC(4)   Merge Heap Roots: 0.1ms
[2022-10-03T09:09:49.421-0400][4.759s] GC(4)   Evacuate Collection Set: 3.7ms
[2022-10-03T09:09:49.421-0400][4.759s] GC(4)   Post Evacuate Collection Set: 0.9ms
[2022-10-03T09:09:49.421-0400][4.759s] GC(4)   Other: 0.1ms
[2022-10-03T09:09:49.421-0400][4.759s] GC(4) Eden regions: 91->0(8)
[2022-10-03T09:09:49.421-0400][4.759s] GC(4) Survivor regions: 7->17(29)
[2022-10-03T09:09:49.421-0400][4.759s] GC(4) Old regions: 14->14
[2022-10-03T09:09:49.421-0400][4.759s] GC(4) Archive regions: 2->2
[2022-10-03T09:09:49.421-0400][4.759s] GC(4) Humongous regions: 7->5
[2022-10-03T09:09:49.421-0400][4.759s] GC(4) Metaspace: 35775K(36160K)->35775K(36160K) NonClass: 31629K(31808K)->31629K(31808K) Class: 4146K(4352K)->4146K(4352K)
[2022-10-03T09:09:49.421-0400][4.759s] GC(4) Pause Young (Prepare Mixed) (Metadata GC Threshold) 119M->35M(512M) 5.340ms
[2022-10-03T09:09:49.421-0400][4.759s] GC(4) User=0.03s Sys=0.00s Real=0.01s
[2022-10-03T09:09:49.445-0400][4.783s] GC(5) Pause Young (Mixed) (Metadata GC Threshold)
[2022-10-03T09:09:49.445-0400][4.783s] GC(5) Using 8 workers of 8 for evacuation
[2022-10-03T09:09:49.450-0400][4.787s] GC(5)   Pre Evacuate Collection Set: 0.1ms
[2022-10-03T09:09:49.450-0400][4.787s] GC(5)   Merge Heap Roots: 0.1ms
[2022-10-03T09:09:49.450-0400][4.787s] GC(5)   Evacuate Collection Set: 3.5ms
[2022-10-03T09:09:49.450-0400][4.787s] GC(5)   Post Evacuate Collection Set: 0.5ms
[2022-10-03T09:09:49.450-0400][4.787s] GC(5)   Other: 0.1ms
[2022-10-03T09:09:49.450-0400][4.787s] GC(5) Eden regions: 2->0(305)
[2022-10-03T09:09:49.450-0400][4.787s] GC(5) Survivor regions: 17->2(4)
[2022-10-03T09:09:49.450-0400][4.787s] GC(5) Old regions: 14->29
[2022-10-03T09:09:49.450-0400][4.787s] GC(5) Archive regions: 2->2
[2022-10-03T09:09:49.450-0400][4.787s] GC(5) Humongous regions: 5->5
[2022-10-03T09:09:49.450-0400][4.787s] GC(5) Metaspace: 36107K(36480K)->36107K(36480K) NonClass: 31930K(32128K)->31930K(32128K) Class: 4177K(4352K)->4177K(4352K)
[2022-10-03T09:09:49.450-0400][4.787s] GC(5) Pause Young (Mixed) (Metadata GC Threshold) 37M->36M(512M) 4.583ms
[2022-10-03T09:09:49.450-0400][4.787s] GC(5) User=0.02s Sys=0.00s Real=0.01s
[2022-10-03T09:09:49.486-0400][4.823s] GC(6) Pause Young (Concurrent Start) (Metadata GC Threshold)
[2022-10-03T09:09:49.486-0400][4.823s] GC(6) Using 8 workers of 8 for evacuation
[2022-10-03T09:09:49.487-0400][4.824s] GC(6)   Pre Evacuate Collection Set: 0.1ms
[2022-10-03T09:09:49.487-0400][4.824s] GC(6)   Merge Heap Roots: 0.0ms
[2022-10-03T09:09:49.487-0400][4.824s] GC(6)   Evacuate Collection Set: 0.5ms
[2022-10-03T09:09:49.487-0400][4.825s] GC(6)   Post Evacuate Collection Set: 0.2ms
[2022-10-03T09:09:49.487-0400][4.825s] GC(6)   Other: 0.1ms
[2022-10-03T09:09:49.487-0400][4.825s] GC(6) Eden regions: 2->0(306)
[2022-10-03T09:09:49.487-0400][4.825s] GC(6) Survivor regions: 2->1(39)
[2022-10-03T09:09:49.487-0400][4.825s] GC(6) Old regions: 29->29
[2022-10-03T09:09:49.487-0400][4.825s] GC(6) Archive regions: 2->2
[2022-10-03T09:09:49.487-0400][4.825s] GC(6) Humongous regions: 5->5
[2022-10-03T09:09:49.487-0400][4.825s] GC(6) Metaspace: 36413K(36800K)->36413K(36800K) NonClass: 32195K(32384K)->32195K(32384K) Class: 4217K(4416K)->4217K(4416K)
[2022-10-03T09:09:49.487-0400][4.825s] GC(6) Pause Young (Concurrent Start) (Metadata GC Threshold) 38M->35M(512M) 1.241ms
[2022-10-03T09:09:49.487-0400][4.825s] GC(6) User=0.01s Sys=0.00s Real=0.00s
[2022-10-03T09:09:49.487-0400][4.825s] GC(7) Concurrent Mark Cycle
[2022-10-03T09:09:49.487-0400][4.825s] GC(7) Concurrent Clear Claimed Marks
[2022-10-03T09:09:49.487-0400][4.825s] GC(7) Concurrent Clear Claimed Marks 0.031ms
[2022-10-03T09:09:49.487-0400][4.825s] GC(7) Concurrent Scan Root Regions
[2022-10-03T09:09:49.488-0400][4.826s] GC(7) Concurrent Scan Root Regions 0.797ms
[2022-10-03T09:09:49.488-0400][4.826s] GC(7) Concurrent Mark
[2022-10-03T09:09:49.488-0400][4.826s] GC(7) Concurrent Mark From Roots
[2022-10-03T09:09:49.488-0400][4.826s] GC(7) Using 2 workers of 2 for marking
[2022-10-03T09:09:49.503-0400][4.840s] GC(7) Concurrent Mark From Roots 14.742ms
[2022-10-03T09:09:49.503-0400][4.840s] GC(7) Concurrent Preclean
[2022-10-03T09:09:49.503-0400][4.840s] GC(7) Concurrent Preclean 0.045ms
[2022-10-03T09:09:49.503-0400][4.841s] GC(7) Pause Remark
[2022-10-03T09:09:49.505-0400][4.842s] GC(7) Pause Remark 36M->36M(512M) 1.859ms
[2022-10-03T09:09:49.505-0400][4.843s] GC(7) User=0.01s Sys=0.00s Real=0.00s
[2022-10-03T09:09:49.505-0400][4.843s] GC(7) Concurrent Mark 16.971ms
[2022-10-03T09:09:49.505-0400][4.843s] GC(7) Concurrent Rebuild Remembered Sets
[2022-10-03T09:09:49.516-0400][4.854s] GC(7) Concurrent Rebuild Remembered Sets 10.956ms
[2022-10-03T09:09:49.516-0400][4.854s] GC(7) Pause Cleanup
[2022-10-03T09:09:49.516-0400][4.854s] GC(7) Pause Cleanup 36M->36M(512M) 0.075ms
[2022-10-03T09:09:49.516-0400][4.854s] GC(7) User=0.00s Sys=0.00s Real=0.00s
[2022-10-03T09:09:49.516-0400][4.854s] GC(7) Concurrent Cleanup for Next Mark
[2022-10-03T09:09:49.517-0400][4.855s] GC(7) Concurrent Cleanup for Next Mark 0.751ms
[2022-10-03T09:09:49.517-0400][4.855s] GC(7) Concurrent Mark Cycle 30.120ms
[2022-10-03T09:12:51.500-0400][186.839s] Heap
[2022-10-03T09:12:51.501-0400][186.840s]  garbage-first heap   total 524288K, used 157359K [0x00000007e0000000, 0x0000000800000000)
[2022-10-03T09:12:51.501-0400][186.840s]   region size 1024K, 117 young (119808K), 1 survivors (1024K)
[2022-10-03T09:12:51.501-0400][186.840s]  Metaspace       used 53382K, committed 53888K, reserved 1114112K
[2022-10-03T09:12:51.501-0400][186.840s]   class space    used 6320K, committed 6592K, reserved 1048576K
