[2022-10-03T09:05:38.504-0400][0.012s] CardTable entry size: 512
[2022-10-03T09:05:38.505-0400][0.012s] Using G1
[2022-10-03T09:05:38.730-0400][0.237s] Version: 18+36-2087 (release)
[2022-10-03T09:05:38.730-0400][0.237s] CPUs: 8 total, 8 available
[2022-10-03T09:05:38.730-0400][0.237s] Memory: 16384M
[2022-10-03T09:05:38.730-0400][0.237s] Large Page Support: Disabled
[2022-10-03T09:05:38.730-0400][0.237s] NUMA Support: Disabled
[2022-10-03T09:05:38.730-0400][0.237s] Compressed Oops: Enabled (Zero based)
[2022-10-03T09:05:38.730-0400][0.237s] Heap Region Size: 1M
[2022-10-03T09:05:38.730-0400][0.237s] Heap Min Capacity: 512M
[2022-10-03T09:05:38.730-0400][0.237s] Heap Initial Capacity: 512M
[2022-10-03T09:05:38.730-0400][0.237s] Heap Max Capacity: 512M
[2022-10-03T09:05:38.730-0400][0.237s] Pre-touch: Enabled
[2022-10-03T09:05:38.730-0400][0.237s] Parallel Workers: 8
[2022-10-03T09:05:38.730-0400][0.237s] Concurrent Workers: 2
[2022-10-03T09:05:38.730-0400][0.238s] Concurrent Refinement Workers: 8
[2022-10-03T09:05:38.730-0400][0.238s] Periodic GC: Disabled
[2022-10-03T09:05:38.731-0400][0.238s] CDS archive(s) mapped at: [0x0000000800000000-0x0000000800ba8000-0x0000000800ba8000), size 12222464, SharedBaseAddress: 0x0000000800000000, ArchiveRelocationMode: 0.
[2022-10-03T09:05:38.731-0400][0.238s] Compressed class space mapped at: 0x0000000800c00000-0x0000000840c00000, reserved size: 1073741824
[2022-10-03T09:05:38.731-0400][0.238s] Narrow klass base: 0x0000000800000000, Narrow klass shift: 0, Narrow klass range: 0x100000000
[2022-10-03T09:05:39.614-0400][1.122s] GC(0) Pause Young (Normal) (G1 Evacuation Pause)
[2022-10-03T09:05:39.615-0400][1.122s] GC(0) Using 8 workers of 8 for evacuation
[2022-10-03T09:05:39.618-0400][1.126s] GC(0)   Pre Evacuate Collection Set: 0.1ms
[2022-10-03T09:05:39.618-0400][1.126s] GC(0)   Merge Heap Roots: 0.1ms
[2022-10-03T09:05:39.618-0400][1.126s] GC(0)   Evacuate Collection Set: 2.5ms
[2022-10-03T09:05:39.618-0400][1.126s] GC(0)   Post Evacuate Collection Set: 0.5ms
[2022-10-03T09:05:39.618-0400][1.126s] GC(0)   Other: 0.6ms
[2022-10-03T09:05:39.618-0400][1.126s] GC(0) Eden regions: 29->0(71)
[2022-10-03T09:05:39.618-0400][1.126s] GC(0) Survivor regions: 0->4(4)
[2022-10-03T09:05:39.618-0400][1.126s] GC(0) Old regions: 0->1
[2022-10-03T09:05:39.618-0400][1.126s] GC(0) Archive regions: 2->2
[2022-10-03T09:05:39.618-0400][1.126s] GC(0) Humongous regions: 0->0
[2022-10-03T09:05:39.618-0400][1.126s] GC(0) Metaspace: 9657K(9920K)->9657K(9920K) NonClass: 8544K(8704K)->8544K(8704K) Class: 1112K(1216K)->1112K(1216K)
[2022-10-03T09:05:39.618-0400][1.126s] GC(0) Pause Young (Normal) (G1 Evacuation Pause) 29M->5M(512M) 4.034ms
[2022-10-03T09:05:39.618-0400][1.126s] GC(0) User=0.02s Sys=0.00s Real=0.00s
[2022-10-03T09:05:40.374-0400][1.882s] GC(1) Pause Young (Normal) (G1 Evacuation Pause)
[2022-10-03T09:05:40.374-0400][1.882s] GC(1) Using 8 workers of 8 for evacuation
[2022-10-03T09:05:40.382-0400][1.889s] GC(1)   Pre Evacuate Collection Set: 0.1ms
[2022-10-03T09:05:40.382-0400][1.889s] GC(1)   Merge Heap Roots: 0.2ms
[2022-10-03T09:05:40.382-0400][1.889s] GC(1)   Evacuate Collection Set: 5.8ms
[2022-10-03T09:05:40.382-0400][1.889s] GC(1)   Post Evacuate Collection Set: 1.1ms
[2022-10-03T09:05:40.382-0400][1.889s] GC(1)   Other: 0.1ms
[2022-10-03T09:05:40.382-0400][1.889s] GC(1) Eden regions: 67->0(111)
[2022-10-03T09:05:40.382-0400][1.889s] GC(1) Survivor regions: 4->9(9)
[2022-10-03T09:05:40.382-0400][1.889s] GC(1) Old regions: 1->11
[2022-10-03T09:05:40.382-0400][1.889s] GC(1) Archive regions: 2->2
[2022-10-03T09:05:40.382-0400][1.889s] GC(1) Humongous regions: 4->4
[2022-10-03T09:05:40.382-0400][1.889s] GC(1) Metaspace: 18562K(18944K)->18562K(18944K) NonClass: 16416K(16640K)->16416K(16640K) Class: 2145K(2304K)->2145K(2304K)
[2022-10-03T09:05:40.382-0400][1.890s] GC(1) Pause Young (Normal) (G1 Evacuation Pause) 76M->24M(512M) 7.564ms
[2022-10-03T09:05:40.382-0400][1.890s] GC(1) User=0.04s Sys=0.01s Real=0.01s
[2022-10-03T09:05:40.562-0400][2.070s] GC(2) Pause Young (Concurrent Start) (Metadata GC Threshold)
[2022-10-03T09:05:40.562-0400][2.070s] GC(2) Using 8 workers of 8 for evacuation
[2022-10-03T09:05:40.566-0400][2.074s] GC(2)   Pre Evacuate Collection Set: 0.2ms
[2022-10-03T09:05:40.566-0400][2.074s] GC(2)   Merge Heap Roots: 0.1ms
[2022-10-03T09:05:40.566-0400][2.074s] GC(2)   Evacuate Collection Set: 3.0ms
[2022-10-03T09:05:40.566-0400][2.074s] GC(2)   Post Evacuate Collection Set: 0.5ms
[2022-10-03T09:05:40.566-0400][2.074s] GC(2)   Other: 0.1ms
[2022-10-03T09:05:40.566-0400][2.074s] GC(2) Eden regions: 12->0(240)
[2022-10-03T09:05:40.566-0400][2.074s] GC(2) Survivor regions: 9->7(15)
[2022-10-03T09:05:40.566-0400][2.074s] GC(2) Old regions: 11->14
[2022-10-03T09:05:40.566-0400][2.074s] GC(2) Archive regions: 2->2
[2022-10-03T09:05:40.566-0400][2.074s] GC(2) Humongous regions: 4->4
[2022-10-03T09:05:40.566-0400][2.074s] GC(2) Metaspace: 21185K(21504K)->21185K(21504K) NonClass: 18817K(19008K)->18817K(19008K) Class: 2367K(2496K)->2367K(2496K)
[2022-10-03T09:05:40.566-0400][2.074s] GC(2) Pause Young (Concurrent Start) (Metadata GC Threshold) 35M->24M(512M) 4.268ms
[2022-10-03T09:05:40.566-0400][2.074s] GC(2) User=0.02s Sys=0.00s Real=0.00s
[2022-10-03T09:05:40.566-0400][2.074s] GC(3) Concurrent Mark Cycle
[2022-10-03T09:05:40.566-0400][2.074s] GC(3) Concurrent Clear Claimed Marks
[2022-10-03T09:05:40.566-0400][2.074s] GC(3) Concurrent Clear Claimed Marks 0.019ms
[2022-10-03T09:05:40.566-0400][2.074s] GC(3) Concurrent Scan Root Regions
[2022-10-03T09:05:40.568-0400][2.075s] GC(3) Concurrent Scan Root Regions 1.527ms
[2022-10-03T09:05:40.568-0400][2.076s] GC(3) Concurrent Mark
[2022-10-03T09:05:40.568-0400][2.076s] GC(3) Concurrent Mark From Roots
[2022-10-03T09:05:40.568-0400][2.076s] GC(3) Using 2 workers of 2 for marking
[2022-10-03T09:05:40.577-0400][2.085s] GC(3) Concurrent Mark From Roots 9.051ms
[2022-10-03T09:05:40.577-0400][2.085s] GC(3) Concurrent Preclean
[2022-10-03T09:05:40.577-0400][2.085s] GC(3) Concurrent Preclean 0.030ms
[2022-10-03T09:05:40.577-0400][2.085s] GC(3) Pause Remark
[2022-10-03T09:05:40.578-0400][2.086s] GC(3) Pause Remark 25M->25M(512M) 1.273ms
[2022-10-03T09:05:40.578-0400][2.086s] GC(3) User=0.00s Sys=0.00s Real=0.00s
[2022-10-03T09:05:40.579-0400][2.086s] GC(3) Concurrent Mark 10.697ms
[2022-10-03T09:05:40.579-0400][2.086s] GC(3) Concurrent Rebuild Remembered Sets
[2022-10-03T09:05:40.584-0400][2.092s] GC(3) Concurrent Rebuild Remembered Sets 5.328ms
[2022-10-03T09:05:40.584-0400][2.092s] GC(3) Pause Cleanup
[2022-10-03T09:05:40.584-0400][2.092s] GC(3) Pause Cleanup 26M->26M(512M) 0.104ms
[2022-10-03T09:05:40.584-0400][2.092s] GC(3) User=0.00s Sys=0.00s Real=0.00s
[2022-10-03T09:05:40.584-0400][2.092s] GC(3) Concurrent Cleanup for Next Mark
[2022-10-03T09:05:40.585-0400][2.093s] GC(3) Concurrent Cleanup for Next Mark 0.775ms
[2022-10-03T09:05:40.585-0400][2.093s] GC(3) Concurrent Mark Cycle 18.834ms
[2022-10-03T09:05:42.019-0400][3.526s] GC(4) Pause Young (Prepare Mixed) (Metadata GC Threshold)
[2022-10-03T09:05:42.019-0400][3.526s] GC(4) Using 8 workers of 8 for evacuation
[2022-10-03T09:05:42.023-0400][3.531s] GC(4)   Pre Evacuate Collection Set: 0.1ms
[2022-10-03T09:05:42.023-0400][3.531s] GC(4)   Merge Heap Roots: 0.3ms
[2022-10-03T09:05:42.023-0400][3.531s] GC(4)   Evacuate Collection Set: 3.3ms
[2022-10-03T09:05:42.023-0400][3.531s] GC(4)   Post Evacuate Collection Set: 0.9ms
[2022-10-03T09:05:42.023-0400][3.531s] GC(4)   Other: 0.1ms
[2022-10-03T09:05:42.023-0400][3.531s] GC(4) Eden regions: 81->0(9)
[2022-10-03T09:05:42.023-0400][3.531s] GC(4) Survivor regions: 7->16(31)
[2022-10-03T09:05:42.023-0400][3.531s] GC(4) Old regions: 14->14
[2022-10-03T09:05:42.023-0400][3.531s] GC(4) Archive regions: 2->2
[2022-10-03T09:05:42.023-0400][3.531s] GC(4) Humongous regions: 7->5
[2022-10-03T09:05:42.023-0400][3.531s] GC(4) Metaspace: 35880K(36288K)->35880K(36288K) NonClass: 31693K(31872K)->31693K(31872K) Class: 4187K(4416K)->4187K(4416K)
[2022-10-03T09:05:42.023-0400][3.531s] GC(4) Pause Young (Prepare Mixed) (Metadata GC Threshold) 108M->35M(512M) 4.958ms
[2022-10-03T09:05:42.023-0400][3.531s] GC(4) User=0.03s Sys=0.00s Real=0.01s
[2022-10-03T09:05:42.038-0400][3.546s] GC(5) Pause Young (Mixed) (Metadata GC Threshold)
[2022-10-03T09:05:42.038-0400][3.546s] GC(5) Using 8 workers of 8 for evacuation
[2022-10-03T09:05:42.043-0400][3.551s] GC(5)   Pre Evacuate Collection Set: 0.1ms
[2022-10-03T09:05:42.043-0400][3.551s] GC(5)   Merge Heap Roots: 0.1ms
[2022-10-03T09:05:42.043-0400][3.551s] GC(5)   Evacuate Collection Set: 4.0ms
[2022-10-03T09:05:42.043-0400][3.551s] GC(5)   Post Evacuate Collection Set: 0.4ms
[2022-10-03T09:05:42.043-0400][3.551s] GC(5)   Other: 0.1ms
[2022-10-03T09:05:42.043-0400][3.551s] GC(5) Eden regions: 3->0(305)
[2022-10-03T09:05:42.043-0400][3.551s] GC(5) Survivor regions: 16->2(4)
[2022-10-03T09:05:42.043-0400][3.551s] GC(5) Old regions: 14->30
[2022-10-03T09:05:42.043-0400][3.551s] GC(5) Archive regions: 2->2
[2022-10-03T09:05:42.043-0400][3.551s] GC(5) Humongous regions: 5->5
[2022-10-03T09:05:42.043-0400][3.551s] GC(5) Metaspace: 36257K(36608K)->36257K(36608K) NonClass: 32023K(32192K)->32023K(32192K) Class: 4233K(4416K)->4233K(4416K)
[2022-10-03T09:05:42.043-0400][3.551s] GC(5) Pause Young (Mixed) (Metadata GC Threshold) 37M->36M(512M) 5.046ms
[2022-10-03T09:05:42.043-0400][3.551s] GC(5) User=0.02s Sys=0.00s Real=0.01s
[2022-10-03T09:05:42.069-0400][3.577s] GC(6) Pause Young (Concurrent Start) (Metadata GC Threshold)
[2022-10-03T09:05:42.069-0400][3.577s] GC(6) Using 8 workers of 8 for evacuation
[2022-10-03T09:05:42.071-0400][3.579s] GC(6)   Pre Evacuate Collection Set: 0.1ms
[2022-10-03T09:05:42.072-0400][3.579s] GC(6)   Merge Heap Roots: 0.0ms
[2022-10-03T09:05:42.072-0400][3.579s] GC(6)   Evacuate Collection Set: 1.6ms
[2022-10-03T09:05:42.072-0400][3.579s] GC(6)   Post Evacuate Collection Set: 0.5ms
[2022-10-03T09:05:42.072-0400][3.579s] GC(6)   Other: 0.1ms
[2022-10-03T09:05:42.072-0400][3.579s] GC(6) Eden regions: 2->0(306)
[2022-10-03T09:05:42.072-0400][3.579s] GC(6) Survivor regions: 2->1(39)
[2022-10-03T09:05:42.072-0400][3.579s] GC(6) Old regions: 30->30
[2022-10-03T09:05:42.072-0400][3.579s] GC(6) Archive regions: 2->2
[2022-10-03T09:05:42.072-0400][3.579s] GC(6) Humongous regions: 5->5
[2022-10-03T09:05:42.072-0400][3.579s] GC(6) Metaspace: 36526K(36928K)->36526K(36928K) NonClass: 32266K(32448K)->32266K(32448K) Class: 4259K(4480K)->4259K(4480K)
[2022-10-03T09:05:42.072-0400][3.579s] GC(6) Pause Young (Concurrent Start) (Metadata GC Threshold) 37M->35M(512M) 2.662ms
[2022-10-03T09:05:42.072-0400][3.579s] GC(7) Concurrent Mark Cycle
[2022-10-03T09:05:42.072-0400][3.579s] GC(6) User=0.01s Sys=0.00s Real=0.01s
[2022-10-03T09:05:42.072-0400][3.579s] GC(7) Concurrent Clear Claimed Marks
[2022-10-03T09:05:42.072-0400][3.580s] GC(7) Concurrent Clear Claimed Marks 0.110ms
[2022-10-03T09:05:42.072-0400][3.580s] GC(7) Concurrent Scan Root Regions
[2022-10-03T09:05:42.073-0400][3.581s] GC(7) Concurrent Scan Root Regions 1.247ms
[2022-10-03T09:05:42.073-0400][3.581s] GC(7) Concurrent Mark
[2022-10-03T09:05:42.073-0400][3.581s] GC(7) Concurrent Mark From Roots
[2022-10-03T09:05:42.073-0400][3.581s] GC(7) Using 2 workers of 2 for marking
[2022-10-03T09:05:42.095-0400][3.602s] GC(7) Concurrent Mark From Roots 21.378ms
[2022-10-03T09:05:42.095-0400][3.602s] GC(7) Concurrent Preclean
[2022-10-03T09:05:42.095-0400][3.602s] GC(7) Concurrent Preclean 0.053ms
[2022-10-03T09:05:42.095-0400][3.603s] GC(7) Pause Remark
[2022-10-03T09:05:42.096-0400][3.604s] GC(7) Pause Remark 38M->38M(512M) 1.595ms
[2022-10-03T09:05:42.097-0400][3.604s] GC(7) User=0.00s Sys=0.00s Real=0.00s
[2022-10-03T09:05:42.097-0400][3.604s] GC(7) Concurrent Mark 23.499ms
[2022-10-03T09:05:42.097-0400][3.604s] GC(7) Concurrent Rebuild Remembered Sets
[2022-10-03T09:05:42.109-0400][3.616s] GC(7) Concurrent Rebuild Remembered Sets 11.909ms
[2022-10-03T09:05:42.109-0400][3.617s] GC(7) Pause Cleanup
[2022-10-03T09:05:42.109-0400][3.617s] GC(7) Pause Cleanup 38M->38M(512M) 0.120ms
[2022-10-03T09:05:42.109-0400][3.617s] GC(7) User=0.00s Sys=0.00s Real=0.00s
[2022-10-03T09:05:42.109-0400][3.617s] GC(7) Concurrent Cleanup for Next Mark
[2022-10-03T09:05:42.110-0400][3.618s] GC(7) Concurrent Cleanup for Next Mark 0.969ms
[2022-10-03T09:05:42.110-0400][3.618s] GC(7) Concurrent Mark Cycle 38.392ms
[2022-10-03T09:09:34.847-0400][236.382s] Heap
[2022-10-03T09:09:34.848-0400][236.383s]  garbage-first heap   total 524288K, used 160306K [0x00000007e0000000, 0x0000000800000000)
[2022-10-03T09:09:34.848-0400][236.383s]   region size 1024K, 120 young (122880K), 1 survivors (1024K)
[2022-10-03T09:09:34.848-0400][236.383s]  Metaspace       used 53961K, committed 54464K, reserved 1114112K
[2022-10-03T09:09:34.848-0400][236.383s]   class space    used 6377K, committed 6656K, reserved 1048576K
