[2022-10-03T10:00:09.023-0400][0.010s] CardTable entry size: 512
[2022-10-03T10:00:09.023-0400][0.010s] Using G1
[2022-10-03T10:00:09.245-0400][0.232s] Version: 18+36-2087 (release)
[2022-10-03T10:00:09.245-0400][0.232s] CPUs: 8 total, 8 available
[2022-10-03T10:00:09.245-0400][0.232s] Memory: 16384M
[2022-10-03T10:00:09.245-0400][0.232s] Large Page Support: Disabled
[2022-10-03T10:00:09.245-0400][0.232s] NUMA Support: Disabled
[2022-10-03T10:00:09.245-0400][0.232s] Compressed Oops: Enabled (Zero based)
[2022-10-03T10:00:09.245-0400][0.232s] Heap Region Size: 1M
[2022-10-03T10:00:09.245-0400][0.232s] Heap Min Capacity: 512M
[2022-10-03T10:00:09.245-0400][0.232s] Heap Initial Capacity: 512M
[2022-10-03T10:00:09.245-0400][0.232s] Heap Max Capacity: 512M
[2022-10-03T10:00:09.245-0400][0.232s] Pre-touch: Enabled
[2022-10-03T10:00:09.245-0400][0.232s] Parallel Workers: 8
[2022-10-03T10:00:09.245-0400][0.232s] Concurrent Workers: 2
[2022-10-03T10:00:09.245-0400][0.232s] Concurrent Refinement Workers: 8
[2022-10-03T10:00:09.245-0400][0.232s] Periodic GC: Disabled
[2022-10-03T10:00:09.246-0400][0.233s] CDS archive(s) mapped at: [0x0000000800000000-0x0000000800ba8000-0x0000000800ba8000), size 12222464, SharedBaseAddress: 0x0000000800000000, ArchiveRelocationMode: 0.
[2022-10-03T10:00:09.246-0400][0.233s] Compressed class space mapped at: 0x0000000800c00000-0x0000000840c00000, reserved size: 1073741824
[2022-10-03T10:00:09.246-0400][0.233s] Narrow klass base: 0x0000000800000000, Narrow klass shift: 0, Narrow klass range: 0x100000000
[2022-10-03T10:00:10.058-0400][1.045s] GC(0) Pause Young (Normal) (G1 Evacuation Pause)
[2022-10-03T10:00:10.060-0400][1.047s] GC(0) Using 8 workers of 8 for evacuation
[2022-10-03T10:00:10.063-0400][1.050s] GC(0)   Pre Evacuate Collection Set: 0.1ms
[2022-10-03T10:00:10.063-0400][1.050s] GC(0)   Merge Heap Roots: 0.1ms
[2022-10-03T10:00:10.063-0400][1.050s] GC(0)   Evacuate Collection Set: 2.1ms
[2022-10-03T10:00:10.063-0400][1.050s] GC(0)   Post Evacuate Collection Set: 0.4ms
[2022-10-03T10:00:10.063-0400][1.050s] GC(0)   Other: 1.4ms
[2022-10-03T10:00:10.063-0400][1.050s] GC(0) Eden regions: 29->0(71)
[2022-10-03T10:00:10.063-0400][1.050s] GC(0) Survivor regions: 0->4(4)
[2022-10-03T10:00:10.063-0400][1.050s] GC(0) Old regions: 0->1
[2022-10-03T10:00:10.063-0400][1.050s] GC(0) Archive regions: 2->2
[2022-10-03T10:00:10.063-0400][1.050s] GC(0) Humongous regions: 0->0
[2022-10-03T10:00:10.063-0400][1.050s] GC(0) Metaspace: 9664K(9920K)->9664K(9920K) NonClass: 8551K(8704K)->8551K(8704K) Class: 1112K(1216K)->1112K(1216K)
[2022-10-03T10:00:10.063-0400][1.050s] GC(0) Pause Young (Normal) (G1 Evacuation Pause) 29M->5M(512M) 4.726ms
[2022-10-03T10:00:10.063-0400][1.050s] GC(0) User=0.02s Sys=0.00s Real=0.01s
[2022-10-03T10:00:10.783-0400][1.770s] GC(1) Pause Young (Normal) (G1 Evacuation Pause)
[2022-10-03T10:00:10.783-0400][1.770s] GC(1) Using 8 workers of 8 for evacuation
[2022-10-03T10:00:10.790-0400][1.777s] GC(1)   Pre Evacuate Collection Set: 0.1ms
[2022-10-03T10:00:10.790-0400][1.777s] GC(1)   Merge Heap Roots: 0.1ms
[2022-10-03T10:00:10.790-0400][1.777s] GC(1)   Evacuate Collection Set: 5.3ms
[2022-10-03T10:00:10.790-0400][1.777s] GC(1)   Post Evacuate Collection Set: 1.0ms
[2022-10-03T10:00:10.790-0400][1.777s] GC(1)   Other: 0.1ms
[2022-10-03T10:00:10.790-0400][1.777s] GC(1) Eden regions: 68->0(115)
[2022-10-03T10:00:10.790-0400][1.777s] GC(1) Survivor regions: 4->9(9)
[2022-10-03T10:00:10.790-0400][1.777s] GC(1) Old regions: 1->11
[2022-10-03T10:00:10.790-0400][1.777s] GC(1) Archive regions: 2->2
[2022-10-03T10:00:10.790-0400][1.777s] GC(1) Humongous regions: 4->4
[2022-10-03T10:00:10.790-0400][1.777s] GC(1) Metaspace: 18565K(18944K)->18565K(18944K) NonClass: 16419K(16640K)->16419K(16640K) Class: 2145K(2304K)->2145K(2304K)
[2022-10-03T10:00:10.790-0400][1.777s] GC(1) Pause Young (Normal) (G1 Evacuation Pause) 77M->24M(512M) 6.937ms
[2022-10-03T10:00:10.790-0400][1.777s] GC(1) User=0.04s Sys=0.00s Real=0.01s
[2022-10-03T10:00:10.933-0400][1.920s] GC(2) Pause Young (Concurrent Start) (Metadata GC Threshold)
[2022-10-03T10:00:10.933-0400][1.920s] GC(2) Using 8 workers of 8 for evacuation
[2022-10-03T10:00:10.937-0400][1.924s] GC(2)   Pre Evacuate Collection Set: 0.2ms
[2022-10-03T10:00:10.937-0400][1.924s] GC(2)   Merge Heap Roots: 0.1ms
[2022-10-03T10:00:10.937-0400][1.924s] GC(2)   Evacuate Collection Set: 2.7ms
[2022-10-03T10:00:10.937-0400][1.924s] GC(2)   Post Evacuate Collection Set: 0.6ms
[2022-10-03T10:00:10.937-0400][1.924s] GC(2)   Other: 0.1ms
[2022-10-03T10:00:10.937-0400][1.924s] GC(2) Eden regions: 11->0(253)
[2022-10-03T10:00:10.937-0400][1.924s] GC(2) Survivor regions: 9->7(16)
[2022-10-03T10:00:10.937-0400][1.924s] GC(2) Old regions: 11->14
[2022-10-03T10:00:10.937-0400][1.924s] GC(2) Archive regions: 2->2
[2022-10-03T10:00:10.937-0400][1.924s] GC(2) Humongous regions: 4->4
[2022-10-03T10:00:10.937-0400][1.924s] GC(2) Metaspace: 21182K(21504K)->21182K(21504K) NonClass: 18815K(19008K)->18815K(19008K) Class: 2367K(2496K)->2367K(2496K)
[2022-10-03T10:00:10.937-0400][1.924s] GC(2) Pause Young (Concurrent Start) (Metadata GC Threshold) 35M->25M(512M) 4.016ms
[2022-10-03T10:00:10.937-0400][1.924s] GC(2) User=0.01s Sys=0.00s Real=0.00s
[2022-10-03T10:00:10.937-0400][1.924s] GC(3) Concurrent Mark Cycle
[2022-10-03T10:00:10.937-0400][1.924s] GC(3) Concurrent Clear Claimed Marks
[2022-10-03T10:00:10.937-0400][1.924s] GC(3) Concurrent Clear Claimed Marks 0.046ms
[2022-10-03T10:00:10.937-0400][1.924s] GC(3) Concurrent Scan Root Regions
[2022-10-03T10:00:10.938-0400][1.926s] GC(3) Concurrent Scan Root Regions 1.134ms
[2022-10-03T10:00:10.938-0400][1.926s] GC(3) Concurrent Mark
[2022-10-03T10:00:10.938-0400][1.926s] GC(3) Concurrent Mark From Roots
[2022-10-03T10:00:10.938-0400][1.926s] GC(3) Using 2 workers of 2 for marking
[2022-10-03T10:00:10.946-0400][1.933s] GC(3) Concurrent Mark From Roots 7.315ms
[2022-10-03T10:00:10.946-0400][1.933s] GC(3) Concurrent Preclean
[2022-10-03T10:00:10.946-0400][1.933s] GC(3) Concurrent Preclean 0.032ms
[2022-10-03T10:00:10.946-0400][1.933s] GC(3) Pause Remark
[2022-10-03T10:00:10.947-0400][1.935s] GC(3) Pause Remark 26M->26M(512M) 1.524ms
[2022-10-03T10:00:10.947-0400][1.935s] GC(3) User=0.01s Sys=0.00s Real=0.00s
[2022-10-03T10:00:10.948-0400][1.935s] GC(3) Concurrent Mark 9.176ms
[2022-10-03T10:00:10.948-0400][1.935s] GC(3) Concurrent Rebuild Remembered Sets
[2022-10-03T10:00:10.953-0400][1.940s] GC(3) Concurrent Rebuild Remembered Sets 4.988ms
[2022-10-03T10:00:10.953-0400][1.940s] GC(3) Pause Cleanup
[2022-10-03T10:00:10.953-0400][1.940s] GC(3) Pause Cleanup 26M->26M(512M) 0.147ms
[2022-10-03T10:00:10.953-0400][1.940s] GC(3) User=0.00s Sys=0.00s Real=0.00s
[2022-10-03T10:00:10.953-0400][1.940s] GC(3) Concurrent Cleanup for Next Mark
[2022-10-03T10:00:10.954-0400][1.941s] GC(3) Concurrent Cleanup for Next Mark 0.745ms
[2022-10-03T10:00:10.954-0400][1.941s] GC(3) Concurrent Mark Cycle 16.655ms
[2022-10-03T10:00:12.229-0400][3.216s] GC(4) Pause Young (Prepare Mixed) (Metadata GC Threshold)
[2022-10-03T10:00:12.229-0400][3.216s] GC(4) Using 8 workers of 8 for evacuation
[2022-10-03T10:00:12.234-0400][3.221s] GC(4)   Pre Evacuate Collection Set: 0.1ms
[2022-10-03T10:00:12.234-0400][3.221s] GC(4)   Merge Heap Roots: 0.2ms
[2022-10-03T10:00:12.234-0400][3.221s] GC(4)   Evacuate Collection Set: 3.7ms
[2022-10-03T10:00:12.234-0400][3.221s] GC(4)   Post Evacuate Collection Set: 0.9ms
[2022-10-03T10:00:12.234-0400][3.221s] GC(4)   Other: 0.1ms
[2022-10-03T10:00:12.234-0400][3.221s] GC(4) Eden regions: 82->0(8)
[2022-10-03T10:00:12.234-0400][3.221s] GC(4) Survivor regions: 7->17(33)
[2022-10-03T10:00:12.234-0400][3.221s] GC(4) Old regions: 14->14
[2022-10-03T10:00:12.234-0400][3.221s] GC(4) Archive regions: 2->2
[2022-10-03T10:00:12.234-0400][3.221s] GC(4) Humongous regions: 7->5
[2022-10-03T10:00:12.234-0400][3.221s] GC(4) Metaspace: 35964K(36288K)->35964K(36288K) NonClass: 31790K(31936K)->31790K(31936K) Class: 4173K(4352K)->4173K(4352K)
[2022-10-03T10:00:12.234-0400][3.222s] GC(4) Pause Young (Prepare Mixed) (Metadata GC Threshold) 109M->36M(512M) 5.235ms
[2022-10-03T10:00:12.234-0400][3.222s] GC(4) User=0.03s Sys=0.00s Real=0.01s
[2022-10-03T10:00:12.254-0400][3.241s] GC(5) Pause Young (Mixed) (Metadata GC Threshold)
[2022-10-03T10:00:12.254-0400][3.241s] GC(5) Using 8 workers of 8 for evacuation
[2022-10-03T10:00:12.259-0400][3.247s] GC(5)   Pre Evacuate Collection Set: 0.2ms
[2022-10-03T10:00:12.260-0400][3.247s] GC(5)   Merge Heap Roots: 0.1ms
[2022-10-03T10:00:12.260-0400][3.247s] GC(5)   Evacuate Collection Set: 4.3ms
[2022-10-03T10:00:12.260-0400][3.247s] GC(5)   Post Evacuate Collection Set: 0.6ms
[2022-10-03T10:00:12.260-0400][3.247s] GC(5)   Other: 0.1ms
[2022-10-03T10:00:12.260-0400][3.247s] GC(5) Eden regions: 2->0(306)
[2022-10-03T10:00:12.260-0400][3.247s] GC(5) Survivor regions: 17->1(4)
[2022-10-03T10:00:12.260-0400][3.247s] GC(5) Old regions: 14->30
[2022-10-03T10:00:12.260-0400][3.247s] GC(5) Archive regions: 2->2
[2022-10-03T10:00:12.260-0400][3.247s] GC(5) Humongous regions: 5->5
[2022-10-03T10:00:12.260-0400][3.247s] GC(5) Metaspace: 36203K(36608K)->36203K(36608K) NonClass: 31997K(32192K)->31997K(32192K) Class: 4206K(4416K)->4206K(4416K)
[2022-10-03T10:00:12.260-0400][3.247s] GC(5) Pause Young (Mixed) (Metadata GC Threshold) 38M->36M(512M) 5.597ms
[2022-10-03T10:00:12.260-0400][3.247s] GC(5) User=0.02s Sys=0.00s Real=0.01s
[2022-10-03T10:00:12.302-0400][3.289s] GC(6) Pause Young (Concurrent Start) (Metadata GC Threshold)
[2022-10-03T10:00:12.302-0400][3.289s] GC(6) Using 8 workers of 8 for evacuation
[2022-10-03T10:00:12.303-0400][3.291s] GC(6)   Pre Evacuate Collection Set: 0.2ms
[2022-10-03T10:00:12.303-0400][3.291s] GC(6)   Merge Heap Roots: 0.0ms
[2022-10-03T10:00:12.303-0400][3.291s] GC(6)   Evacuate Collection Set: 0.6ms
[2022-10-03T10:00:12.303-0400][3.291s] GC(6)   Post Evacuate Collection Set: 0.3ms
[2022-10-03T10:00:12.303-0400][3.291s] GC(6)   Other: 0.1ms
[2022-10-03T10:00:12.303-0400][3.291s] GC(6) Eden regions: 3->0(306)
[2022-10-03T10:00:12.303-0400][3.291s] GC(6) Survivor regions: 1->1(39)
[2022-10-03T10:00:12.303-0400][3.291s] GC(6) Old regions: 30->30
[2022-10-03T10:00:12.303-0400][3.291s] GC(6) Archive regions: 2->2
[2022-10-03T10:00:12.304-0400][3.291s] GC(6) Humongous regions: 5->5
[2022-10-03T10:00:12.304-0400][3.291s] GC(6) Metaspace: 36586K(36928K)->36586K(36928K) NonClass: 32334K(32512K)->32334K(32512K) Class: 4251K(4416K)->4251K(4416K)
[2022-10-03T10:00:12.304-0400][3.291s] GC(6) Pause Young (Concurrent Start) (Metadata GC Threshold) 38M->35M(512M) 1.569ms
[2022-10-03T10:00:12.304-0400][3.291s] GC(6) User=0.01s Sys=0.01s Real=0.00s
[2022-10-03T10:00:12.304-0400][3.291s] GC(7) Concurrent Mark Cycle
[2022-10-03T10:00:12.304-0400][3.291s] GC(7) Concurrent Clear Claimed Marks
[2022-10-03T10:00:12.304-0400][3.291s] GC(7) Concurrent Clear Claimed Marks 0.015ms
[2022-10-03T10:00:12.304-0400][3.291s] GC(7) Concurrent Scan Root Regions
[2022-10-03T10:00:12.304-0400][3.291s] GC(7) Concurrent Scan Root Regions 0.426ms
[2022-10-03T10:00:12.304-0400][3.291s] GC(7) Concurrent Mark
[2022-10-03T10:00:12.304-0400][3.291s] GC(7) Concurrent Mark From Roots
[2022-10-03T10:00:12.304-0400][3.291s] GC(7) Using 2 workers of 2 for marking
[2022-10-03T10:00:12.318-0400][3.305s] GC(7) Concurrent Mark From Roots 13.564ms
[2022-10-03T10:00:12.318-0400][3.305s] GC(7) Concurrent Preclean
[2022-10-03T10:00:12.318-0400][3.305s] GC(7) Concurrent Preclean 0.057ms
[2022-10-03T10:00:12.318-0400][3.305s] GC(7) Pause Remark
[2022-10-03T10:00:12.320-0400][3.307s] GC(7) Pause Remark 37M->37M(512M) 1.910ms
[2022-10-03T10:00:12.320-0400][3.307s] GC(7) User=0.01s Sys=0.00s Real=0.01s
[2022-10-03T10:00:12.320-0400][3.307s] GC(7) Concurrent Mark 15.957ms
[2022-10-03T10:00:12.320-0400][3.307s] GC(7) Concurrent Rebuild Remembered Sets
[2022-10-03T10:00:12.328-0400][3.315s] GC(7) Concurrent Rebuild Remembered Sets 8.026ms
[2022-10-03T10:00:12.328-0400][3.315s] GC(7) Pause Cleanup
[2022-10-03T10:00:12.328-0400][3.316s] GC(7) Pause Cleanup 37M->37M(512M) 0.151ms
[2022-10-03T10:00:12.328-0400][3.316s] GC(7) User=0.00s Sys=0.00s Real=0.00s
[2022-10-03T10:00:12.329-0400][3.316s] GC(7) Concurrent Cleanup for Next Mark
[2022-10-03T10:00:12.329-0400][3.317s] GC(7) Concurrent Cleanup for Next Mark 0.781ms
[2022-10-03T10:00:12.329-0400][3.317s] GC(7) Concurrent Mark Cycle 25.814ms
[2022-10-03T10:03:27.985-0400][198.972s] Heap
[2022-10-03T10:03:27.985-0400][198.973s]  garbage-first heap   total 524288K, used 289880K [0x00000007e0000000, 0x0000000800000000)
[2022-10-03T10:03:27.985-0400][198.973s]   region size 1024K, 246 young (251904K), 1 survivors (1024K)
[2022-10-03T10:03:27.985-0400][198.973s]  Metaspace       used 54663K, committed 55168K, reserved 1114112K
[2022-10-03T10:03:27.985-0400][198.973s]   class space    used 6456K, committed 6720K, reserved 1048576K
